Archive member included to satisfy reference by file (symbol)

c:/ac6/systemworkbench/plugins/fr.ac6.mcu.externaltools.arm-none.win32_1.17.0.201812190825/tools/compiler/bin/../lib/gcc/arm-none-eabi/7.3.1/../../../../arm-none-eabi/lib/thumb/v7-m\libm.a(lib_a-w_log.o)
                              Src/LTC6804.o (log)
c:/ac6/systemworkbench/plugins/fr.ac6.mcu.externaltools.arm-none.win32_1.17.0.201812190825/tools/compiler/bin/../lib/gcc/arm-none-eabi/7.3.1/../../../../arm-none-eabi/lib/thumb/v7-m\libm.a(lib_a-e_log.o)
                              c:/ac6/systemworkbench/plugins/fr.ac6.mcu.externaltools.arm-none.win32_1.17.0.201812190825/tools/compiler/bin/../lib/gcc/arm-none-eabi/7.3.1/../../../../arm-none-eabi/lib/thumb/v7-m\libm.a(lib_a-w_log.o) (__ieee754_log)
c:/ac6/systemworkbench/plugins/fr.ac6.mcu.externaltools.arm-none.win32_1.17.0.201812190825/tools/compiler/bin/../lib/gcc/arm-none-eabi/7.3.1/../../../../arm-none-eabi/lib/thumb/v7-m\libm.a(lib_a-s_lib_ver.o)
                              c:/ac6/systemworkbench/plugins/fr.ac6.mcu.externaltools.arm-none.win32_1.17.0.201812190825/tools/compiler/bin/../lib/gcc/arm-none-eabi/7.3.1/../../../../arm-none-eabi/lib/thumb/v7-m\libm.a(lib_a-w_log.o) (__fdlib_version)
c:/ac6/systemworkbench/plugins/fr.ac6.mcu.externaltools.arm-none.win32_1.17.0.201812190825/tools/compiler/bin/../lib/gcc/arm-none-eabi/7.3.1/../../../../arm-none-eabi/lib/thumb/v7-m\libm.a(lib_a-s_matherr.o)
                              c:/ac6/systemworkbench/plugins/fr.ac6.mcu.externaltools.arm-none.win32_1.17.0.201812190825/tools/compiler/bin/../lib/gcc/arm-none-eabi/7.3.1/../../../../arm-none-eabi/lib/thumb/v7-m\libm.a(lib_a-w_log.o) (matherr)
c:/ac6/systemworkbench/plugins/fr.ac6.mcu.externaltools.arm-none.win32_1.17.0.201812190825/tools/compiler/bin/../lib/gcc/arm-none-eabi/7.3.1/../../../../arm-none-eabi/lib/thumb/v7-m\libm.a(lib_a-s_nan.o)
                              c:/ac6/systemworkbench/plugins/fr.ac6.mcu.externaltools.arm-none.win32_1.17.0.201812190825/tools/compiler/bin/../lib/gcc/arm-none-eabi/7.3.1/../../../../arm-none-eabi/lib/thumb/v7-m\libm.a(lib_a-w_log.o) (nan)
c:/ac6/systemworkbench/plugins/fr.ac6.mcu.externaltools.arm-none.win32_1.17.0.201812190825/tools/compiler/bin/../lib/gcc/arm-none-eabi/7.3.1/thumb/v7-m\libgcc.a(_arm_addsubdf3.o)
                              Src/LTC6804.o (__aeabi_dsub)
c:/ac6/systemworkbench/plugins/fr.ac6.mcu.externaltools.arm-none.win32_1.17.0.201812190825/tools/compiler/bin/../lib/gcc/arm-none-eabi/7.3.1/thumb/v7-m\libgcc.a(_arm_muldivdf3.o)
                              Src/LTC6804.o (__aeabi_dmul)
c:/ac6/systemworkbench/plugins/fr.ac6.mcu.externaltools.arm-none.win32_1.17.0.201812190825/tools/compiler/bin/../lib/gcc/arm-none-eabi/7.3.1/thumb/v7-m\libgcc.a(_arm_cmpdf2.o)
                              c:/ac6/systemworkbench/plugins/fr.ac6.mcu.externaltools.arm-none.win32_1.17.0.201812190825/tools/compiler/bin/../lib/gcc/arm-none-eabi/7.3.1/../../../../arm-none-eabi/lib/thumb/v7-m\libm.a(lib_a-w_log.o) (__aeabi_dcmpeq)
c:/ac6/systemworkbench/plugins/fr.ac6.mcu.externaltools.arm-none.win32_1.17.0.201812190825/tools/compiler/bin/../lib/gcc/arm-none-eabi/7.3.1/thumb/v7-m\libgcc.a(_arm_unorddf2.o)
                              c:/ac6/systemworkbench/plugins/fr.ac6.mcu.externaltools.arm-none.win32_1.17.0.201812190825/tools/compiler/bin/../lib/gcc/arm-none-eabi/7.3.1/../../../../arm-none-eabi/lib/thumb/v7-m\libm.a(lib_a-w_log.o) (__aeabi_dcmpun)
c:/ac6/systemworkbench/plugins/fr.ac6.mcu.externaltools.arm-none.win32_1.17.0.201812190825/tools/compiler/bin/../lib/gcc/arm-none-eabi/7.3.1/thumb/v7-m\libgcc.a(_arm_fixunsdfsi.o)
                              Src/LTC6804.o (__aeabi_d2uiz)
c:/ac6/systemworkbench/plugins/fr.ac6.mcu.externaltools.arm-none.win32_1.17.0.201812190825/tools/compiler/bin/../lib/gcc/arm-none-eabi/7.3.1/thumb/v7-m\libgcc.a(_arm_addsubsf3.o)
                              Src/main.o (__aeabi_fsub)
c:/ac6/systemworkbench/plugins/fr.ac6.mcu.externaltools.arm-none.win32_1.17.0.201812190825/tools/compiler/bin/../lib/gcc/arm-none-eabi/7.3.1/thumb/v7-m\libgcc.a(_arm_muldivsf3.o)
                              Src/main.o (__aeabi_fmul)
c:/ac6/systemworkbench/plugins/fr.ac6.mcu.externaltools.arm-none.win32_1.17.0.201812190825/tools/compiler/bin/../lib/gcc/arm-none-eabi/7.3.1/thumb/v7-m\libgcc.a(_arm_cmpsf2.o)
                              Src/BMS.o (__aeabi_fcmplt)
c:/ac6/systemworkbench/plugins/fr.ac6.mcu.externaltools.arm-none.win32_1.17.0.201812190825/tools/compiler/bin/../lib/gcc/arm-none-eabi/7.3.1/thumb/v7-m\libgcc.a(_arm_fixsfsi.o)
                              Src/BMS.o (__aeabi_f2iz)
c:/ac6/systemworkbench/plugins/fr.ac6.mcu.externaltools.arm-none.win32_1.17.0.201812190825/tools/compiler/bin/../lib/gcc/arm-none-eabi/7.3.1/thumb/v7-m\libgcc.a(_arm_fixunssfsi.o)
                              Src/BMS.o (__aeabi_f2uiz)
[...]
Memory Configuration

Name             Origin             Length             Attributes
RAM              0x20000000         0x00005000         xrw
FLASH            0x08000000         0x00010000         xr
*default*        0x00000000         0xffffffff

Linker script and memory map

LOAD c:/ac6/systemworkbench/plugins/fr.ac6.mcu.externaltools.arm-none.win32_1.17.0.201812190825/tools/compiler/bin/../lib/gcc/arm-none-eabi/7.3.1/thumb/v7-m/crti.o
LOAD c:/ac6/systemworkbench/plugins/fr.ac6.mcu.externaltools.arm-none.win32_1.17.0.201812190825/tools/compiler/bin/../lib/gcc/arm-none-eabi/7.3.1/thumb/v7-m/crtbegin.o
LOAD c:/ac6/systemworkbench/plugins/fr.ac6.mcu.externaltools.arm-none.win32_1.17.0.201812190825/tools/compiler/bin/../lib/gcc/arm-none-eabi/7.3.1/../../../../arm-none-eabi/lib/thumb/v7-m/crt0.o
LOAD Drivers/STM32F1xx_HAL_Driver/Src/stm32f1xx_hal.o
LOAD Drivers/STM32F1xx_HAL_Driver/Src/stm32f1xx_hal_adc.o
LOAD Drivers/STM32F1xx_HAL_Driver/Src/stm32f1xx_hal_adc_ex.o
LOAD Drivers/STM32F1xx_HAL_Driver/Src/stm32f1xx_hal_can.o
LOAD Drivers/STM32F1xx_HAL_Driver/Src/stm32f1xx_hal_cortex.o
LOAD Drivers/STM32F1xx_HAL_Driver/Src/stm32f1xx_hal_dma.o
LOAD Drivers/STM32F1xx_HAL_Driver/Src/stm32f1xx_hal_flash.o
LOAD Drivers/STM32F1xx_HAL_Driver/Src/stm32f1xx_hal_flash_ex.o
LOAD Drivers/STM32F1xx_HAL_Driver/Src/stm32f1xx_hal_gpio.o
LOAD Drivers/STM32F1xx_HAL_Driver/Src/stm32f1xx_hal_gpio_ex.o
LOAD Drivers/STM32F1xx_HAL_Driver/Src/stm32f1xx_hal_pwr.o
LOAD Drivers/STM32F1xx_HAL_Driver/Src/stm32f1xx_hal_rcc.o
LOAD Drivers/STM32F1xx_HAL_Driver/Src/stm32f1xx_hal_rcc_ex.o
LOAD Drivers/STM32F1xx_HAL_Driver/Src/stm32f1xx_hal_spi.o
LOAD Drivers/STM32F1xx_HAL_Driver/Src/stm32f1xx_hal_spi_ex.o
LOAD Drivers/STM32F1xx_HAL_Driver/Src/stm32f1xx_hal_tim.o
LOAD Drivers/STM32F1xx_HAL_Driver/Src/stm32f1xx_hal_tim_ex.o
LOAD Drivers/STM32F1xx_HAL_Driver/Src/stm32f1xx_hal_uart.o
LOAD Src/BMS.o
LOAD Src/DHAB_s125.o
LOAD Src/DMA_USART.o
LOAD Src/LTC6804.o
LOAD Src/adc.o
LOAD Src/can.o
LOAD Src/dma.o
LOAD Src/dwt_stm32_delay.o
LOAD Src/eeprom.o
LOAD Src/flash.o
LOAD Src/gpio.o
LOAD Src/main.o
LOAD Src/nextion.o
LOAD Src/nextion_functions.o
LOAD Src/spi.o
LOAD Src/stm32f1xx_hal_msp.o
LOAD Src/stm32f1xx_it.o
LOAD Src/system_stm32f1xx.o
LOAD Src/tim.o
LOAD Src/usart.o
LOAD startup/startup_stm32f103xb.o
LOAD c:/ac6/systemworkbench/plugins/fr.ac6.mcu.externaltools.arm-none.win32_1.17.0.201812190825/tools/compiler/bin/../lib/gcc/arm-none-eabi/7.3.1/../../../../arm-none-eabi/lib/thumb/v7-m\libm.a
START GROUP
LOAD c:/ac6/systemworkbench/plugins/fr.ac6.mcu.externaltools.arm-none.win32_1.17.0.201812190825/tools/compiler/bin/../lib/gcc/arm-none-eabi/7.3.1/thumb/v7-m\libgcc.a
LOAD c:/ac6/systemworkbench/plugins/fr.ac6.mcu.externaltools.arm-none.win32_1.17.0.201812190825/tools/compiler/bin/../lib/gcc/arm-none-eabi/7.3.1/../../../../arm-none-eabi/lib/thumb/v7-m\libc_nano.a
END GROUP
START GROUP
LOAD c:/ac6/systemworkbench/plugins/fr.ac6.mcu.externaltools.arm-none.win32_1.17.0.201812190825/tools/compiler/bin/../lib/gcc/arm-none-eabi/7.3.1/thumb/v7-m\libgcc.a
LOAD c:/ac6/systemworkbench/plugins/fr.ac6.mcu.externaltools.arm-none.win32_1.17.0.201812190825/tools/compiler/bin/../lib/gcc/arm-none-eabi/7.3.1/../../../../arm-none-eabi/lib/thumb/v7-m\libc_nano.a
LOAD c:/ac6/systemworkbench/plugins/fr.ac6.mcu.externaltools.arm-none.win32_1.17.0.201812190825/tools/compiler/bin/../lib/gcc/arm-none-eabi/7.3.1/../../../../arm-none-eabi/lib/thumb/v7-m\libnosys.a
END GROUP
START GROUP
LOAD c:/ac6/systemworkbench/plugins/fr.ac6.mcu.externaltools.arm-none.win32_1.17.0.201812190825/tools/compiler/bin/../lib/gcc/arm-none-eabi/7.3.1/thumb/v7-m\libgcc.a
LOAD c:/ac6/systemworkbench/plugins/fr.ac6.mcu.externaltools.arm-none.win32_1.17.0.201812190825/tools/compiler/bin/../lib/gcc/arm-none-eabi/7.3.1/../../../../arm-none-eabi/lib/thumb/v7-m\libc_nano.a
LOAD c:/ac6/systemworkbench/plugins/fr.ac6.mcu.externaltools.arm-none.win32_1.17.0.201812190825/tools/compiler/bin/../lib/gcc/arm-none-eabi/7.3.1/../../../../arm-none-eabi/lib/thumb/v7-m\libnosys.a
END GROUP
LOAD c:/ac6/systemworkbench/plugins/fr.ac6.mcu.externaltools.arm-none.win32_1.17.0.201812190825/tools/compiler/bin/../lib/gcc/arm-none-eabi/7.3.1/thumb/v7-m/crtend.o
LOAD c:/ac6/systemworkbench/plugins/fr.ac6.mcu.externaltools.arm-none.win32_1.17.0.201812190825/tools/compiler/bin/../lib/gcc/arm-none-eabi/7.3.1/thumb/v7-m/crtn.o
                0x20005000                _estack = 0x20005000
                0x00000200                _Min_Heap_Size = 0x200
                0x00000400                _Min_Stack_Size = 0x400

.isr_vector     0x08000000      0x10c
                0x08000000                . = ALIGN (0x4)
 *(.isr_vector)
 .isr_vector    0x08000000      0x10c startup/startup_stm32f103xb.o
                0x08000000                g_pfnVectors
                0x0800010c                . = ALIGN (0x4)

.text           0x08000110     0x68f8
                0x08000110                . = ALIGN (0x4)
 *(.text)
 .text          0x08000110       0x40 c:/ac6/systemworkbench/plugins/fr.ac6.mcu.externaltools.arm-none.win32_1.17.0.201812190825/tools/compiler/bin/../lib/gcc/arm-none-eabi/7.3.1/thumb/v7-m/crtbegin.o
 .text          0x08000150      0x378 c:/ac6/systemworkbench/plugins/fr.ac6.mcu.externaltools.arm-none.win32_1.17.0.201812190825/tools/compiler/bin/../lib/gcc/arm-none-eabi/7.3.1/thumb/v7-m\libgcc.a(_arm_addsubdf3.o)
                0x08000150                __aeabi_drsub
                0x08000158                __aeabi_dsub
                0x08000158                __subdf3
                0x0800015c                __aeabi_dadd
                0x0800015c                __adddf3
                0x080003d4                __floatunsidf
                0x080003d4                __aeabi_ui2d
                0x080003f4                __floatsidf
                0x080003f4                __aeabi_i2d
                0x08000418                __aeabi_f2d
                0x08000418                __extendsfdf2
                0x0800045c                __floatundidf
                0x0800045c                __aeabi_ul2d
                0x0800046c                __floatdidf
                0x0800046c                __aeabi_l2d
 .text          0x080004c8      0x424 c:/ac6/systemworkbench/plugins/fr.ac6.mcu.externaltools.arm-none.win32_1.17.0.201812190825/tools/compiler/bin/../lib/gcc/arm-none-eabi/7.3.1/thumb/v7-m\libgcc.a(_arm_muldivdf3.o)
                0x080004c8                __aeabi_dmul
                0x080004c8                __muldf3
                0x0800071c                __divdf3
                0x0800071c                __aeabi_ddiv
 .text          0x080008ec      0x110 c:/ac6/systemworkbench/plugins/fr.ac6.mcu.externaltools.arm-none.win32_1.17.0.201812190825/tools/compiler/bin/../lib/gcc/arm-none-eabi/7.3.1/thumb/v7-m\libgcc.a(_arm_cmpdf2.o)
                0x080008ec                __gtdf2
                0x080008ec                __gedf2
                0x080008f4                __ltdf2
                0x080008f4                __ledf2
                0x080008fc                __nedf2
                0x080008fc                __eqdf2
                0x080008fc                __cmpdf2
                0x08000978                __aeabi_cdrcmple
                0x08000988                __aeabi_cdcmpeq
                0x08000988                __aeabi_cdcmple
                0x08000998                __aeabi_dcmpeq
                0x080009ac                __aeabi_dcmplt
                0x080009c0                __aeabi_dcmple
                0x080009d4                __aeabi_dcmpge
                0x080009e8                __aeabi_dcmpgt
 .text          0x080009fc       0x2c c:/ac6/systemworkbench/plugins/fr.ac6.mcu.externaltools.arm-none.win32_1.17.0.201812190825/tools/compiler/bin/../lib/gcc/arm-none-eabi/7.3.1/thumb/v7-m\libgcc.a(_arm_unorddf2.o)
                0x080009fc                __unorddf2
                0x080009fc                __aeabi_dcmpun
 .text          0x08000a28       0x40 c:/ac6/systemworkbench/plugins/fr.ac6.mcu.externaltools.arm-none.win32_1.17.0.201812190825/tools/compiler/bin/../lib/gcc/arm-none-eabi/7.3.1/thumb/v7-m\libgcc.a(_arm_fixunsdfsi.o)
                0x08000a28                __aeabi_d2uiz
                0x08000a28                __fixunsdfsi
 .text          0x08000a68      0x21c c:/ac6/systemworkbench/plugins/fr.ac6.mcu.externaltools.arm-none.win32_1.17.0.201812190825/tools/compiler/bin/../lib/gcc/arm-none-eabi/7.3.1/thumb/v7-m\libgcc.a(_arm_addsubsf3.o)
                0x08000a68                __aeabi_frsub
                0x08000a70                __subsf3
                0x08000a70                __aeabi_fsub
                0x08000a74                __aeabi_fadd
                0x08000a74                __addsf3
                0x08000bd4                __aeabi_ui2f
                0x08000bd4                __floatunsisf
                0x08000bdc                __aeabi_i2f
                0x08000bdc                __floatsisf
                0x08000bf8                __aeabi_ul2f
                0x08000bf8                __floatundisf
                0x08000c08                __aeabi_l2f
                0x08000c08                __floatdisf
 .text          0x08000c84      0x2a0 c:/ac6/systemworkbench/plugins/fr.ac6.mcu.externaltools.arm-none.win32_1.17.0.201812190825/tools/compiler/bin/../lib/gcc/arm-none-eabi/7.3.1/thumb/v7-m\libgcc.a(_arm_muldivsf3.o)
                0x08000c84                __mulsf3
                0x08000c84                __aeabi_fmul
                0x08000dec                __aeabi_fdiv
                0x08000dec                __divsf3
 .text          0x08000f24       0xec c:/ac6/systemworkbench/plugins/fr.ac6.mcu.externaltools.arm-none.win32_1.17.0.201812190825/tools/compiler/bin/../lib/gcc/arm-none-eabi/7.3.1/thumb/v7-m\libgcc.a(_arm_cmpsf2.o)
                0x08000f24                __gesf2
                0x08000f24                __gtsf2
                0x08000f2c                __lesf2
                0x08000f2c                __ltsf2
                0x08000f34                __nesf2
                0x08000f34                __eqsf2
                0x08000f34                __cmpsf2
                0x08000f94                __aeabi_cfrcmple
                0x08000f9c                __aeabi_cfcmpeq
                0x08000f9c                __aeabi_cfcmple
                0x08000fac                __aeabi_fcmpeq
                0x08000fc0                __aeabi_fcmplt
                0x08000fd4                __aeabi_fcmple
                0x08000fe8                __aeabi_fcmpge
                0x08000ffc                __aeabi_fcmpgt
 .text          0x08001010       0x4c c:/ac6/systemworkbench/plugins/fr.ac6.mcu.externaltools.arm-none.win32_1.17.0.201812190825/tools/compiler/bin/../lib/gcc/arm-none-eabi/7.3.1/thumb/v7-m\libgcc.a(_arm_fixsfsi.o)
                0x08001010                __aeabi_f2iz
                0x08001010                __fixsfsi
 .text          0x0800105c       0x40 c:/ac6/systemworkbench/plugins/fr.ac6.mcu.externaltools.arm-none.win32_1.17.0.201812190825/tools/compiler/bin/../lib/gcc/arm-none-eabi/7.3.1/thumb/v7-m\libgcc.a(_arm_fixunssfsi.o)
                0x0800105c                __fixunssfsi
                0x0800105c                __aeabi_f2uiz
 .text          0x0800109c       0x10 c:/ac6/systemworkbench/plugins/fr.ac6.mcu.externaltools.arm-none.win32_1.17.0.201812190825/tools/compiler/bin/../lib/gcc/arm-none-eabi/7.3.1/../../../../arm-none-eabi/lib/thumb/v7-m\libc_nano.a(lib_a-strlen.o)
                0x0800109c                strlen
 *(.text*)
 .text.HAL_InitTick
                0x080010ac       0x48 Drivers/STM32F1xx_HAL_Driver/Src/stm32f1xx_hal.o
                0x080010ac                HAL_InitTick
 .text.HAL_Init
                0x080010f4       0x24 Drivers/STM32F1xx_HAL_Driver/Src/stm32f1xx_hal.o
                0x080010f4                HAL_Init
 .text.HAL_IncTick
                0x08001118       0x18 Drivers/STM32F1xx_HAL_Driver/Src/stm32f1xx_hal.o
                0x08001118                HAL_IncTick
 .text.HAL_GetTick
                0x08001130        0xc Drivers/STM32F1xx_HAL_Driver/Src/stm32f1xx_hal.o
                0x08001130                HAL_GetTick
 .text.HAL_Delay
                0x0800113c       0x28 Drivers/STM32F1xx_HAL_Driver/Src/stm32f1xx_hal.o
                0x0800113c                HAL_Delay
 .text.ADC_DMAConvCplt
                0x08001164       0x52 Drivers/STM32F1xx_HAL_Driver/Src/stm32f1xx_hal_adc.o
                0x08001164                ADC_DMAConvCplt
 .text.HAL_ADC_ConvHalfCpltCallback
                0x080011b6        0x2 Drivers/STM32F1xx_HAL_Driver/Src/stm32f1xx_hal_adc.o
                0x080011b6                HAL_ADC_ConvHalfCpltCallback
 .text.ADC_DMAHalfConvCplt
                0x080011b8        0xa Drivers/STM32F1xx_HAL_Driver/Src/stm32f1xx_hal_adc.o
                0x080011b8                ADC_DMAHalfConvCplt
 .text.HAL_ADC_LevelOutOfWindowCallback
                0x080011c2        0x2 Drivers/STM32F1xx_HAL_Driver/Src/stm32f1xx_hal_adc.o
                0x080011c2                HAL_ADC_LevelOutOfWindowCallback
 .text.HAL_ADC_IRQHandler
                0x080011c4      0x10c Drivers/STM32F1xx_HAL_Driver/Src/stm32f1xx_hal_adc.o
                0x080011c4                HAL_ADC_IRQHandler
 .text.HAL_ADC_ErrorCallback
                0x080012d0        0x2 Drivers/STM32F1xx_HAL_Driver/Src/stm32f1xx_hal_adc.o
                0x080012d0                HAL_ADC_ErrorCallback
 .text.ADC_DMAError
                0x080012d2       0x1a Drivers/STM32F1xx_HAL_Driver/Src/stm32f1xx_hal_adc.o
                0x080012d2                ADC_DMAError
 .text.HAL_ADC_ConfigChannel
                0x080012ec      0x138 Drivers/STM32F1xx_HAL_Driver/Src/stm32f1xx_hal_adc.o
                0x080012ec                HAL_ADC_ConfigChannel
 .text.ADC_Enable
                0x08001424       0x80 Drivers/STM32F1xx_HAL_Driver/Src/stm32f1xx_hal_adc.o
                0x08001424                ADC_Enable
 .text.HAL_ADC_Start_DMA
                0x080014a4      0x130 Drivers/STM32F1xx_HAL_Driver/Src/stm32f1xx_hal_adc.o
                0x080014a4                HAL_ADC_Start_DMA
 .text.ADC_ConversionStop_Disable
                0x080015d4       0x4c Drivers/STM32F1xx_HAL_Driver/Src/stm32f1xx_hal_adc.o
                0x080015d4                ADC_ConversionStop_Disable
 .text.HAL_ADC_Init
                0x08001620      0x110 Drivers/STM32F1xx_HAL_Driver/Src/stm32f1xx_hal_adc.o
                0x08001620                HAL_ADC_Init
 .text.HAL_ADCEx_InjectedConvCpltCallback
                0x08001730        0x2 Drivers/STM32F1xx_HAL_Driver/Src/stm32f1xx_hal_adc_ex.o
                0x08001730                HAL_ADCEx_InjectedConvCpltCallback
 .text.HAL_CAN_ConfigFilter
                0x08001732      0x106 Drivers/STM32F1xx_HAL_Driver/Src/stm32f1xx_hal_can.o
                0x08001732                HAL_CAN_ConfigFilter
 .text.HAL_CAN_Init
                0x08001838      0x136 Drivers/STM32F1xx_HAL_Driver/Src/stm32f1xx_hal_can.o
                0x08001838                HAL_CAN_Init
 .text.HAL_CAN_Transmit_IT
                0x0800196e      0x15e Drivers/STM32F1xx_HAL_Driver/Src/stm32f1xx_hal_can.o
                0x0800196e                HAL_CAN_Transmit_IT
 .text.HAL_CAN_Receive_IT
                0x08001acc      0x128 Drivers/STM32F1xx_HAL_Driver/Src/stm32f1xx_hal_can.o
                0x08001acc                HAL_CAN_Receive_IT
 .text.HAL_CAN_TxCpltCallback
                0x08001bf4        0x2 Drivers/STM32F1xx_HAL_Driver/Src/stm32f1xx_hal_can.o
                0x08001bf4                HAL_CAN_TxCpltCallback
 .text.CAN_Transmit_IT
                0x08001bf6       0x5a Drivers/STM32F1xx_HAL_Driver/Src/stm32f1xx_hal_can.o
 .text.HAL_CAN_RxCpltCallback
                0x08001c50        0x2 Drivers/STM32F1xx_HAL_Driver/Src/stm32f1xx_hal_can.o
                0x08001c50                HAL_CAN_RxCpltCallback
 .text.CAN_Receive_IT
                0x08001c52      0x170 Drivers/STM32F1xx_HAL_Driver/Src/stm32f1xx_hal_can.o
 *fill*         0x08001dc2        0x2 
 .text.HAL_CAN_IRQHandler
                0x08001dc4      0x1fc Drivers/STM32F1xx_HAL_Driver/Src/stm32f1xx_hal_can.o
                0x08001dc4                HAL_CAN_IRQHandler
 .text.HAL_NVIC_SetPriorityGrouping
                0x08001fc0       0x24 Drivers/STM32F1xx_HAL_Driver/Src/stm32f1xx_hal_cortex.o
                0x08001fc0                HAL_NVIC_SetPriorityGrouping
 .text.HAL_NVIC_SetPriority
                0x08001fe4       0x68 Drivers/STM32F1xx_HAL_Driver/Src/stm32f1xx_hal_cortex.o
                0x08001fe4                HAL_NVIC_SetPriority
 .text.HAL_NVIC_EnableIRQ
                0x0800204c       0x18 Drivers/STM32F1xx_HAL_Driver/Src/stm32f1xx_hal_cortex.o
                0x0800204c                HAL_NVIC_EnableIRQ
 .text.HAL_SYSTICK_Config
                0x08002064       0x2c Drivers/STM32F1xx_HAL_Driver/Src/stm32f1xx_hal_cortex.o
                0x08002064                HAL_SYSTICK_Config
 .text.HAL_SYSTICK_CLKSourceConfig
                0x08002090       0x20 Drivers/STM32F1xx_HAL_Driver/Src/stm32f1xx_hal_cortex.o
                0x08002090                HAL_SYSTICK_CLKSourceConfig
 .text.HAL_SYSTICK_Callback
                0x080020b0        0x2 Drivers/STM32F1xx_HAL_Driver/Src/stm32f1xx_hal_cortex.o
                0x080020b0                HAL_SYSTICK_Callback
 .text.HAL_SYSTICK_IRQHandler
                0x080020b2        0x8 Drivers/STM32F1xx_HAL_Driver/Src/stm32f1xx_hal_cortex.o
                0x080020b2                HAL_SYSTICK_IRQHandler
 .text.DMA_SetConfig
                0x080020ba       0x2c Drivers/STM32F1xx_HAL_Driver/Src/stm32f1xx_hal_dma.o
 *fill*         0x080020e6        0x2 
 .text.HAL_DMA_Init
                0x080020e8       0x78 Drivers/STM32F1xx_HAL_Driver/Src/stm32f1xx_hal_dma.o
                0x080020e8                HAL_DMA_Init
 .text.HAL_DMA_Start_IT
                0x08002160       0x74 Drivers/STM32F1xx_HAL_Driver/Src/stm32f1xx_hal_dma.o
                0x08002160                HAL_DMA_Start_IT
 .text.HAL_DMA_IRQHandler
                0x080021d4      0x144 Drivers/STM32F1xx_HAL_Driver/Src/stm32f1xx_hal_dma.o
                0x080021d4                HAL_DMA_IRQHandler
 .text.FLASH_SetErrorCode
                0x08002318       0x74 Drivers/STM32F1xx_HAL_Driver/Src/stm32f1xx_hal_flash.o
 .text.HAL_FLASH_Unlock
                0x0800238c       0x34 Drivers/STM32F1xx_HAL_Driver/Src/stm32f1xx_hal_flash.o
                0x0800238c                HAL_FLASH_Unlock
 .text.FLASH_WaitForLastOperation
                0x080023c0       0x6c Drivers/STM32F1xx_HAL_Driver/Src/stm32f1xx_hal_flash.o
                0x080023c0                FLASH_WaitForLastOperation
 .text.HAL_GPIO_Init
                0x0800242c      0x1d4 Drivers/STM32F1xx_HAL_Driver/Src/stm32f1xx_hal_gpio.o
                0x0800242c                HAL_GPIO_Init
 .text.HAL_GPIO_ReadPin
                0x08002600        0xe Drivers/STM32F1xx_HAL_Driver/Src/stm32f1xx_hal_gpio.o
                0x08002600                HAL_GPIO_ReadPin
 .text.HAL_GPIO_WritePin
                0x0800260e        0xc Drivers/STM32F1xx_HAL_Driver/Src/stm32f1xx_hal_gpio.o
                0x0800260e                HAL_GPIO_WritePin
 .text.HAL_GPIO_EXTI_Callback
                0x0800261a        0x2 Drivers/STM32F1xx_HAL_Driver/Src/stm32f1xx_hal_gpio.o
                0x0800261a                HAL_GPIO_EXTI_Callback
 .text.HAL_GPIO_EXTI_IRQHandler
                0x0800261c       0x1c Drivers/STM32F1xx_HAL_Driver/Src/stm32f1xx_hal_gpio.o
                0x0800261c                HAL_GPIO_EXTI_IRQHandler
 .text.RCC_Delay
                0x08002638       0x2c Drivers/STM32F1xx_HAL_Driver/Src/stm32f1xx_hal_rcc.o
 .text.HAL_RCC_OscConfig
                0x08002664      0x3dc Drivers/STM32F1xx_HAL_Driver/Src/stm32f1xx_hal_rcc.o
                0x08002664                HAL_RCC_OscConfig
 .text.HAL_RCC_GetSysClockFreq
                0x08002a40       0x70 Drivers/STM32F1xx_HAL_Driver/Src/stm32f1xx_hal_rcc.o
                0x08002a40                HAL_RCC_GetSysClockFreq
 .text.HAL_RCC_ClockConfig
                0x08002ab0      0x178 Drivers/STM32F1xx_HAL_Driver/Src/stm32f1xx_hal_rcc.o
                0x08002ab0                HAL_RCC_ClockConfig
 .text.HAL_RCC_GetHCLKFreq
                0x08002c28        0xc Drivers/STM32F1xx_HAL_Driver/Src/stm32f1xx_hal_rcc.o
                0x08002c28                HAL_RCC_GetHCLKFreq
 .text.HAL_RCC_GetPCLK1Freq
                0x08002c34       0x20 Drivers/STM32F1xx_HAL_Driver/Src/stm32f1xx_hal_rcc.o
                0x08002c34                HAL_RCC_GetPCLK1Freq
 .text.HAL_RCC_GetPCLK2Freq
                0x08002c54       0x20 Drivers/STM32F1xx_HAL_Driver/Src/stm32f1xx_hal_rcc.o
                0x08002c54                HAL_RCC_GetPCLK2Freq
 .text.HAL_RCCEx_PeriphCLKConfig
                0x08002c74      0x114 Drivers/STM32F1xx_HAL_Driver/Src/stm32f1xx_hal_rcc_ex.o
                0x08002c74                HAL_RCCEx_PeriphCLKConfig
 .text.SPI_WaitFlagStateUntilTimeout
                0x08002d88       0x96 Drivers/STM32F1xx_HAL_Driver/Src/stm32f1xx_hal_spi.o
 .text.SPI_CheckFlag_BSY
                0x08002e1e       0x28 Drivers/STM32F1xx_HAL_Driver/Src/stm32f1xx_hal_spi.o
 .text.HAL_SPI_TransmitReceive
                0x08002e46      0x238 Drivers/STM32F1xx_HAL_Driver/Src/stm32f1xx_hal_spi.o
                0x08002e46                HAL_SPI_TransmitReceive
 .text.HAL_SPI_Init
                0x0800307e       0x82 Drivers/STM32F1xx_HAL_Driver/Src/stm32f1xx_hal_spi_ex.o
                0x0800307e                HAL_SPI_Init
 .text.TIM_TI1_ConfigInputStage
                0x08003100       0x24 Drivers/STM32F1xx_HAL_Driver/Src/stm32f1xx_hal_tim.o
 .text.TIM_TI2_ConfigInputStage
                0x08003124       0x26 Drivers/STM32F1xx_HAL_Driver/Src/stm32f1xx_hal_tim.o
 .text.TIM_ITRx_SetConfig
                0x0800314a       0x10 Drivers/STM32F1xx_HAL_Driver/Src/stm32f1xx_hal_tim.o
 .text.TIM_ETR_SetConfig
                0x0800315a       0x16 Drivers/STM32F1xx_HAL_Driver/Src/stm32f1xx_hal_tim.o
 .text.HAL_TIM_Base_Start_IT
                0x08003170       0x18 Drivers/STM32F1xx_HAL_Driver/Src/stm32f1xx_hal_tim.o
                0x08003170                HAL_TIM_Base_Start_IT
 .text.HAL_TIM_ConfigClockSource
                0x08003188      0x108 Drivers/STM32F1xx_HAL_Driver/Src/stm32f1xx_hal_tim.o
                0x08003188                HAL_TIM_ConfigClockSource
 .text.HAL_TIM_PeriodElapsedCallback
                0x08003290        0x2 Drivers/STM32F1xx_HAL_Driver/Src/stm32f1xx_hal_tim.o
                0x08003290                HAL_TIM_PeriodElapsedCallback
 .text.HAL_TIM_OC_DelayElapsedCallback
                0x08003292        0x2 Drivers/STM32F1xx_HAL_Driver/Src/stm32f1xx_hal_tim.o
                0x08003292                HAL_TIM_OC_DelayElapsedCallback
 .text.HAL_TIM_IC_CaptureCallback
                0x08003294        0x2 Drivers/STM32F1xx_HAL_Driver/Src/stm32f1xx_hal_tim.o
                0x08003294                HAL_TIM_IC_CaptureCallback
 .text.HAL_TIM_PWM_PulseFinishedCallback
                0x08003296        0x2 Drivers/STM32F1xx_HAL_Driver/Src/stm32f1xx_hal_tim.o
                0x08003296                HAL_TIM_PWM_PulseFinishedCallback
 .text.HAL_TIM_TriggerCallback
                0x08003298        0x2 Drivers/STM32F1xx_HAL_Driver/Src/stm32f1xx_hal_tim.o
                0x08003298                HAL_TIM_TriggerCallback
 .text.HAL_TIM_IRQHandler
                0x0800329a      0x17a Drivers/STM32F1xx_HAL_Driver/Src/stm32f1xx_hal_tim.o
                0x0800329a                HAL_TIM_IRQHandler
 .text.TIM_Base_SetConfig
                0x08003414       0x74 Drivers/STM32F1xx_HAL_Driver/Src/stm32f1xx_hal_tim.o
                0x08003414                TIM_Base_SetConfig
 .text.HAL_TIM_Base_Init
                0x08003488       0x32 Drivers/STM32F1xx_HAL_Driver/Src/stm32f1xx_hal_tim.o
                0x08003488                HAL_TIM_Base_Init
 .text.HAL_TIMEx_MasterConfigSynchronization
                0x080034ba       0x52 Drivers/STM32F1xx_HAL_Driver/Src/stm32f1xx_hal_tim_ex.o
                0x080034ba                HAL_TIMEx_MasterConfigSynchronization
 .text.HAL_TIMEx_CommutationCallback
                0x0800350c        0x2 Drivers/STM32F1xx_HAL_Driver/Src/stm32f1xx_hal_tim_ex.o
                0x0800350c                HAL_TIMEx_CommutationCallback
 .text.HAL_TIMEx_BreakCallback
                0x0800350e        0x2 Drivers/STM32F1xx_HAL_Driver/Src/stm32f1xx_hal_tim_ex.o
                0x0800350e                HAL_TIMEx_BreakCallback
 .text.UART_SetConfig
                0x08003510      0x1ac Drivers/STM32F1xx_HAL_Driver/Src/stm32f1xx_hal_uart.o
 .text.UART_WaitOnFlagUntilTimeout
                0x080036bc       0x62 Drivers/STM32F1xx_HAL_Driver/Src/stm32f1xx_hal_uart.o
 .text.HAL_UART_Init
                0x0800371e       0x5e Drivers/STM32F1xx_HAL_Driver/Src/stm32f1xx_hal_uart.o
                0x0800371e                HAL_UART_Init
 .text.HAL_HalfDuplex_Init
                0x0800377c       0x6a Drivers/STM32F1xx_HAL_Driver/Src/stm32f1xx_hal_uart.o
                0x0800377c                HAL_HalfDuplex_Init
 .text.HAL_UART_Transmit
                0x080037e6       0xe0 Drivers/STM32F1xx_HAL_Driver/Src/stm32f1xx_hal_uart.o
                0x080037e6                HAL_UART_Transmit
 .text.HAL_UART_Receive
                0x080038c6       0xe4 Drivers/STM32F1xx_HAL_Driver/Src/stm32f1xx_hal_uart.o
                0x080038c6                HAL_UART_Receive
 .text.BMS_init
                0x080039aa       0x5a Src/BMS.o
                0x080039aa                BMS_init
 .text.BMS_monitoring
                0x08003a04      0x17c Src/BMS.o
                0x08003a04                BMS_monitoring
 .text.BMS_error
                0x08003b80      0x19c Src/BMS.o
                0x08003b80                BMS_error
 .text.can_buf  0x08003d1c       0x22 Src/BMS.o
                0x08003d1c                can_buf
 *fill*         0x08003d3e        0x2 
 .text.BMS_can  0x08003d40      0x1d4 Src/BMS.o
                0x08003d40                BMS_can
 .text.DMA_IrqHandler
                0x08003f14       0xb4 Src/DMA_USART.o
                0x08003f14                DMA_IrqHandler
 .text.USART_IrqHandler
                0x08003fc8       0x32 Src/DMA_USART.o
                0x08003fc8                USART_IrqHandler
 *fill*         0x08003ffa        0x6 
 .text.LTC_T_convert
                0x08004000       0xb0 Src/LTC6804.o
 .text.LTC_pec  0x080040b0       0x44 Src/LTC6804.o
                0x080040b0                LTC_pec
 .text.LTC_pec2
                0x080040f4       0x70 Src/LTC6804.o
                0x080040f4                LTC_pec2
 .text.LTC_CS   0x08004164       0x3c Src/LTC6804.o
                0x08004164                LTC_CS
 .text.LTC6804_spi
                0x080041a0       0x34 Src/LTC6804.o
                0x080041a0                LTC6804_spi
 .text.LTC_transmit_recieve
                0x080041d4       0xc2 Src/LTC6804.o
                0x080041d4                LTC_transmit_recieve
 .text.LTC_make_command
                0x08004296       0xa0 Src/LTC6804.o
                0x08004296                LTC_make_command
 *fill*         0x08004336        0x2 
 .text.LTC_send_command
                0x08004338      0x1cc Src/LTC6804.o
                0x08004338                LTC_send_command
 .text.LTC_init
                0x08004504       0x4c Src/LTC6804.o
                0x08004504                LTC_init
 .text.LTC_read
                0x08004550      0x12c Src/LTC6804.o
                0x08004550                LTC_read
 .text.MX_ADC1_Init
                0x0800467c       0xdc Src/adc.o
                0x0800467c                MX_ADC1_Init
 .text.HAL_ADC_MspInit
                0x08004758       0x9c Src/adc.o
                0x08004758                HAL_ADC_MspInit
 .text.initRxMes
                0x080047f4       0x22 Src/can.o
 *fill*         0x08004816        0x2 
 .text.MX_CAN_Init
                0x08004818       0x48 Src/can.o
                0x08004818                MX_CAN_Init
 .text.HAL_CAN_MspInit
                0x08004860       0x7c Src/can.o
                0x08004860                HAL_CAN_MspInit
 .text.CAN_Config_Filter
                0x080048dc       0x48 Src/can.o
                0x080048dc                CAN_Config_Filter
 .text.CAN_Config_Frames
                0x08004924       0x34 Src/can.o
                0x08004924                CAN_Config_Frames
 .text.CAN_Receive_IT
                0x08004958       0x20 Src/can.o
                0x08004958                CAN_Receive_IT
 .text.CAN_Transmit
                0x08004978       0x2c Src/can.o
                0x08004978                CAN_Transmit
 .text.HAL_CAN_ErrorCallback
                0x080049a4       0x30 Src/can.o
                0x080049a4                HAL_CAN_ErrorCallback
 .text.MX_DMA_Init
                0x080049d4       0x44 Src/dma.o
                0x080049d4                MX_DMA_Init
 .text.DWT_Delay_Init
                0x08004a18       0x44 Src/dwt_stm32_delay.o
                0x08004a18                DWT_Delay_Init
 .text.EE_FindValidPage
                0x08004a5c       0x50 Src/eeprom.o
 .text.EE_VerifyPageFullWriteVariable
                0x08004aac       0x54 Src/eeprom.o
 .text.EE_Format
                0x08004b00       0x34 Src/eeprom.o
 .text.EE_ReadVariable
                0x08004b34       0x44 Src/eeprom.o
                0x08004b34                EE_ReadVariable
 .text.EE_Init  0x08004b78      0x184 Src/eeprom.o
                0x08004b78                EE_Init
 .text.FLASH_ErasePage
                0x08004cfc       0x4c Src/flash.o
                0x08004cfc                FLASH_ErasePage
 .text.FLASH_ProgramHalfWord
                0x08004d48       0x40 Src/flash.o
                0x08004d48                FLASH_ProgramHalfWord
 .text.MX_GPIO_Init
                0x08004d88      0x130 Src/gpio.o
                0x08004d88                MX_GPIO_Init
 .text.filter   0x08004eb8       0x1c Src/main.o
                0x08004eb8                filter
 .text.HAL_ADC_ConvCpltCallback
                0x08004ed4       0xb4 Src/main.o
                0x08004ed4                HAL_ADC_ConvCpltCallback
 .text._Error_Handler
                0x08004f88        0x2 Src/main.o
                0x08004f88                _Error_Handler
 *fill*         0x08004f8a        0x2 
 .text.SystemClock_Config
                0x08004f8c       0xa4 Src/main.o
                0x08004f8c                SystemClock_Config
 .text.main     0x08005030       0xd0 Src/main.o
                0x08005030                main
 .text.sendCommand
                0x08005100       0x40 Src/nextion.o
                0x08005100                sendCommand
 .text.recvRetCommandFinished
                0x08005140       0x54 Src/nextion.o
                0x08005140                recvRetCommandFinished
 .text.NexPageShow
                0x08005194       0x2c Src/nextion.o
                0x08005194                NexPageShow
 .text.NexScrollingTextSetText
                0x080051c0       0x50 Src/nextion.o
                0x080051c0                NexScrollingTextSetText
 .text.NexScrollingTextSetPic
                0x08005210       0x30 Src/nextion.o
                0x08005210                NexScrollingTextSetPic
 .text.NexPictureSetPic
                0x08005240       0x30 Src/nextion.o
                0x08005240                NexPictureSetPic
 .text.NexNumberSetValue
                0x08005270       0x30 Src/nextion.o
                0x08005270                NexNumberSetValue
 .text.NexXfloatSetValue
                0x080052a0       0x30 Src/nextion.o
                0x080052a0                NexXfloatSetValue
 .text.NexProgressBarSetValue
                0x080052d0       0x30 Src/nextion.o
                0x080052d0                NexProgressBarSetValue
 .text.NexVariableSetValue
                0x08005300       0x30 Src/nextion.o
                0x08005300                NexVariableSetValue
 .text.uart3MessageReceived
                0x08005330       0x60 Src/nextion_functions.o
                0x08005330                uart3MessageReceived
 .text.nexLoop  0x08005390      0x2ec Src/nextion_functions.o
                0x08005390                nexLoop
 .text.MX_SPI1_Init
                0x0800567c       0x50 Src/spi.o
                0x0800567c                MX_SPI1_Init
 .text.HAL_SPI_MspInit
                0x080056cc       0x58 Src/spi.o
                0x080056cc                HAL_SPI_MspInit
 .text.HAL_MspInit
                0x08005724       0xa0 Src/stm32f1xx_hal_msp.o
                0x08005724                HAL_MspInit
 .text.NVIC_SystemReset
                0x080057c4       0x24 Src/stm32f1xx_it.o
 .text.NMI_Handler
                0x080057e8        0x2 Src/stm32f1xx_it.o
                0x080057e8                NMI_Handler
 .text.HardFault_Handler
                0x080057ea        0x6 Src/stm32f1xx_it.o
                0x080057ea                HardFault_Handler
 .text.MemManage_Handler
                0x080057f0        0x6 Src/stm32f1xx_it.o
                0x080057f0                MemManage_Handler
 .text.BusFault_Handler
                0x080057f6        0x6 Src/stm32f1xx_it.o
                0x080057f6                BusFault_Handler
 .text.UsageFault_Handler
                0x080057fc        0x6 Src/stm32f1xx_it.o
                0x080057fc                UsageFault_Handler
 .text.SVC_Handler
                0x08005802        0x2 Src/stm32f1xx_it.o
                0x08005802                SVC_Handler
 .text.DebugMon_Handler
                0x08005804        0x2 Src/stm32f1xx_it.o
                0x08005804                DebugMon_Handler
 .text.PendSV_Handler
                0x08005806        0x2 Src/stm32f1xx_it.o
                0x08005806                PendSV_Handler
 .text.SysTick_Handler
                0x08005808        0xc Src/stm32f1xx_it.o
                0x08005808                SysTick_Handler
 .text.DMA1_Channel1_IRQHandler
                0x08005814       0x10 Src/stm32f1xx_it.o
                0x08005814                DMA1_Channel1_IRQHandler
 .text.DMA1_Channel3_IRQHandler
                0x08005824       0x14 Src/stm32f1xx_it.o
                0x08005824                DMA1_Channel3_IRQHandler
 .text.ADC1_2_IRQHandler
                0x08005838       0x10 Src/stm32f1xx_it.o
                0x08005838                ADC1_2_IRQHandler
 .text.USB_HP_CAN1_TX_IRQHandler
                0x08005848       0x10 Src/stm32f1xx_it.o
                0x08005848                USB_HP_CAN1_TX_IRQHandler
 .text.USB_LP_CAN1_RX0_IRQHandler
                0x08005858       0x14 Src/stm32f1xx_it.o
                0x08005858                USB_LP_CAN1_RX0_IRQHandler
 .text.EXTI9_5_IRQHandler
                0x0800586c        0xc Src/stm32f1xx_it.o
                0x0800586c                EXTI9_5_IRQHandler
 .text.TIM3_IRQHandler
                0x08005878       0x10 Src/stm32f1xx_it.o
                0x08005878                TIM3_IRQHandler
 .text.TIM4_IRQHandler
                0x08005888       0x10 Src/stm32f1xx_it.o
                0x08005888                TIM4_IRQHandler
 .text.USART3_IRQHandler
                0x08005898       0x18 Src/stm32f1xx_it.o
                0x08005898                USART3_IRQHandler
 .text.EXTI15_10_IRQHandler
                0x080058b0        0xc Src/stm32f1xx_it.o
                0x080058b0                EXTI15_10_IRQHandler
 .text.SystemInit
                0x080058bc       0x4c Src/system_stm32f1xx.o
                0x080058bc                SystemInit
 .text.MX_TIM3_Init
                0x08005908       0x78 Src/tim.o
                0x08005908                MX_TIM3_Init
 .text.MX_TIM4_Init
                0x08005980       0x74 Src/tim.o
                0x08005980                MX_TIM4_Init
 .text.HAL_TIM_Base_MspInit
                0x080059f4       0x70 Src/tim.o
                0x080059f4                HAL_TIM_Base_MspInit
 .text.MX_USART1_UART_Init
                0x08005a64       0x3c Src/usart.o
                0x08005a64                MX_USART1_UART_Init
 .text.MX_USART3_UART_Init
                0x08005aa0       0x3c Src/usart.o
                0x08005aa0                MX_USART3_UART_Init
 .text.HAL_UART_MspInit
                0x08005adc       0xe8 Src/usart.o
                0x08005adc                HAL_UART_MspInit
 .text.sendString
                0x08005bc4       0x6c Src/usart.o
                0x08005bc4                sendString
 .text.Reset_Handler
                0x08005c30       0x48 startup/startup_stm32f103xb.o
                0x08005c30                Reset_Handler
 .text.Default_Handler
                0x08005c78        0x2 startup/startup_stm32f103xb.o
                0x08005c78                RTC_Alarm_IRQHandler
                0x08005c78                EXTI2_IRQHandler
                0x08005c78                TIM1_CC_IRQHandler
                0x08005c78                PVD_IRQHandler
                0x08005c78                EXTI3_IRQHandler
                0x08005c78                EXTI0_IRQHandler
                0x08005c78                I2C2_EV_IRQHandler
                0x08005c78                SPI1_IRQHandler
                0x08005c78                TAMPER_IRQHandler
                0x08005c78                DMA1_Channel4_IRQHandler
                0x08005c78                RTC_IRQHandler
                0x08005c78                DMA1_Channel7_IRQHandler
                0x08005c78                CAN1_RX1_IRQHandler
                0x08005c78                I2C1_EV_IRQHandler
                0x08005c78                DMA1_Channel6_IRQHandler
                0x08005c78                RCC_IRQHandler
                0x08005c78                TIM1_TRG_COM_IRQHandler
                0x08005c78                Default_Handler
                0x08005c78                SPI2_IRQHandler
                0x08005c78                DMA1_Channel5_IRQHandler
                0x08005c78                EXTI4_IRQHandler
                0x08005c78                TIM1_UP_IRQHandler
                0x08005c78                WWDG_IRQHandler
                0x08005c78                TIM2_IRQHandler
                0x08005c78                TIM1_BRK_IRQHandler
                0x08005c78                EXTI1_IRQHandler
                0x08005c78                USART2_IRQHandler
                0x08005c78                I2C2_ER_IRQHandler
                0x08005c78                DMA1_Channel2_IRQHandler
                0x08005c78                CAN1_SCE_IRQHandler
                0x08005c78                FLASH_IRQHandler
                0x08005c78                USART1_IRQHandler
                0x08005c78                I2C1_ER_IRQHandler
                0x08005c78                USBWakeUp_IRQHandler
 *fill*         0x08005c7a        0x2 
 .text.log      0x08005c7c       0xfc c:/ac6/systemworkbench/plugins/fr.ac6.mcu.externaltools.arm-none.win32_1.17.0.201812190825/tools/compiler/bin/../lib/gcc/arm-none-eabi/7.3.1/../../../../arm-none-eabi/lib/thumb/v7-m\libm.a(lib_a-w_log.o)
                0x08005c7c                log
 .text.__ieee754_log
                0x08005d78      0x394 c:/ac6/systemworkbench/plugins/fr.ac6.mcu.externaltools.arm-none.win32_1.17.0.201812190825/tools/compiler/bin/../lib/gcc/arm-none-eabi/7.3.1/../../../../arm-none-eabi/lib/thumb/v7-m\libm.a(lib_a-e_log.o)
                0x08005d78                __ieee754_log
 .text.matherr  0x0800610c        0x4 c:/ac6/systemworkbench/plugins/fr.ac6.mcu.externaltools.arm-none.win32_1.17.0.201812190825/tools/compiler/bin/../lib/gcc/arm-none-eabi/7.3.1/../../../../arm-none-eabi/lib/thumb/v7-m\libm.a(lib_a-s_matherr.o)
                0x0800610c                matherr
 .text.nan      0x08006110        0xc c:/ac6/systemworkbench/plugins/fr.ac6.mcu.externaltools.arm-none.win32_1.17.0.201812190825/tools/compiler/bin/../lib/gcc/arm-none-eabi/7.3.1/../../../../arm-none-eabi/lib/thumb/v7-m\libm.a(lib_a-s_nan.o)
                0x08006110                nan
 .text.calloc   0x0800611c       0x10 c:/ac6/systemworkbench/plugins/fr.ac6.mcu.externaltools.arm-none.win32_1.17.0.201812190825/tools/compiler/bin/../lib/gcc/arm-none-eabi/7.3.1/../../../../arm-none-eabi/lib/thumb/v7-m\libc_nano.a(lib_a-calloc.o)
                0x0800611c                calloc
 .text.__errno  0x0800612c        0xc c:/ac6/systemworkbench/plugins/fr.ac6.mcu.externaltools.arm-none.win32_1.17.0.201812190825/tools/compiler/bin/../lib/gcc/arm-none-eabi/7.3.1/../../../../arm-none-eabi/lib/thumb/v7-m\libc_nano.a(lib_a-errno.o)
                0x0800612c                __errno
 .text.__libc_init_array
                0x08006138       0x48 c:/ac6/systemworkbench/plugins/fr.ac6.mcu.externaltools.arm-none.win32_1.17.0.201812190825/tools/compiler/bin/../lib/gcc/arm-none-eabi/7.3.1/../../../../arm-none-eabi/lib/thumb/v7-m\libc_nano.a(lib_a-init.o)
                0x08006138                __libc_init_array
 .text.memcpy   0x08006180       0x16 c:/ac6/systemworkbench/plugins/fr.ac6.mcu.externaltools.arm-none.win32_1.17.0.201812190825/tools/compiler/bin/../lib/gcc/arm-none-eabi/7.3.1/../../../../arm-none-eabi/lib/thumb/v7-m\libc_nano.a(lib_a-memcpy-stub.o)
                0x08006180                memcpy
 .text.memset   0x08006196       0x10 c:/ac6/systemworkbench/plugins/fr.ac6.mcu.externaltools.arm-none.win32_1.17.0.201812190825/tools/compiler/bin/../lib/gcc/arm-none-eabi/7.3.1/../../../../arm-none-eabi/lib/thumb/v7-m\libc_nano.a(lib_a-memset.o)
                0x08006196                memset
 .text._calloc_r
                0x080061a6       0x1c c:/ac6/systemworkbench/plugins/fr.ac6.mcu.externaltools.arm-none.win32_1.17.0.201812190825/tools/compiler/bin/../lib/gcc/arm-none-eabi/7.3.1/../../../../arm-none-eabi/lib/thumb/v7-m\libc_nano.a(lib_a-nano-callocr.o)
                0x080061a6                _calloc_r
 *fill*         0x080061c2        0x2 
 .text._malloc_r
                0x080061c4       0xb4 c:/ac6/systemworkbench/plugins/fr.ac6.mcu.externaltools.arm-none.win32_1.17.0.201812190825/tools/compiler/bin/../lib/gcc/arm-none-eabi/7.3.1/../../../../arm-none-eabi/lib/thumb/v7-m\libc_nano.a(lib_a-nano-mallocr.o)
                0x080061c4                _malloc_r
 .text._sbrk_r  0x08006278       0x20 c:/ac6/systemworkbench/plugins/fr.ac6.mcu.externaltools.arm-none.win32_1.17.0.201812190825/tools/compiler/bin/../lib/gcc/arm-none-eabi/7.3.1/../../../../arm-none-eabi/lib/thumb/v7-m\libc_nano.a(lib_a-sbrkr.o)
                0x08006278                _sbrk_r
 .text.sprintf  0x08006298       0x40 c:/ac6/systemworkbench/plugins/fr.ac6.mcu.externaltools.arm-none.win32_1.17.0.201812190825/tools/compiler/bin/../lib/gcc/arm-none-eabi/7.3.1/../../../../arm-none-eabi/lib/thumb/v7-m\libc_nano.a(lib_a-sprintf.o)
                0x08006298                siprintf
                0x08006298                sprintf
 .text.__malloc_lock
                0x080062d8        0x2 c:/ac6/systemworkbench/plugins/fr.ac6.mcu.externaltools.arm-none.win32_1.17.0.201812190825/tools/compiler/bin/../lib/gcc/arm-none-eabi/7.3.1/../../../../arm-none-eabi/lib/thumb/v7-m\libc_nano.a(lib_a-mlock.o)
                0x080062d8                __malloc_lock
 .text.__malloc_unlock
                0x080062da        0x2 c:/ac6/systemworkbench/plugins/fr.ac6.mcu.externaltools.arm-none.win32_1.17.0.201812190825/tools/compiler/bin/../lib/gcc/arm-none-eabi/7.3.1/../../../../arm-none-eabi/lib/thumb/v7-m\libc_nano.a(lib_a-mlock.o)
                0x080062da                __malloc_unlock
 .text.__ssputs_r
                0x080062dc       0xb4 c:/ac6/systemworkbench/plugins/fr.ac6.mcu.externaltools.arm-none.win32_1.17.0.201812190825/tools/compiler/bin/../lib/gcc/arm-none-eabi/7.3.1/../../../../arm-none-eabi/lib/thumb/v7-m\libc_nano.a(lib_a-nano-svfprintf.o)
                0x080062dc                __ssputs_r
 .text._svfprintf_r
                0x08006390      0x1f0 c:/ac6/systemworkbench/plugins/fr.ac6.mcu.externaltools.arm-none.win32_1.17.0.201812190825/tools/compiler/bin/../lib/gcc/arm-none-eabi/7.3.1/../../../../arm-none-eabi/lib/thumb/v7-m\libc_nano.a(lib_a-nano-svfprintf.o)
                0x08006390                _svfiprintf_r
                0x08006390                _svfprintf_r
 .text._printf_common
                0x08006580       0xec c:/ac6/systemworkbench/plugins/fr.ac6.mcu.externaltools.arm-none.win32_1.17.0.201812190825/tools/compiler/bin/../lib/gcc/arm-none-eabi/7.3.1/../../../../arm-none-eabi/lib/thumb/v7-m\libc_nano.a(lib_a-nano-vfprintf_i.o)
                0x08006580                _printf_common
 .text._printf_i
                0x0800666c      0x224 c:/ac6/systemworkbench/plugins/fr.ac6.mcu.externaltools.arm-none.win32_1.17.0.201812190825/tools/compiler/bin/../lib/gcc/arm-none-eabi/7.3.1/../../../../arm-none-eabi/lib/thumb/v7-m\libc_nano.a(lib_a-nano-vfprintf_i.o)
                0x0800666c                _printf_i
 .text.memchr   0x08006890       0x1c c:/ac6/systemworkbench/plugins/fr.ac6.mcu.externaltools.arm-none.win32_1.17.0.201812190825/tools/compiler/bin/../lib/gcc/arm-none-eabi/7.3.1/../../../../arm-none-eabi/lib/thumb/v7-m\libc_nano.a(lib_a-memchr-stub.o)
                0x08006890                memchr
 .text.memmove  0x080068ac       0x32 c:/ac6/systemworkbench/plugins/fr.ac6.mcu.externaltools.arm-none.win32_1.17.0.201812190825/tools/compiler/bin/../lib/gcc/arm-none-eabi/7.3.1/../../../../arm-none-eabi/lib/thumb/v7-m\libc_nano.a(lib_a-memmove.o)
                0x080068ac                memmove
 *fill*         0x080068de        0x2 
 .text._free_r  0x080068e0       0x98 c:/ac6/systemworkbench/plugins/fr.ac6.mcu.externaltools.arm-none.win32_1.17.0.201812190825/tools/compiler/bin/../lib/gcc/arm-none-eabi/7.3.1/../../../../arm-none-eabi/lib/thumb/v7-m\libc_nano.a(lib_a-nano-freer.o)
                0x080068e0                _free_r
 .text._realloc_r
                0x08006978       0x4c c:/ac6/systemworkbench/plugins/fr.ac6.mcu.externaltools.arm-none.win32_1.17.0.201812190825/tools/compiler/bin/../lib/gcc/arm-none-eabi/7.3.1/../../../../arm-none-eabi/lib/thumb/v7-m\libc_nano.a(lib_a-nano-reallocr.o)
                0x08006978                _realloc_r
 .text._malloc_usable_size_r
                0x080069c4       0x10 c:/ac6/systemworkbench/plugins/fr.ac6.mcu.externaltools.arm-none.win32_1.17.0.201812190825/tools/compiler/bin/../lib/gcc/arm-none-eabi/7.3.1/../../../../arm-none-eabi/lib/thumb/v7-m\libc_nano.a(lib_a-nano-msizer.o)
                0x080069c4                _malloc_usable_size_r
 .text._sbrk    0x080069d4       0x1c c:/ac6/systemworkbench/plugins/fr.ac6.mcu.externaltools.arm-none.win32_1.17.0.201812190825/tools/compiler/bin/../lib/gcc/arm-none-eabi/7.3.1/../../../../arm-none-eabi/lib/thumb/v7-m\libnosys.a(sbrk.o)
                0x080069d4                _sbrk
 *(.glue_7)
 .glue_7        0x080069f0        0x0 linker stubs
 *(.glue_7t)
 .glue_7t       0x080069f0        0x0 linker stubs
 *(.eh_frame)
 .eh_frame      0x080069f0        0x0 c:/ac6/systemworkbench/plugins/fr.ac6.mcu.externaltools.arm-none.win32_1.17.0.201812190825/tools/compiler/bin/../lib/gcc/arm-none-eabi/7.3.1/thumb/v7-m/crtbegin.o
 *(.init)
 .init          0x080069f0        0x4 c:/ac6/systemworkbench/plugins/fr.ac6.mcu.externaltools.arm-none.win32_1.17.0.201812190825/tools/compiler/bin/../lib/gcc/arm-none-eabi/7.3.1/thumb/v7-m/crti.o
                0x080069f0                _init
 .init          0x080069f4        0x8 c:/ac6/systemworkbench/plugins/fr.ac6.mcu.externaltools.arm-none.win32_1.17.0.201812190825/tools/compiler/bin/../lib/gcc/arm-none-eabi/7.3.1/thumb/v7-m/crtn.o
 *(.fini)
 .fini          0x080069fc        0x4 c:/ac6/systemworkbench/plugins/fr.ac6.mcu.externaltools.arm-none.win32_1.17.0.201812190825/tools/compiler/bin/../lib/gcc/arm-none-eabi/7.3.1/thumb/v7-m/crti.o
                0x080069fc                _fini
 .fini          0x08006a00        0x8 c:/ac6/systemworkbench/plugins/fr.ac6.mcu.externaltools.arm-none.win32_1.17.0.201812190825/tools/compiler/bin/../lib/gcc/arm-none-eabi/7.3.1/thumb/v7-m/crtn.o
                0x08006a08                . = ALIGN (0x4)
                0x08006a08                _etext = .

.vfp11_veneer   0x08006a08        0x0
 .vfp11_veneer  0x08006a08        0x0 linker stubs

.v4_bx          0x08006a08        0x0
 .v4_bx         0x08006a08        0x0 linker stubs

.iplt           0x08006a08        0x0
 .iplt          0x08006a08        0x0 c:/ac6/systemworkbench/plugins/fr.ac6.mcu.externaltools.arm-none.win32_1.17.0.201812190825/tools/compiler/bin/../lib/gcc/arm-none-eabi/7.3.1/thumb/v7-m/crtbegin.o

.rodata         0x08006a08      0x36c
                0x08006a08                . = ALIGN (0x4)
 *(.rodata)
 .rodata        0x08006a08       0x12 Drivers/STM32F1xx_HAL_Driver/Src/stm32f1xx_hal_rcc.o
 *fill*         0x08006a1a        0x2 
 .rodata        0x08006a1c       0x50 Src/BMS.o
 .rodata        0x08006a6c       0x20 Src/main.o
 .rodata        0x08006a8c       0x18 Src/system_stm32f1xx.o
                0x08006a8c                AHBPrescTable
                0x08006a9c                APBPrescTable
 *(.rodata*)
 .rodata.str1.4
                0x08006aa4        0xd Src/adc.o
 *fill*         0x08006ab1        0x3 
 .rodata.str1.4
                0x08006ab4        0xd Src/can.o
 *fill*         0x08006ac1        0x3 
 .rodata.str1.4
                0x08006ac4        0xe Src/main.o
 *fill*         0x08006ad2        0x2 
 .rodata.str1.4
                0x08006ad4      0x172 Src/nextion.o
                                0x176 (size before relaxing)
 *fill*         0x08006c46        0x2 
 .rodata.str1.4
                0x08006c48       0x58 Src/nextion_functions.o
 .rodata.str1.4
                0x08006ca0        0xd Src/spi.o
 *fill*         0x08006cad        0x3 
 .rodata.str1.4
                0x08006cb0        0xd Src/tim.o
 *fill*         0x08006cbd        0x3 
 .rodata.str1.4
                0x08006cc0       0x7a Src/usart.o
 *fill*         0x08006d3a        0x2 
 .rodata.log.str1.4
                0x08006d3c        0x4 c:/ac6/systemworkbench/plugins/fr.ac6.mcu.externaltools.arm-none.win32_1.17.0.201812190825/tools/compiler/bin/../lib/gcc/arm-none-eabi/7.3.1/../../../../arm-none-eabi/lib/thumb/v7-m\libm.a(lib_a-w_log.o)
                                  0x5 (size before relaxing)
 .rodata._svfprintf_r.str1.1
                0x08006d40       0x11 c:/ac6/systemworkbench/plugins/fr.ac6.mcu.externaltools.arm-none.win32_1.17.0.201812190825/tools/compiler/bin/../lib/gcc/arm-none-eabi/7.3.1/../../../../arm-none-eabi/lib/thumb/v7-m\libc_nano.a(lib_a-nano-svfprintf.o)
 .rodata._printf_i.str1.1
                0x08006d51       0x22 c:/ac6/systemworkbench/plugins/fr.ac6.mcu.externaltools.arm-none.win32_1.17.0.201812190825/tools/compiler/bin/../lib/gcc/arm-none-eabi/7.3.1/../../../../arm-none-eabi/lib/thumb/v7-m\libc_nano.a(lib_a-nano-vfprintf_i.o)
                0x08006d74                . = ALIGN (0x4)
 *fill*         0x08006d73        0x1 

.rel.dyn        0x08006d74        0x0
 .rel.iplt      0x08006d74        0x0 c:/ac6/systemworkbench/plugins/fr.ac6.mcu.externaltools.arm-none.win32_1.17.0.201812190825/tools/compiler/bin/../lib/gcc/arm-none-eabi/7.3.1/thumb/v7-m/crtbegin.o

.ARM.extab
 *(.ARM.extab* .gnu.linkonce.armextab.*)

.ARM            0x08006d74        0x0
                0x08006d74                __exidx_start = .
 *(.ARM.exidx*)
                0x08006d74                __exidx_end = .

.preinit_array  0x08006d74        0x0
                0x08006d74                PROVIDE (__preinit_array_start = .)
 *(.preinit_array*)
                0x08006d74                PROVIDE (__preinit_array_end = .)

.init_array     0x08006d74        0x4
                0x08006d74                PROVIDE (__init_array_start = .)
 *(SORT_BY_NAME(.init_array.*))
 *(.init_array*)
 .init_array    0x08006d74        0x4 c:/ac6/systemworkbench/plugins/fr.ac6.mcu.externaltools.arm-none.win32_1.17.0.201812190825/tools/compiler/bin/../lib/gcc/arm-none-eabi/7.3.1/thumb/v7-m/crtbegin.o
                0x08006d78                PROVIDE (__init_array_end = .)

.fini_array     0x08006d78        0x4
                [!provide]                PROVIDE (__fini_array_start = .)
 *(SORT_BY_NAME(.fini_array.*))
 *(.fini_array*)
 .fini_array    0x08006d78        0x4 c:/ac6/systemworkbench/plugins/fr.ac6.mcu.externaltools.arm-none.win32_1.17.0.201812190825/tools/compiler/bin/../lib/gcc/arm-none-eabi/7.3.1/thumb/v7-m/crtbegin.o
                [!provide]                PROVIDE (__fini_array_end = .)
                0x08006d7c                _sidata = LOADADDR (.data)

.data           0x20000000      0x284 load address 0x08006d7c
                0x20000000                . = ALIGN (0x4)
                0x20000000                _sdata = .
 *(.data)
 .data          0x20000000        0x8 Drivers/STM32F1xx_HAL_Driver/Src/stm32f1xx_hal.o
                0x20000000                uwTickFreq
                0x20000004                uwTickPrio
 .data          0x20000008      0x202 Src/LTC6804.o
                0x20000008                PEC_TABLE
                0x20000208                CRC15_POLY
 *fill*         0x2000020a        0x2 
 .data          0x2000020c        0x6 Src/main.o
                0x2000020c                VirtAddVarTab
 *fill*         0x20000212        0x2 
 .data          0x20000214        0x3 Src/nextion.o
                0x20000214                ENDTERMS
 *fill*         0x20000217        0x1 
 .data          0x20000218        0x4 Src/system_stm32f1xx.o
                0x20000218                SystemCoreClock
 *(.data*)
 .data.__fdlib_version
                0x2000021c        0x1 c:/ac6/systemworkbench/plugins/fr.ac6.mcu.externaltools.arm-none.win32_1.17.0.201812190825/tools/compiler/bin/../lib/gcc/arm-none-eabi/7.3.1/../../../../arm-none-eabi/lib/thumb/v7-m\libm.a(lib_a-s_lib_ver.o)
                0x2000021c                __fdlib_version
 *fill*         0x2000021d        0x3 
 .data._impure_ptr
                0x20000220        0x4 c:/ac6/systemworkbench/plugins/fr.ac6.mcu.externaltools.arm-none.win32_1.17.0.201812190825/tools/compiler/bin/../lib/gcc/arm-none-eabi/7.3.1/../../../../arm-none-eabi/lib/thumb/v7-m\libc_nano.a(lib_a-impure.o)
                0x20000220                _impure_ptr
 .data.impure_data
                0x20000224       0x60 c:/ac6/systemworkbench/plugins/fr.ac6.mcu.externaltools.arm-none.win32_1.17.0.201812190825/tools/compiler/bin/../lib/gcc/arm-none-eabi/7.3.1/../../../../arm-none-eabi/lib/thumb/v7-m\libc_nano.a(lib_a-impure.o)
                0x20000284                . = ALIGN (0x4)
                0x20000284                _edata = .

.igot.plt       0x20000284        0x0 load address 0x08007000
 .igot.plt      0x20000284        0x0 c:/ac6/systemworkbench/plugins/fr.ac6.mcu.externaltools.arm-none.win32_1.17.0.201812190825/tools/compiler/bin/../lib/gcc/arm-none-eabi/7.3.1/thumb/v7-m/crtbegin.o
                0x20000284                . = ALIGN (0x4)

.bss            0x20000288      0x53c load address 0x08007000
                0x20000288                _sbss = .
                0x20000288                __bss_start__ = _sbss
 *(.bss)
 .bss           0x20000288       0x1c c:/ac6/systemworkbench/plugins/fr.ac6.mcu.externaltools.arm-none.win32_1.17.0.201812190825/tools/compiler/bin/../lib/gcc/arm-none-eabi/7.3.1/thumb/v7-m/crtbegin.o
 .bss           0x200002a4        0x5 Src/BMS.o
                0x200002a4                flag
 *fill*         0x200002a9        0x3 
 .bss           0x200002ac       0x40 Src/can.o
 .bss           0x200002ec        0x2 Src/eeprom.o
                0x200002ec                DataVar
 *fill*         0x200002ee        0x2 
 .bss           0x200002f0        0x5 Src/main.o
                0x200002f0                aux
                0x200002f4                mode_button
 *(.bss*)
 *fill*         0x200002f5        0x3 
 .bss.__malloc_free_list
                0x200002f8        0x4 c:/ac6/systemworkbench/plugins/fr.ac6.mcu.externaltools.arm-none.win32_1.17.0.201812190825/tools/compiler/bin/../lib/gcc/arm-none-eabi/7.3.1/../../../../arm-none-eabi/lib/thumb/v7-m\libc_nano.a(lib_a-nano-mallocr.o)
                0x200002f8                __malloc_free_list
 .bss.__malloc_sbrk_start
                0x200002fc        0x4 c:/ac6/systemworkbench/plugins/fr.ac6.mcu.externaltools.arm-none.win32_1.17.0.201812190825/tools/compiler/bin/../lib/gcc/arm-none-eabi/7.3.1/../../../../arm-none-eabi/lib/thumb/v7-m\libc_nano.a(lib_a-nano-mallocr.o)
                0x200002fc                __malloc_sbrk_start
 .bss.heap_end.4102
                0x20000300        0x4 c:/ac6/systemworkbench/plugins/fr.ac6.mcu.externaltools.arm-none.win32_1.17.0.201812190825/tools/compiler/bin/../lib/gcc/arm-none-eabi/7.3.1/../../../../arm-none-eabi/lib/thumb/v7-m\libnosys.a(sbrk.o)
 *(COMMON)
 COMMON         0x20000304        0x4 Drivers/STM32F1xx_HAL_Driver/Src/stm32f1xx_hal.o
                0x20000304                uwTick
 COMMON         0x20000308       0x20 Drivers/STM32F1xx_HAL_Driver/Src/stm32f1xx_hal_flash.o
                0x20000308                pFlash
 COMMON         0x20000328        0x5 Src/BMS.o
                0x20000328                NextError
 *fill*         0x2000032d        0x3 
 COMMON         0x20000330      0x200 Src/DMA_USART.o
                0x20000330                uart_user_message
                0x20000430                DMA_RX_Buffer
 COMMON         0x20000530       0x74 Src/adc.o
                0x20000530                hadc1
                0x20000560                hdma_adc1
 COMMON         0x200005a4       0x54 Src/can.o
                0x200005a4                vetTx
                0x200005ac                hcan
                0x200005f0                idRx
                0x200005f4                vetRx
 COMMON         0x200005f8       0x2c Src/main.o
                0x200005f8                debounce_flag
                0x200005fc                BMS
                0x20000600                HSEStartUpStatus
                0x20000604                adc_time
                0x20000608                actual_page
                0x20000609                accept_flag
                0x2000060a                FlashStatus
                0x2000060b                mode
                0x2000060c                accept_time
                0x2000060d                debounce_time
                0x20000610                ADC_BUF
 COMMON         0x20000624       0x58 Src/spi.o
                0x20000624                hspi1
 COMMON         0x2000067c       0x80 Src/tim.o
                0x2000067c                htim4
                0x200006bc                htim3
 COMMON         0x200006fc       0xc4 Src/usart.o
                0x200006fc                hdma_usart3_rx
                0x20000740                huart3
                0x20000780                huart1
 COMMON         0x200007c0        0x4 c:/ac6/systemworkbench/plugins/fr.ac6.mcu.externaltools.arm-none.win32_1.17.0.201812190825/tools/compiler/bin/../lib/gcc/arm-none-eabi/7.3.1/../../../../arm-none-eabi/lib/thumb/v7-m\libc_nano.a(lib_a-reent.o)
                0x200007c0                errno
                0x200007c4                . = ALIGN (0x4)
                0x200007c4                _ebss = .
                0x200007c4                __bss_end__ = _ebss

._user_heap_stack
                0x200007c4      0x604 load address 0x08007000
                0x200007c8                . = ALIGN (0x8)
 *fill*         0x200007c4        0x4 
                0x200007c8                PROVIDE (end = .)
                [!provide]                PROVIDE (_end = .)
                0x200009c8                . = (. + _Min_Heap_Size)
 *fill*         0x200007c8      0x200 
                0x20000dc8                . = (. + _Min_Stack_Size)
 *fill*         0x200009c8      0x400 
                0x20000dc8                . = ALIGN (0x8)

/DISCARD/
 libc.a(*)
 libm.a(*)
 libgcc.a(*)

.ARM.attributes
                0x00000000       0x29
 *(.ARM.attributes)
 .ARM.attributes
                0x00000000       0x1d c:/ac6/systemworkbench/plugins/fr.ac6.mcu.externaltools.arm-none.win32_1.17.0.201812190825/tools/compiler/bin/../lib/gcc/arm-none-eabi/7.3.1/thumb/v7-m/crti.o
 .ARM.attributes
                0x0000001d       0x2d c:/ac6/systemworkbench/plugins/fr.ac6.mcu.externaltools.arm-none.win32_1.17.0.201812190825/tools/compiler/bin/../lib/gcc/arm-none-eabi/7.3.1/thumb/v7-m/crtbegin.o
 .ARM.attributes
                0x0000004a       0x33 Drivers/STM32F1xx_HAL_Driver/Src/stm32f1xx_hal.o
 .ARM.attributes
                0x0000007d       0x33 Drivers/STM32F1xx_HAL_Driver/Src/stm32f1xx_hal_adc.o
 .ARM.attributes
                0x000000b0       0x33 Drivers/STM32F1xx_HAL_Driver/Src/stm32f1xx_hal_adc_ex.o
 .ARM.attributes
                0x000000e3       0x33 Drivers/STM32F1xx_HAL_Driver/Src/stm32f1xx_hal_can.o
 .ARM.attributes
                0x00000116       0x33 Drivers/STM32F1xx_HAL_Driver/Src/stm32f1xx_hal_cortex.o
 .ARM.attributes
                0x00000149       0x33 Drivers/STM32F1xx_HAL_Driver/Src/stm32f1xx_hal_dma.o
 .ARM.attributes
                0x0000017c       0x33 Drivers/STM32F1xx_HAL_Driver/Src/stm32f1xx_hal_flash.o
 .ARM.attributes
                0x000001af       0x33 Drivers/STM32F1xx_HAL_Driver/Src/stm32f1xx_hal_gpio.o
 .ARM.attributes
                0x000001e2       0x33 Drivers/STM32F1xx_HAL_Driver/Src/stm32f1xx_hal_rcc.o
 .ARM.attributes
                0x00000215       0x33 Drivers/STM32F1xx_HAL_Driver/Src/stm32f1xx_hal_rcc_ex.o
 .ARM.attributes
                0x00000248       0x33 Drivers/STM32F1xx_HAL_Driver/Src/stm32f1xx_hal_spi.o
 .ARM.attributes
                0x0000027b       0x33 Drivers/STM32F1xx_HAL_Driver/Src/stm32f1xx_hal_spi_ex.o
 .ARM.attributes
                0x000002ae       0x33 Drivers/STM32F1xx_HAL_Driver/Src/stm32f1xx_hal_tim.o
 .ARM.attributes
                0x000002e1       0x33 Drivers/STM32F1xx_HAL_Driver/Src/stm32f1xx_hal_tim_ex.o
 .ARM.attributes
                0x00000314       0x33 Drivers/STM32F1xx_HAL_Driver/Src/stm32f1xx_hal_uart.o
 .ARM.attributes
                0x00000347       0x33 Src/BMS.o
 .ARM.attributes
                0x0000037a       0x33 Src/DMA_USART.o
 .ARM.attributes
                0x000003ad       0x33 Src/LTC6804.o
 .ARM.attributes
                0x000003e0       0x33 Src/adc.o
 .ARM.attributes
                0x00000413       0x33 Src/can.o
 .ARM.attributes
                0x00000446       0x33 Src/dma.o
 .ARM.attributes
                0x00000479       0x33 Src/dwt_stm32_delay.o
 .ARM.attributes
                0x000004ac       0x33 Src/eeprom.o
 .ARM.attributes
                0x000004df       0x33 Src/flash.o
 .ARM.attributes
                0x00000512       0x33 Src/gpio.o
 .ARM.attributes
                0x00000545       0x33 Src/main.o
 .ARM.attributes
                0x00000578       0x33 Src/nextion.o
 .ARM.attributes
                0x000005ab       0x33 Src/nextion_functions.o
 .ARM.attributes
                0x000005de       0x33 Src/spi.o
 .ARM.attributes
                0x00000611       0x33 Src/stm32f1xx_hal_msp.o
 .ARM.attributes
                0x00000644       0x33 Src/stm32f1xx_it.o
 .ARM.attributes
                0x00000677       0x33 Src/system_stm32f1xx.o
 .ARM.attributes
                0x000006aa       0x33 Src/tim.o
 .ARM.attributes
                0x000006dd       0x33 Src/usart.o
 .ARM.attributes
                0x00000710       0x21 startup/startup_stm32f103xb.o
 .ARM.attributes
                0x00000731       0x2d c:/ac6/systemworkbench/plugins/fr.ac6.mcu.externaltools.arm-none.win32_1.17.0.201812190825/tools/compiler/bin/../lib/gcc/arm-none-eabi/7.3.1/../../../../arm-none-eabi/lib/thumb/v7-m\libm.a(lib_a-w_log.o)
 .ARM.attributes
                0x0000075e       0x2d c:/ac6/systemworkbench/plugins/fr.ac6.mcu.externaltools.arm-none.win32_1.17.0.201812190825/tools/compiler/bin/../lib/gcc/arm-none-eabi/7.3.1/../../../../arm-none-eabi/lib/thumb/v7-m\libm.a(lib_a-e_log.o)
 .ARM.attributes
                0x0000078b       0x2d c:/ac6/systemworkbench/plugins/fr.ac6.mcu.externaltools.arm-none.win32_1.17.0.201812190825/tools/compiler/bin/../lib/gcc/arm-none-eabi/7.3.1/../../../../arm-none-eabi/lib/thumb/v7-m\libm.a(lib_a-s_lib_ver.o)
 .ARM.attributes
                0x000007b8       0x2d c:/ac6/systemworkbench/plugins/fr.ac6.mcu.externaltools.arm-none.win32_1.17.0.201812190825/tools/compiler/bin/../lib/gcc/arm-none-eabi/7.3.1/../../../../arm-none-eabi/lib/thumb/v7-m\libm.a(lib_a-s_matherr.o)
 .ARM.attributes
                0x000007e5       0x2d c:/ac6/systemworkbench/plugins/fr.ac6.mcu.externaltools.arm-none.win32_1.17.0.201812190825/tools/compiler/bin/../lib/gcc/arm-none-eabi/7.3.1/../../../../arm-none-eabi/lib/thumb/v7-m\libm.a(lib_a-s_nan.o)
 .ARM.attributes
                0x00000812       0x1d c:/ac6/systemworkbench/plugins/fr.ac6.mcu.externaltools.arm-none.win32_1.17.0.201812190825/tools/compiler/bin/../lib/gcc/arm-none-eabi/7.3.1/thumb/v7-m\libgcc.a(_arm_addsubdf3.o)
 .ARM.attributes
                0x0000082f       0x1d c:/ac6/systemworkbench/plugins/fr.ac6.mcu.externaltools.arm-none.win32_1.17.0.201812190825/tools/compiler/bin/../lib/gcc/arm-none-eabi/7.3.1/thumb/v7-m\libgcc.a(_arm_muldivdf3.o)
 .ARM.attributes
                0x0000084c       0x1d c:/ac6/systemworkbench/plugins/fr.ac6.mcu.externaltools.arm-none.win32_1.17.0.201812190825/tools/compiler/bin/../lib/gcc/arm-none-eabi/7.3.1/thumb/v7-m\libgcc.a(_arm_cmpdf2.o)
 .ARM.attributes
                0x00000869       0x1d c:/ac6/systemworkbench/plugins/fr.ac6.mcu.externaltools.arm-none.win32_1.17.0.201812190825/tools/compiler/bin/../lib/gcc/arm-none-eabi/7.3.1/thumb/v7-m\libgcc.a(_arm_unorddf2.o)
 .ARM.attributes
                0x00000886       0x1d c:/ac6/systemworkbench/plugins/fr.ac6.mcu.externaltools.arm-none.win32_1.17.0.201812190825/tools/compiler/bin/../lib/gcc/arm-none-eabi/7.3.1/thumb/v7-m\libgcc.a(_arm_fixunsdfsi.o)
 .ARM.attributes
                0x000008a3       0x1d c:/ac6/systemworkbench/plugins/fr.ac6.mcu.externaltools.arm-none.win32_1.17.0.201812190825/tools/compiler/bin/../lib/gcc/arm-none-eabi/7.3.1/thumb/v7-m\libgcc.a(_arm_addsubsf3.o)
 .ARM.attributes
                0x000008c0       0x1d c:/ac6/systemworkbench/plugins/fr.ac6.mcu.externaltools.arm-none.win32_1.17.0.201812190825/tools/compiler/bin/../lib/gcc/arm-none-eabi/7.3.1/thumb/v7-m\libgcc.a(_arm_muldivsf3.o)
 .ARM.attributes
                0x000008dd       0x1d c:/ac6/systemworkbench/plugins/fr.ac6.mcu.externaltools.arm-none.win32_1.17.0.201812190825/tools/compiler/bin/../lib/gcc/arm-none-eabi/7.3.1/thumb/v7-m\libgcc.a(_arm_cmpsf2.o)
 .ARM.attributes
                0x000008fa       0x1d c:/ac6/systemworkbench/plugins/fr.ac6.mcu.externaltools.arm-none.win32_1.17.0.201812190825/tools/compiler/bin/../lib/gcc/arm-none-eabi/7.3.1/thumb/v7-m\libgcc.a(_arm_fixsfsi.o)
 .ARM.attributes
                0x00000917       0x1d c:/ac6/systemworkbench/plugins/fr.ac6.mcu.externaltools.arm-none.win32_1.17.0.201812190825/tools/compiler/bin/../lib/gcc/arm-none-eabi/7.3.1/thumb/v7-m\libgcc.a(_arm_fixunssfsi.o)
 .ARM.attributes
                0x00000934       0x2d c:/ac6/systemworkbench/plugins/fr.ac6.mcu.externaltools.arm-none.win32_1.17.0.201812190825/tools/compiler/bin/../lib/gcc/arm-none-eabi/7.3.1/../../../../arm-none-eabi/lib/thumb/v7-m\libc_nano.a(lib_a-calloc.o)
 .ARM.attributes
                0x00000961       0x2d c:/ac6/systemworkbench/plugins/fr.ac6.mcu.externaltools.arm-none.win32_1.17.0.201812190825/tools/compiler/bin/../lib/gcc/arm-none-eabi/7.3.1/../../../../arm-none-eabi/lib/thumb/v7-m\libc_nano.a(lib_a-errno.o)
 .ARM.attributes
                0x0000098e       0x2d c:/ac6/systemworkbench/plugins/fr.ac6.mcu.externaltools.arm-none.win32_1.17.0.201812190825/tools/compiler/bin/../lib/gcc/arm-none-eabi/7.3.1/../../../../arm-none-eabi/lib/thumb/v7-m\libc_nano.a(lib_a-impure.o)
 .ARM.attributes
                0x000009bb       0x2d c:/ac6/systemworkbench/plugins/fr.ac6.mcu.externaltools.arm-none.win32_1.17.0.201812190825/tools/compiler/bin/../lib/gcc/arm-none-eabi/7.3.1/../../../../arm-none-eabi/lib/thumb/v7-m\libc_nano.a(lib_a-init.o)
 .ARM.attributes
                0x000009e8       0x2d c:/ac6/systemworkbench/plugins/fr.ac6.mcu.externaltools.arm-none.win32_1.17.0.201812190825/tools/compiler/bin/../lib/gcc/arm-none-eabi/7.3.1/../../../../arm-none-eabi/lib/thumb/v7-m\libc_nano.a(lib_a-memcpy-stub.o)
 .ARM.attributes
                0x00000a15       0x2d c:/ac6/systemworkbench/plugins/fr.ac6.mcu.externaltools.arm-none.win32_1.17.0.201812190825/tools/compiler/bin/../lib/gcc/arm-none-eabi/7.3.1/../../../../arm-none-eabi/lib/thumb/v7-m\libc_nano.a(lib_a-memset.o)
 .ARM.attributes
                0x00000a42       0x2d c:/ac6/systemworkbench/plugins/fr.ac6.mcu.externaltools.arm-none.win32_1.17.0.201812190825/tools/compiler/bin/../lib/gcc/arm-none-eabi/7.3.1/../../../../arm-none-eabi/lib/thumb/v7-m\libc_nano.a(lib_a-nano-callocr.o)
 .ARM.attributes
                0x00000a6f       0x2d c:/ac6/systemworkbench/plugins/fr.ac6.mcu.externaltools.arm-none.win32_1.17.0.201812190825/tools/compiler/bin/../lib/gcc/arm-none-eabi/7.3.1/../../../../arm-none-eabi/lib/thumb/v7-m\libc_nano.a(lib_a-nano-mallocr.o)
 .ARM.attributes
                0x00000a9c       0x2d c:/ac6/systemworkbench/plugins/fr.ac6.mcu.externaltools.arm-none.win32_1.17.0.201812190825/tools/compiler/bin/../lib/gcc/arm-none-eabi/7.3.1/../../../../arm-none-eabi/lib/thumb/v7-m\libc_nano.a(lib_a-sbrkr.o)
 .ARM.attributes
                0x00000ac9       0x2d c:/ac6/systemworkbench/plugins/fr.ac6.mcu.externaltools.arm-none.win32_1.17.0.201812190825/tools/compiler/bin/../lib/gcc/arm-none-eabi/7.3.1/../../../../arm-none-eabi/lib/thumb/v7-m\libc_nano.a(lib_a-sprintf.o)
 .ARM.attributes
                0x00000af6       0x17 c:/ac6/systemworkbench/plugins/fr.ac6.mcu.externaltools.arm-none.win32_1.17.0.201812190825/tools/compiler/bin/../lib/gcc/arm-none-eabi/7.3.1/../../../../arm-none-eabi/lib/thumb/v7-m\libc_nano.a(lib_a-strlen.o)
 .ARM.attributes
                0x00000b0d       0x2d c:/ac6/systemworkbench/plugins/fr.ac6.mcu.externaltools.arm-none.win32_1.17.0.201812190825/tools/compiler/bin/../lib/gcc/arm-none-eabi/7.3.1/../../../../arm-none-eabi/lib/thumb/v7-m\libc_nano.a(lib_a-mlock.o)
 .ARM.attributes
                0x00000b3a       0x2d c:/ac6/systemworkbench/plugins/fr.ac6.mcu.externaltools.arm-none.win32_1.17.0.201812190825/tools/compiler/bin/../lib/gcc/arm-none-eabi/7.3.1/../../../../arm-none-eabi/lib/thumb/v7-m\libc_nano.a(lib_a-nano-svfprintf.o)
 .ARM.attributes
                0x00000b67       0x2d c:/ac6/systemworkbench/plugins/fr.ac6.mcu.externaltools.arm-none.win32_1.17.0.201812190825/tools/compiler/bin/../lib/gcc/arm-none-eabi/7.3.1/../../../../arm-none-eabi/lib/thumb/v7-m\libc_nano.a(lib_a-nano-vfprintf_i.o)
 .ARM.attributes
                0x00000b94       0x2d c:/ac6/systemworkbench/plugins/fr.ac6.mcu.externaltools.arm-none.win32_1.17.0.201812190825/tools/compiler/bin/../lib/gcc/arm-none-eabi/7.3.1/../../../../arm-none-eabi/lib/thumb/v7-m\libc_nano.a(lib_a-reent.o)
 .ARM.attributes
                0x00000bc1       0x2d c:/ac6/systemworkbench/plugins/fr.ac6.mcu.externaltools.arm-none.win32_1.17.0.201812190825/tools/compiler/bin/../lib/gcc/arm-none-eabi/7.3.1/../../../../arm-none-eabi/lib/thumb/v7-m\libc_nano.a(lib_a-memchr-stub.o)
 .ARM.attributes
                0x00000bee       0x2d c:/ac6/systemworkbench/plugins/fr.ac6.mcu.externaltools.arm-none.win32_1.17.0.201812190825/tools/compiler/bin/../lib/gcc/arm-none-eabi/7.3.1/../../../../arm-none-eabi/lib/thumb/v7-m\libc_nano.a(lib_a-memmove.o)
 .ARM.attributes
                0x00000c1b       0x2d c:/ac6/systemworkbench/plugins/fr.ac6.mcu.externaltools.arm-none.win32_1.17.0.201812190825/tools/compiler/bin/../lib/gcc/arm-none-eabi/7.3.1/../../../../arm-none-eabi/lib/thumb/v7-m\libc_nano.a(lib_a-nano-freer.o)
 .ARM.attributes
                0x00000c48       0x2d c:/ac6/systemworkbench/plugins/fr.ac6.mcu.externaltools.arm-none.win32_1.17.0.201812190825/tools/compiler/bin/../lib/gcc/arm-none-eabi/7.3.1/../../../../arm-none-eabi/lib/thumb/v7-m\libc_nano.a(lib_a-nano-reallocr.o)
 .ARM.attributes
                0x00000c75       0x2d c:/ac6/systemworkbench/plugins/fr.ac6.mcu.externaltools.arm-none.win32_1.17.0.201812190825/tools/compiler/bin/../lib/gcc/arm-none-eabi/7.3.1/../../../../arm-none-eabi/lib/thumb/v7-m\libc_nano.a(lib_a-nano-msizer.o)
 .ARM.attributes
                0x00000ca2       0x2d c:/ac6/systemworkbench/plugins/fr.ac6.mcu.externaltools.arm-none.win32_1.17.0.201812190825/tools/compiler/bin/../lib/gcc/arm-none-eabi/7.3.1/../../../../arm-none-eabi/lib/thumb/v7-m\libnosys.a(sbrk.o)
 .ARM.attributes
                0x00000ccf       0x1d c:/ac6/systemworkbench/plugins/fr.ac6.mcu.externaltools.arm-none.win32_1.17.0.201812190825/tools/compiler/bin/../lib/gcc/arm-none-eabi/7.3.1/thumb/v7-m/crtn.o
OUTPUT(BMS_2019.elf elf32-littlearm)

.debug_info     0x00000000    0x2c625
 .debug_info    0x00000000      0xfa6 Drivers/STM32F1xx_HAL_Driver/Src/stm32f1xx_hal.o
 .debug_info    0x00000fa6     0x162a Drivers/STM32F1xx_HAL_Driver/Src/stm32f1xx_hal_adc.o
 .debug_info    0x000025d0     0x1354 Drivers/STM32F1xx_HAL_Driver/Src/stm32f1xx_hal_adc_ex.o
 .debug_info    0x00003924     0x149a Drivers/STM32F1xx_HAL_Driver/Src/stm32f1xx_hal_can.o
 .debug_info    0x00004dbe     0x1475 Drivers/STM32F1xx_HAL_Driver/Src/stm32f1xx_hal_cortex.o
 .debug_info    0x00006233     0x1014 Drivers/STM32F1xx_HAL_Driver/Src/stm32f1xx_hal_dma.o
 .debug_info    0x00007247      0xeb5 Drivers/STM32F1xx_HAL_Driver/Src/stm32f1xx_hal_flash.o
 .debug_info    0x000080fc      0xe87 Drivers/STM32F1xx_HAL_Driver/Src/stm32f1xx_hal_gpio.o
 .debug_info    0x00008f83     0x11ef Drivers/STM32F1xx_HAL_Driver/Src/stm32f1xx_hal_rcc.o
 .debug_info    0x0000a172      0xc67 Drivers/STM32F1xx_HAL_Driver/Src/stm32f1xx_hal_rcc_ex.o
 .debug_info    0x0000add9     0x214d Drivers/STM32F1xx_HAL_Driver/Src/stm32f1xx_hal_spi.o
 .debug_info    0x0000cf26      0xe25 Drivers/STM32F1xx_HAL_Driver/Src/stm32f1xx_hal_spi_ex.o
 .debug_info    0x0000dd4b     0x3660 Drivers/STM32F1xx_HAL_Driver/Src/stm32f1xx_hal_tim.o
 .debug_info    0x000113ab     0x1aa8 Drivers/STM32F1xx_HAL_Driver/Src/stm32f1xx_hal_tim_ex.o
 .debug_info    0x00012e53     0x1e7b Drivers/STM32F1xx_HAL_Driver/Src/stm32f1xx_hal_uart.o
 .debug_info    0x00014cce     0x1c8b Src/BMS.o
 .debug_info    0x00016959      0xf51 Src/DMA_USART.o
 .debug_info    0x000178aa     0x1ae3 Src/LTC6804.o
 .debug_info    0x0001938d     0x1205 Src/adc.o
 .debug_info    0x0001a592     0x15d4 Src/can.o
 .debug_info    0x0001bb66      0xbc4 Src/dma.o
 .debug_info    0x0001c72a      0xaf6 Src/dwt_stm32_delay.o
 .debug_info    0x0001d220      0xf7a Src/eeprom.o
 .debug_info    0x0001e19a      0xae3 Src/flash.o
 .debug_info    0x0001ec7d      0xe20 Src/gpio.o
 .debug_info    0x0001fa9d     0x2805 Src/main.o
 .debug_info    0x000222a2     0x2192 Src/nextion.o
 .debug_info    0x00024434     0x12d2 Src/nextion_functions.o
 .debug_info    0x00025706     0x1070 Src/spi.o
 .debug_info    0x00026776      0xcec Src/stm32f1xx_hal_msp.o
 .debug_info    0x00027462     0x1be1 Src/stm32f1xx_it.o
 .debug_info    0x00029043      0xc15 Src/system_stm32f1xx.o
 .debug_info    0x00029c58     0x1364 Src/tim.o
 .debug_info    0x0002afbc     0x1669 Src/usart.o

.debug_abbrev   0x00000000     0x5f62
 .debug_abbrev  0x00000000      0x2f4 Drivers/STM32F1xx_HAL_Driver/Src/stm32f1xx_hal.o
 .debug_abbrev  0x000002f4      0x288 Drivers/STM32F1xx_HAL_Driver/Src/stm32f1xx_hal_adc.o
 .debug_abbrev  0x0000057c      0x2d3 Drivers/STM32F1xx_HAL_Driver/Src/stm32f1xx_hal_adc_ex.o
 .debug_abbrev  0x0000084f      0x2de Drivers/STM32F1xx_HAL_Driver/Src/stm32f1xx_hal_can.o
 .debug_abbrev  0x00000b2d      0x3cd Drivers/STM32F1xx_HAL_Driver/Src/stm32f1xx_hal_cortex.o
 .debug_abbrev  0x00000efa      0x2e5 Drivers/STM32F1xx_HAL_Driver/Src/stm32f1xx_hal_dma.o
 .debug_abbrev  0x000011df      0x31a Drivers/STM32F1xx_HAL_Driver/Src/stm32f1xx_hal_flash.o
 .debug_abbrev  0x000014f9      0x2a7 Drivers/STM32F1xx_HAL_Driver/Src/stm32f1xx_hal_gpio.o
 .debug_abbrev  0x000017a0      0x335 Drivers/STM32F1xx_HAL_Driver/Src/stm32f1xx_hal_rcc.o
 .debug_abbrev  0x00001ad5      0x2b4 Drivers/STM32F1xx_HAL_Driver/Src/stm32f1xx_hal_rcc_ex.o
 .debug_abbrev  0x00001d89      0x2e1 Drivers/STM32F1xx_HAL_Driver/Src/stm32f1xx_hal_spi.o
 .debug_abbrev  0x0000206a      0x209 Drivers/STM32F1xx_HAL_Driver/Src/stm32f1xx_hal_spi_ex.o
 .debug_abbrev  0x00002273      0x2ef Drivers/STM32F1xx_HAL_Driver/Src/stm32f1xx_hal_tim.o
 .debug_abbrev  0x00002562      0x2e0 Drivers/STM32F1xx_HAL_Driver/Src/stm32f1xx_hal_tim_ex.o
 .debug_abbrev  0x00002842      0x308 Drivers/STM32F1xx_HAL_Driver/Src/stm32f1xx_hal_uart.o
 .debug_abbrev  0x00002b4a      0x3a1 Src/BMS.o
 .debug_abbrev  0x00002eeb      0x283 Src/DMA_USART.o
 .debug_abbrev  0x0000316e      0x463 Src/LTC6804.o
 .debug_abbrev  0x000035d1      0x274 Src/adc.o
 .debug_abbrev  0x00003845      0x2fe Src/can.o
 .debug_abbrev  0x00003b43      0x234 Src/dma.o
 .debug_abbrev  0x00003d77      0x1b3 Src/dwt_stm32_delay.o
 .debug_abbrev  0x00003f2a      0x2a1 Src/eeprom.o
 .debug_abbrev  0x000041cb      0x231 Src/flash.o
 .debug_abbrev  0x000043fc      0x245 Src/gpio.o
 .debug_abbrev  0x00004641      0x3ea Src/main.o
 .debug_abbrev  0x00004a2b      0x339 Src/nextion.o
 .debug_abbrev  0x00004d64      0x2e8 Src/nextion_functions.o
 .debug_abbrev  0x0000504c      0x258 Src/spi.o
 .debug_abbrev  0x000052a4      0x234 Src/stm32f1xx_hal_msp.o
 .debug_abbrev  0x000054d8      0x2e2 Src/stm32f1xx_it.o
 .debug_abbrev  0x000057ba      0x228 Src/system_stm32f1xx.o
 .debug_abbrev  0x000059e2      0x272 Src/tim.o
 .debug_abbrev  0x00005c54      0x30e Src/usart.o

.debug_loc      0x00000000     0xd649
 .debug_loc     0x00000000       0xfd Drivers/STM32F1xx_HAL_Driver/Src/stm32f1xx_hal.o
 .debug_loc     0x000000fd      0x9fa Drivers/STM32F1xx_HAL_Driver/Src/stm32f1xx_hal_adc.o
 .debug_loc     0x00000af7      0x798 Drivers/STM32F1xx_HAL_Driver/Src/stm32f1xx_hal_adc_ex.o
 .debug_loc     0x0000128f      0xdce Drivers/STM32F1xx_HAL_Driver/Src/stm32f1xx_hal_can.o
 .debug_loc     0x0000205d      0x5ad Drivers/STM32F1xx_HAL_Driver/Src/stm32f1xx_hal_cortex.o
 .debug_loc     0x0000260a      0x7aa Drivers/STM32F1xx_HAL_Driver/Src/stm32f1xx_hal_dma.o
 .debug_loc     0x00002db4      0x337 Drivers/STM32F1xx_HAL_Driver/Src/stm32f1xx_hal_flash.o
 .debug_loc     0x000030eb      0x44e Drivers/STM32F1xx_HAL_Driver/Src/stm32f1xx_hal_gpio.o
 .debug_loc     0x00003539      0x4f6 Drivers/STM32F1xx_HAL_Driver/Src/stm32f1xx_hal_rcc.o
 .debug_loc     0x00003a2f      0x2d0 Drivers/STM32F1xx_HAL_Driver/Src/stm32f1xx_hal_rcc_ex.o
 .debug_loc     0x00003cff     0x1958 Drivers/STM32F1xx_HAL_Driver/Src/stm32f1xx_hal_spi.o
 .debug_loc     0x00005657       0x4d Drivers/STM32F1xx_HAL_Driver/Src/stm32f1xx_hal_spi_ex.o
 .debug_loc     0x000056a4     0x367a Drivers/STM32F1xx_HAL_Driver/Src/stm32f1xx_hal_tim.o
 .debug_loc     0x00008d1e      0xf9e Drivers/STM32F1xx_HAL_Driver/Src/stm32f1xx_hal_tim_ex.o
 .debug_loc     0x00009cbc     0x1529 Drivers/STM32F1xx_HAL_Driver/Src/stm32f1xx_hal_uart.o
 .debug_loc     0x0000b1e5      0x1e5 Src/BMS.o
 .debug_loc     0x0000b3ca      0x134 Src/DMA_USART.o
 .debug_loc     0x0000b4fe      0x6d3 Src/LTC6804.o
 .debug_loc     0x0000bbd1       0x4a Src/adc.o
 .debug_loc     0x0000bc1b      0x10f Src/can.o
 .debug_loc     0x0000bd2a      0x821 Src/eeprom.o
 .debug_loc     0x0000c54b       0xdd Src/flash.o
 .debug_loc     0x0000c628       0x97 Src/main.o
 .debug_loc     0x0000c6bf      0xb51 Src/nextion.o
 .debug_loc     0x0000d210       0xf5 Src/nextion_functions.o
 .debug_loc     0x0000d305       0x5b Src/spi.o
 .debug_loc     0x0000d360       0xdf Src/system_stm32f1xx.o
 .debug_loc     0x0000d43f       0xa6 Src/tim.o
 .debug_loc     0x0000d4e5      0x164 Src/usart.o

.debug_aranges  0x00000000     0x13b0
 .debug_aranges
                0x00000000       0xd0 Drivers/STM32F1xx_HAL_Driver/Src/stm32f1xx_hal.o
 .debug_aranges
                0x000000d0       0xf0 Drivers/STM32F1xx_HAL_Driver/Src/stm32f1xx_hal_adc.o
 .debug_aranges
                0x000001c0       0x80 Drivers/STM32F1xx_HAL_Driver/Src/stm32f1xx_hal_adc_ex.o
 .debug_aranges
                0x00000240       0xb0 Drivers/STM32F1xx_HAL_Driver/Src/stm32f1xx_hal_can.o
 .debug_aranges
                0x000002f0       0x90 Drivers/STM32F1xx_HAL_Driver/Src/stm32f1xx_hal_cortex.o
 .debug_aranges
                0x00000380       0x80 Drivers/STM32F1xx_HAL_Driver/Src/stm32f1xx_hal_dma.o
 .debug_aranges
                0x00000400       0x88 Drivers/STM32F1xx_HAL_Driver/Src/stm32f1xx_hal_flash.o
 .debug_aranges
                0x00000488       0x58 Drivers/STM32F1xx_HAL_Driver/Src/stm32f1xx_hal_gpio.o
 .debug_aranges
                0x000004e0       0x90 Drivers/STM32F1xx_HAL_Driver/Src/stm32f1xx_hal_rcc.o
 .debug_aranges
                0x00000570       0x30 Drivers/STM32F1xx_HAL_Driver/Src/stm32f1xx_hal_rcc_ex.o
 .debug_aranges
                0x000005a0      0x1d0 Drivers/STM32F1xx_HAL_Driver/Src/stm32f1xx_hal_spi.o
 .debug_aranges
                0x00000770       0x20 Drivers/STM32F1xx_HAL_Driver/Src/stm32f1xx_hal_spi_ex.o
 .debug_aranges
                0x00000790      0x368 Drivers/STM32F1xx_HAL_Driver/Src/stm32f1xx_hal_tim.o
 .debug_aranges
                0x00000af8      0x138 Drivers/STM32F1xx_HAL_Driver/Src/stm32f1xx_hal_tim_ex.o
 .debug_aranges
                0x00000c30      0x1d0 Drivers/STM32F1xx_HAL_Driver/Src/stm32f1xx_hal_uart.o
 .debug_aranges
                0x00000e00       0x40 Src/BMS.o
 .debug_aranges
                0x00000e40       0x30 Src/DMA_USART.o
 .debug_aranges
                0x00000e70       0x80 Src/LTC6804.o
 .debug_aranges
                0x00000ef0       0x30 Src/adc.o
 .debug_aranges
                0x00000f20       0x60 Src/can.o
 .debug_aranges
                0x00000f80       0x20 Src/dma.o
 .debug_aranges
                0x00000fa0       0x20 Src/dwt_stm32_delay.o
 .debug_aranges
                0x00000fc0       0x50 Src/eeprom.o
 .debug_aranges
                0x00001010       0x28 Src/flash.o
 .debug_aranges
                0x00001038       0x20 Src/gpio.o
 .debug_aranges
                0x00001058       0x50 Src/main.o
 .debug_aranges
                0x000010a8      0x118 Src/nextion.o
 .debug_aranges
                0x000011c0       0x30 Src/nextion_functions.o
 .debug_aranges
                0x000011f0       0x30 Src/spi.o
 .debug_aranges
                0x00001220       0x20 Src/stm32f1xx_hal_msp.o
 .debug_aranges
                0x00001240       0xb8 Src/stm32f1xx_it.o
 .debug_aranges
                0x000012f8       0x28 Src/system_stm32f1xx.o
 .debug_aranges
                0x00001320       0x38 Src/tim.o
 .debug_aranges
                0x00001358       0x58 Src/usart.o

.debug_ranges   0x00000000     0x12b8
 .debug_ranges  0x00000000       0xc0 Drivers/STM32F1xx_HAL_Driver/Src/stm32f1xx_hal.o
 .debug_ranges  0x000000c0       0xe0 Drivers/STM32F1xx_HAL_Driver/Src/stm32f1xx_hal_adc.o
 .debug_ranges  0x000001a0       0x70 Drivers/STM32F1xx_HAL_Driver/Src/stm32f1xx_hal_adc_ex.o
 .debug_ranges  0x00000210       0xa0 Drivers/STM32F1xx_HAL_Driver/Src/stm32f1xx_hal_can.o
 .debug_ranges  0x000002b0       0xe0 Drivers/STM32F1xx_HAL_Driver/Src/stm32f1xx_hal_cortex.o
 .debug_ranges  0x00000390       0x70 Drivers/STM32F1xx_HAL_Driver/Src/stm32f1xx_hal_dma.o
 .debug_ranges  0x00000400       0x78 Drivers/STM32F1xx_HAL_Driver/Src/stm32f1xx_hal_flash.o
 .debug_ranges  0x00000478       0x48 Drivers/STM32F1xx_HAL_Driver/Src/stm32f1xx_hal_gpio.o
 .debug_ranges  0x000004c0       0xa0 Drivers/STM32F1xx_HAL_Driver/Src/stm32f1xx_hal_rcc.o
 .debug_ranges  0x00000560       0x38 Drivers/STM32F1xx_HAL_Driver/Src/stm32f1xx_hal_rcc_ex.o
 .debug_ranges  0x00000598      0x1c0 Drivers/STM32F1xx_HAL_Driver/Src/stm32f1xx_hal_spi.o
 .debug_ranges  0x00000758       0x10 Drivers/STM32F1xx_HAL_Driver/Src/stm32f1xx_hal_spi_ex.o
 .debug_ranges  0x00000768      0x358 Drivers/STM32F1xx_HAL_Driver/Src/stm32f1xx_hal_tim.o
 .debug_ranges  0x00000ac0      0x128 Drivers/STM32F1xx_HAL_Driver/Src/stm32f1xx_hal_tim_ex.o
 .debug_ranges  0x00000be8      0x1c0 Drivers/STM32F1xx_HAL_Driver/Src/stm32f1xx_hal_uart.o
 .debug_ranges  0x00000da8       0x48 Src/BMS.o
 .debug_ranges  0x00000df0       0x20 Src/DMA_USART.o
 .debug_ranges  0x00000e10       0xb8 Src/LTC6804.o
 .debug_ranges  0x00000ec8       0x20 Src/adc.o
 .debug_ranges  0x00000ee8       0x50 Src/can.o
 .debug_ranges  0x00000f38       0x10 Src/dma.o
 .debug_ranges  0x00000f48       0x10 Src/dwt_stm32_delay.o
 .debug_ranges  0x00000f58       0x40 Src/eeprom.o
 .debug_ranges  0x00000f98       0x18 Src/flash.o
 .debug_ranges  0x00000fb0       0x10 Src/gpio.o
 .debug_ranges  0x00000fc0       0x40 Src/main.o
 .debug_ranges  0x00001000      0x108 Src/nextion.o
 .debug_ranges  0x00001108       0x50 Src/nextion_functions.o
 .debug_ranges  0x00001158       0x20 Src/spi.o
 .debug_ranges  0x00001178       0x10 Src/stm32f1xx_hal_msp.o
 .debug_ranges  0x00001188       0xa8 Src/stm32f1xx_it.o
 .debug_ranges  0x00001230       0x18 Src/system_stm32f1xx.o
 .debug_ranges  0x00001248       0x28 Src/tim.o
 .debug_ranges  0x00001270       0x48 Src/usart.o

.debug_macro    0x00000000    0x1b6d3
 .debug_macro   0x00000000      0x34e Drivers/STM32F1xx_HAL_Driver/Src/stm32f1xx_hal.o
 .debug_macro   0x0000034e      0xa60 Drivers/STM32F1xx_HAL_Driver/Src/stm32f1xx_hal.o
 .debug_macro   0x00000dae      0x106 Drivers/STM32F1xx_HAL_Driver/Src/stm32f1xx_hal.o
 .debug_macro   0x00000eb4      0x181 Drivers/STM32F1xx_HAL_Driver/Src/stm32f1xx_hal.o
 .debug_macro   0x00001035       0x2e Drivers/STM32F1xx_HAL_Driver/Src/stm32f1xx_hal.o
 .debug_macro   0x00001063       0x22 Drivers/STM32F1xx_HAL_Driver/Src/stm32f1xx_hal.o
 .debug_macro   0x00001085       0x22 Drivers/STM32F1xx_HAL_Driver/Src/stm32f1xx_hal.o
 .debug_macro   0x000010a7       0x8e Drivers/STM32F1xx_HAL_Driver/Src/stm32f1xx_hal.o
 .debug_macro   0x00001135       0x51 Drivers/STM32F1xx_HAL_Driver/Src/stm32f1xx_hal.o
 .debug_macro   0x00001186       0xef Drivers/STM32F1xx_HAL_Driver/Src/stm32f1xx_hal.o
 .debug_macro   0x00001275       0x6a Drivers/STM32F1xx_HAL_Driver/Src/stm32f1xx_hal.o
 .debug_macro   0x000012df      0x1df Drivers/STM32F1xx_HAL_Driver/Src/stm32f1xx_hal.o
 .debug_macro   0x000014be       0x34 Drivers/STM32F1xx_HAL_Driver/Src/stm32f1xx_hal.o
 .debug_macro   0x000014f2       0x34 Drivers/STM32F1xx_HAL_Driver/Src/stm32f1xx_hal.o
 .debug_macro   0x00001526      0xb8e Drivers/STM32F1xx_HAL_Driver/Src/stm32f1xx_hal.o
 .debug_macro   0x000020b4     0xe90a Drivers/STM32F1xx_HAL_Driver/Src/stm32f1xx_hal.o
 .debug_macro   0x000109be       0x43 Drivers/STM32F1xx_HAL_Driver/Src/stm32f1xx_hal.o
 .debug_macro   0x00010a01       0x5e Drivers/STM32F1xx_HAL_Driver/Src/stm32f1xx_hal.o
 .debug_macro   0x00010a5f       0x18 Drivers/STM32F1xx_HAL_Driver/Src/stm32f1xx_hal.o
 .debug_macro   0x00010a77       0x35 Drivers/STM32F1xx_HAL_Driver/Src/stm32f1xx_hal.o
 .debug_macro   0x00010aac       0x34 Drivers/STM32F1xx_HAL_Driver/Src/stm32f1xx_hal.o
 .debug_macro   0x00010ae0       0x16 Drivers/STM32F1xx_HAL_Driver/Src/stm32f1xx_hal.o
 .debug_macro   0x00010af6       0x97 Drivers/STM32F1xx_HAL_Driver/Src/stm32f1xx_hal.o
 .debug_macro   0x00010b8d      0x330 Drivers/STM32F1xx_HAL_Driver/Src/stm32f1xx_hal.o
 .debug_macro   0x00010ebd       0xfd Drivers/STM32F1xx_HAL_Driver/Src/stm32f1xx_hal.o
 .debug_macro   0x00010fba       0x10 Drivers/STM32F1xx_HAL_Driver/Src/stm32f1xx_hal.o
 .debug_macro   0x00010fca       0x58 Drivers/STM32F1xx_HAL_Driver/Src/stm32f1xx_hal.o
 .debug_macro   0x00011022       0x1f Drivers/STM32F1xx_HAL_Driver/Src/stm32f1xx_hal.o
 .debug_macro   0x00011041       0x43 Drivers/STM32F1xx_HAL_Driver/Src/stm32f1xx_hal.o
 .debug_macro   0x00011084       0x20 Drivers/STM32F1xx_HAL_Driver/Src/stm32f1xx_hal.o
 .debug_macro   0x000110a4      0x18e Drivers/STM32F1xx_HAL_Driver/Src/stm32f1xx_hal.o
 .debug_macro   0x00011232       0x10 Drivers/STM32F1xx_HAL_Driver/Src/stm32f1xx_hal.o
 .debug_macro   0x00011242       0x1c Drivers/STM32F1xx_HAL_Driver/Src/stm32f1xx_hal.o
 .debug_macro   0x0001125e       0x52 Drivers/STM32F1xx_HAL_Driver/Src/stm32f1xx_hal.o
 .debug_macro   0x000112b0       0x40 Drivers/STM32F1xx_HAL_Driver/Src/stm32f1xx_hal.o
 .debug_macro   0x000112f0       0x10 Drivers/STM32F1xx_HAL_Driver/Src/stm32f1xx_hal.o
 .debug_macro   0x00011300       0x40 Drivers/STM32F1xx_HAL_Driver/Src/stm32f1xx_hal.o
 .debug_macro   0x00011340       0xd7 Drivers/STM32F1xx_HAL_Driver/Src/stm32f1xx_hal.o
 .debug_macro   0x00011417       0x1c Drivers/STM32F1xx_HAL_Driver/Src/stm32f1xx_hal.o
 .debug_macro   0x00011433       0x3d Drivers/STM32F1xx_HAL_Driver/Src/stm32f1xx_hal.o
 .debug_macro   0x00011470       0x16 Drivers/STM32F1xx_HAL_Driver/Src/stm32f1xx_hal.o
 .debug_macro   0x00011486      0x16f Drivers/STM32F1xx_HAL_Driver/Src/stm32f1xx_hal.o
 .debug_macro   0x000115f5       0x50 Drivers/STM32F1xx_HAL_Driver/Src/stm32f1xx_hal.o
 .debug_macro   0x00011645      0x5c2 Drivers/STM32F1xx_HAL_Driver/Src/stm32f1xx_hal.o
 .debug_macro   0x00011c07      0x28a Drivers/STM32F1xx_HAL_Driver/Src/stm32f1xx_hal.o
 .debug_macro   0x00011e91      0x1cb Drivers/STM32F1xx_HAL_Driver/Src/stm32f1xx_hal.o
 .debug_macro   0x0001205c      0x11e Drivers/STM32F1xx_HAL_Driver/Src/stm32f1xx_hal.o
 .debug_macro   0x0001217a      0x1b3 Drivers/STM32F1xx_HAL_Driver/Src/stm32f1xx_hal.o
 .debug_macro   0x0001232d       0x27 Drivers/STM32F1xx_HAL_Driver/Src/stm32f1xx_hal.o
 .debug_macro   0x00012354      0x1bc Drivers/STM32F1xx_HAL_Driver/Src/stm32f1xx_hal.o
 .debug_macro   0x00012510       0x34 Drivers/STM32F1xx_HAL_Driver/Src/stm32f1xx_hal.o
 .debug_macro   0x00012544       0x3c Drivers/STM32F1xx_HAL_Driver/Src/stm32f1xx_hal.o
 .debug_macro   0x00012580      0x3a6 Drivers/STM32F1xx_HAL_Driver/Src/stm32f1xx_hal.o
 .debug_macro   0x00012926       0x10 Drivers/STM32F1xx_HAL_Driver/Src/stm32f1xx_hal.o
 .debug_macro   0x00012936       0x74 Drivers/STM32F1xx_HAL_Driver/Src/stm32f1xx_hal.o
 .debug_macro   0x000129aa       0x57 Drivers/STM32F1xx_HAL_Driver/Src/stm32f1xx_hal.o
 .debug_macro   0x00012a01      0x46a Drivers/STM32F1xx_HAL_Driver/Src/stm32f1xx_hal.o
 .debug_macro   0x00012e6b      0x1b5 Drivers/STM32F1xx_HAL_Driver/Src/stm32f1xx_hal.o
 .debug_macro   0x00013020       0x8c Drivers/STM32F1xx_HAL_Driver/Src/stm32f1xx_hal.o
 .debug_macro   0x000130ac      0x242 Drivers/STM32F1xx_HAL_Driver/Src/stm32f1xx_hal.o
 .debug_macro   0x000132ee      0x143 Drivers/STM32F1xx_HAL_Driver/Src/stm32f1xx_hal.o
 .debug_macro   0x00013431      0x1f4 Drivers/STM32F1xx_HAL_Driver/Src/stm32f1xx_hal.o
 .debug_macro   0x00013625      0x84c Drivers/STM32F1xx_HAL_Driver/Src/stm32f1xx_hal.o
 .debug_macro   0x00013e71       0x1f Drivers/STM32F1xx_HAL_Driver/Src/stm32f1xx_hal.o
 .debug_macro   0x00013e90      0x26b Drivers/STM32F1xx_HAL_Driver/Src/stm32f1xx_hal.o
 .debug_macro   0x000140fb       0x83 Drivers/STM32F1xx_HAL_Driver/Src/stm32f1xx_hal.o
 .debug_macro   0x0001417e      0x347 Drivers/STM32F1xx_HAL_Driver/Src/stm32f1xx_hal_adc.o
 .debug_macro   0x000144c5      0x33c Drivers/STM32F1xx_HAL_Driver/Src/stm32f1xx_hal_adc_ex.o
 .debug_macro   0x00014801      0x331 Drivers/STM32F1xx_HAL_Driver/Src/stm32f1xx_hal_can.o
 .debug_macro   0x00014b32      0x32a Drivers/STM32F1xx_HAL_Driver/Src/stm32f1xx_hal_cortex.o
 .debug_macro   0x00014e5c      0x32a Drivers/STM32F1xx_HAL_Driver/Src/stm32f1xx_hal_dma.o
 .debug_macro   0x00015186      0x32a Drivers/STM32F1xx_HAL_Driver/Src/stm32f1xx_hal_flash.o
 .debug_macro   0x000154b0      0x39a Drivers/STM32F1xx_HAL_Driver/Src/stm32f1xx_hal_gpio.o
 .debug_macro   0x0001584a      0x33c Drivers/STM32F1xx_HAL_Driver/Src/stm32f1xx_hal_rcc.o
 .debug_macro   0x00015b86      0x32a Drivers/STM32F1xx_HAL_Driver/Src/stm32f1xx_hal_rcc_ex.o
 .debug_macro   0x00015eb0      0x332 Drivers/STM32F1xx_HAL_Driver/Src/stm32f1xx_hal_spi.o
 .debug_macro   0x000161e2      0x32a Drivers/STM32F1xx_HAL_Driver/Src/stm32f1xx_hal_spi_ex.o
 .debug_macro   0x0001650c      0x32a Drivers/STM32F1xx_HAL_Driver/Src/stm32f1xx_hal_tim.o
 .debug_macro   0x00016836      0x32a Drivers/STM32F1xx_HAL_Driver/Src/stm32f1xx_hal_tim_ex.o
 .debug_macro   0x00016b60      0x32b Drivers/STM32F1xx_HAL_Driver/Src/stm32f1xx_hal_uart.o
 .debug_macro   0x00016e8b      0x402 Src/BMS.o
 .debug_macro   0x0001728d      0x1e1 Src/BMS.o
 .debug_macro   0x0001746e       0xb4 Src/BMS.o
 .debug_macro   0x00017522      0x250 Src/BMS.o
 .debug_macro   0x00017772       0x10 Src/BMS.o
 .debug_macro   0x00017782       0x64 Src/BMS.o
 .debug_macro   0x000177e6       0x16 Src/BMS.o
 .debug_macro   0x000177fc       0x35 Src/BMS.o
 .debug_macro   0x00017831       0x16 Src/BMS.o
 .debug_macro   0x00017847       0x29 Src/BMS.o
 .debug_macro   0x00017870       0x16 Src/BMS.o
 .debug_macro   0x00017886      0x365 Src/DMA_USART.o
 .debug_macro   0x00017beb      0x36e Src/LTC6804.o
 .debug_macro   0x00017f59       0x4c Src/LTC6804.o
 .debug_macro   0x00017fa5      0x348 Src/adc.o
 .debug_macro   0x000182ed      0x348 Src/can.o
 .debug_macro   0x00018635      0x334 Src/dma.o
 .debug_macro   0x00018969      0x334 Src/dwt_stm32_delay.o
 .debug_macro   0x00018c9d      0x349 Src/eeprom.o
 .debug_macro   0x00018fe6      0x352 Src/flash.o
 .debug_macro   0x00019338      0x334 Src/gpio.o
 .debug_macro   0x0001966c      0x45e Src/main.o
 .debug_macro   0x00019aca       0x10 Src/main.o
 .debug_macro   0x00019ada       0x34 Src/main.o
 .debug_macro   0x00019b0e      0x3bb Src/nextion.o
 .debug_macro   0x00019ec9      0x3e8 Src/nextion_functions.o
 .debug_macro   0x0001a2b1      0x33e Src/spi.o
 .debug_macro   0x0001a5ef      0x32a Src/stm32f1xx_hal_msp.o
 .debug_macro   0x0001a919      0x3cb Src/stm32f1xx_it.o
 .debug_macro   0x0001ace4      0x330 Src/system_stm32f1xx.o
 .debug_macro   0x0001b014      0x334 Src/tim.o
 .debug_macro   0x0001b348      0x38b Src/usart.o

.debug_line     0x00000000    0x15938
 .debug_line    0x00000000      0x93f Drivers/STM32F1xx_HAL_Driver/Src/stm32f1xx_hal.o
 .debug_line    0x0000093f      0xcd0 Drivers/STM32F1xx_HAL_Driver/Src/stm32f1xx_hal_adc.o
 .debug_line    0x0000160f      0xb22 Drivers/STM32F1xx_HAL_Driver/Src/stm32f1xx_hal_adc_ex.o
 .debug_line    0x00002131      0xd53 Drivers/STM32F1xx_HAL_Driver/Src/stm32f1xx_hal_can.o
 .debug_line    0x00002e84      0x957 Drivers/STM32F1xx_HAL_Driver/Src/stm32f1xx_hal_cortex.o
 .debug_line    0x000037db      0xb0a Drivers/STM32F1xx_HAL_Driver/Src/stm32f1xx_hal_dma.o
 .debug_line    0x000042e5      0x98b Drivers/STM32F1xx_HAL_Driver/Src/stm32f1xx_hal_flash.o