Archive member included to satisfy reference by file (symbol)

c:/ac6/systemworkbench/plugins/fr.ac6.mcu.externaltools.arm-none.win32_1.17.0.201812190825/tools/compiler/bin/../lib/gcc/arm-none-eabi/7.3.1/../../../../arm-none-eabi/lib/thumb/v7-m\libm.a(lib_a-w_log.o)
                              Src/LTC6804.o (log)
c:/ac6/systemworkbench/plugins/fr.ac6.mcu.externaltools.arm-none.win32_1.17.0.201812190825/tools/compiler/bin/../lib/gcc/arm-none-eabi/7.3.1/../../../../arm-none-eabi/lib/thumb/v7-m\libm.a(lib_a-e_log.o)
                              c:/ac6/systemworkbench/plugins/fr.ac6.mcu.externaltools.arm-none.win32_1.17.0.201812190825/tools/compiler/bin/../lib/gcc/arm-none-eabi/7.3.1/../../../../arm-none-eabi/lib/thumb/v7-m\libm.a(lib_a-w_log.o) (__ieee754_log)
c:/ac6/systemworkbench/plugins/fr.ac6.mcu.externaltools.arm-none.win32_1.17.0.201812190825/tools/compiler/bin/../lib/gcc/arm-none-eabi/7.3.1/../../../../arm-none-eabi/lib/thumb/v7-m\libm.a(lib_a-s_lib_ver.o)
                              c:/ac6/systemworkbench/plugins/fr.ac6.mcu.externaltools.arm-none.win32_1.17.0.201812190825/tools/compiler/bin/../lib/gcc/arm-none-eabi/7.3.1/../../../../arm-none-eabi/lib/thumb/v7-m\libm.a(lib_a-w_log.o) (__fdlib_version)
c:/ac6/systemworkbench/plugins/fr.ac6.mcu.externaltools.arm-none.win32_1.17.0.201812190825/tools/compiler/bin/../lib/gcc/arm-none-eabi/7.3.1/../../../../arm-none-eabi/lib/thumb/v7-m\libm.a(lib_a-s_matherr.o)
                              c:/ac6/systemworkbench/plugins/fr.ac6.mcu.externaltools.arm-none.win32_1.17.0.201812190825/tools/compiler/bin/../lib/gcc/arm-none-eabi/7.3.1/../../../../arm-none-eabi/lib/thumb/v7-m\libm.a(lib_a-w_log.o) (matherr)
c:/ac6/systemworkbench/plugins/fr.ac6.mcu.externaltools.arm-none.win32_1.17.0.201812190825/tools/compiler/bin/../lib/gcc/arm-none-eabi/7.3.1/../../../../arm-none-eabi/lib/thumb/v7-m\libm.a(lib_a-s_nan.o)
                              c:/ac6/systemworkbench/plugins/fr.ac6.mcu.externaltools.arm-none.win32_1.17.0.201812190825/tools/compiler/bin/../lib/gcc/arm-none-eabi/7.3.1/../../../../arm-none-eabi/lib/thumb/v7-m\libm.a(lib_a-w_log.o) (nan)
c:/ac6/systemworkbench/plugins/fr.ac6.mcu.externaltools.arm-none.win32_1.17.0.201812190825/tools/compiler/bin/../lib/gcc/arm-none-eabi/7.3.1/thumb/v7-m\libgcc.a(_arm_addsubdf3.o)
                              Src/LTC6804.o (__aeabi_dsub)
c:/ac6/systemworkbench/plugins/fr.ac6.mcu.externaltools.arm-none.win32_1.17.0.201812190825/tools/compiler/bin/../lib/gcc/arm-none-eabi/7.3.1/thumb/v7-m\libgcc.a(_arm_muldivdf3.o)
                              Src/LTC6804.o (__aeabi_dmul)
c:/ac6/systemworkbench/plugins/fr.ac6.mcu.externaltools.arm-none.win32_1.17.0.201812190825/tools/compiler/bin/../lib/gcc/arm-none-eabi/7.3.1/thumb/v7-m\libgcc.a(_arm_cmpdf2.o)
                              c:/ac6/systemworkbench/plugins/fr.ac6.mcu.externaltools.arm-none.win32_1.17.0.201812190825/tools/compiler/bin/../lib/gcc/arm-none-eabi/7.3.1/../../../../arm-none-eabi/lib/thumb/v7-m\libm.a(lib_a-w_log.o) (__aeabi_dcmpeq)
c:/ac6/systemworkbench/plugins/fr.ac6.mcu.externaltools.arm-none.win32_1.17.0.201812190825/tools/compiler/bin/../lib/gcc/arm-none-eabi/7.3.1/thumb/v7-m\libgcc.a(_arm_unorddf2.o)
                              c:/ac6/systemworkbench/plugins/fr.ac6.mcu.externaltools.arm-none.win32_1.17.0.201812190825/tools/compiler/bin/../lib/gcc/arm-none-eabi/7.3.1/../../../../arm-none-eabi/lib/thumb/v7-m\libm.a(lib_a-w_log.o) (__aeabi_dcmpun)
c:/ac6/systemworkbench/plugins/fr.ac6.mcu.externaltools.arm-none.win32_1.17.0.201812190825/tools/compiler/bin/../lib/gcc/arm-none-eabi/7.3.1/thumb/v7-m\libgcc.a(_arm_fixunsdfsi.o)
                              Src/LTC6804.o (__aeabi_d2uiz)
c:/ac6/systemworkbench/plugins/fr.ac6.mcu.externaltools.arm-none.win32_1.17.0.201812190825/tools/compiler/bin/../lib/gcc/arm-none-eabi/7.3.1/thumb/v7-m\libgcc.a(_arm_addsubsf3.o)
                              Src/main.o (__aeabi_fsub)
c:/ac6/systemworkbench/plugins/fr.ac6.mcu.externaltools.arm-none.win32_1.17.0.201812190825/tools/compiler/bin/../lib/gcc/arm-none-eabi/7.3.1/thumb/v7-m\libgcc.a(_arm_muldivsf3.o)
                              Src/LTC6804.o (__aeabi_fmul)
c:/ac6/systemworkbench/plugins/fr.ac6.mcu.externaltools.arm-none.win32_1.17.0.201812190825/tools/compiler/bin/../lib/gcc/arm-none-eabi/7.3.1/thumb/v7-m\libgcc.a(_arm_cmpsf2.o)
                              Src/stm32f1xx_it.o (__aeabi_fcmplt)
c:/ac6/systemworkbench/plugins/fr.ac6.mcu.externaltools.arm-none.win32_1.17.0.201812190825/tools/compiler/bin/../lib/gcc/arm-none-eabi/7.3.1/thumb/v7-m\libgcc.a(_arm_fixsfsi.o)
                              Src/BMS.o (__aeabi_f2iz)
c:/ac6/systemworkbench/plugins/fr.ac6.mcu.externaltools.arm-none.win32_1.17.0.201812190825/tools/compiler/bin/../lib/gcc/arm-none-eabi/7.3.1/thumb/v7-m\libgcc.a(_arm_fixunssfsi.o)
                              Src/BMS.o (__aeabi_f2uiz)
[...]
Memory Configuration

Name             Origin             Length             Attributes
RAM              0x20000000         0x00005000         xrw
FLASH            0x08000000         0x00010000         xr
*default*        0x00000000         0xffffffff

Linker script and memory map

LOAD c:/ac6/systemworkbench/plugins/fr.ac6.mcu.externaltools.arm-none.win32_1.17.0.201812190825/tools/compiler/bin/../lib/gcc/arm-none-eabi/7.3.1/thumb/v7-m/crti.o
LOAD c:/ac6/systemworkbench/plugins/fr.ac6.mcu.externaltools.arm-none.win32_1.17.0.201812190825/tools/compiler/bin/../lib/gcc/arm-none-eabi/7.3.1/thumb/v7-m/crtbegin.o
LOAD c:/ac6/systemworkbench/plugins/fr.ac6.mcu.externaltools.arm-none.win32_1.17.0.201812190825/tools/compiler/bin/../lib/gcc/arm-none-eabi/7.3.1/../../../../arm-none-eabi/lib/thumb/v7-m/crt0.o
LOAD Drivers/STM32F1xx_HAL_Driver/Src/stm32f1xx_hal.o
LOAD Drivers/STM32F1xx_HAL_Driver/Src/stm32f1xx_hal_adc.o
LOAD Drivers/STM32F1xx_HAL_Driver/Src/stm32f1xx_hal_adc_ex.o
LOAD Drivers/STM32F1xx_HAL_Driver/Src/stm32f1xx_hal_can.o
LOAD Drivers/STM32F1xx_HAL_Driver/Src/stm32f1xx_hal_cortex.o
LOAD Drivers/STM32F1xx_HAL_Driver/Src/stm32f1xx_hal_dma.o
LOAD Drivers/STM32F1xx_HAL_Driver/Src/stm32f1xx_hal_flash.o
LOAD Drivers/STM32F1xx_HAL_Driver/Src/stm32f1xx_hal_flash_ex.o
LOAD Drivers/STM32F1xx_HAL_Driver/Src/stm32f1xx_hal_gpio.o
LOAD Drivers/STM32F1xx_HAL_Driver/Src/stm32f1xx_hal_gpio_ex.o
LOAD Drivers/STM32F1xx_HAL_Driver/Src/stm32f1xx_hal_pwr.o
LOAD Drivers/STM32F1xx_HAL_Driver/Src/stm32f1xx_hal_rcc.o
LOAD Drivers/STM32F1xx_HAL_Driver/Src/stm32f1xx_hal_rcc_ex.o
LOAD Drivers/STM32F1xx_HAL_Driver/Src/stm32f1xx_hal_spi.o
LOAD Drivers/STM32F1xx_HAL_Driver/Src/stm32f1xx_hal_spi_ex.o
LOAD Drivers/STM32F1xx_HAL_Driver/Src/stm32f1xx_hal_tim.o
LOAD Drivers/STM32F1xx_HAL_Driver/Src/stm32f1xx_hal_tim_ex.o
LOAD Drivers/STM32F1xx_HAL_Driver/Src/stm32f1xx_hal_uart.o
LOAD Src/BMS.o
LOAD Src/DHAB_s125.o
LOAD Src/DMA_USART.o
LOAD Src/LTC6804.o
LOAD Src/adc.o
LOAD Src/can.o
LOAD Src/dma.o
LOAD Src/dwt_stm32_delay.o
LOAD Src/eeprom.o
LOAD Src/flash.o
LOAD Src/gpio.o
LOAD Src/main.o
LOAD Src/nextion.o
LOAD Src/nextion_functions.o
LOAD Src/spi.o
LOAD Src/stm32f1xx_hal_msp.o
LOAD Src/stm32f1xx_it.o
LOAD Src/system_stm32f1xx.o
LOAD Src/tim.o
LOAD Src/usart.o
LOAD startup/startup_stm32f103xb.o
LOAD c:/ac6/systemworkbench/plugins/fr.ac6.mcu.externaltools.arm-none.win32_1.17.0.201812190825/tools/compiler/bin/../lib/gcc/arm-none-eabi/7.3.1/../../../../arm-none-eabi/lib/thumb/v7-m\libm.a
START GROUP
LOAD c:/ac6/systemworkbench/plugins/fr.ac6.mcu.externaltools.arm-none.win32_1.17.0.201812190825/tools/compiler/bin/../lib/gcc/arm-none-eabi/7.3.1/thumb/v7-m\libgcc.a
LOAD c:/ac6/systemworkbench/plugins/fr.ac6.mcu.externaltools.arm-none.win32_1.17.0.201812190825/tools/compiler/bin/../lib/gcc/arm-none-eabi/7.3.1/../../../../arm-none-eabi/lib/thumb/v7-m\libc_nano.a
END GROUP
START GROUP
LOAD c:/ac6/systemworkbench/plugins/fr.ac6.mcu.externaltools.arm-none.win32_1.17.0.201812190825/tools/compiler/bin/../lib/gcc/arm-none-eabi/7.3.1/thumb/v7-m\libgcc.a
LOAD c:/ac6/systemworkbench/plugins/fr.ac6.mcu.externaltools.arm-none.win32_1.17.0.201812190825/tools/compiler/bin/../lib/gcc/arm-none-eabi/7.3.1/../../../../arm-none-eabi/lib/thumb/v7-m\libc_nano.a
LOAD c:/ac6/systemworkbench/plugins/fr.ac6.mcu.externaltools.arm-none.win32_1.17.0.201812190825/tools/compiler/bin/../lib/gcc/arm-none-eabi/7.3.1/../../../../arm-none-eabi/lib/thumb/v7-m\libnosys.a
END GROUP
START GROUP
LOAD c:/ac6/systemworkbench/plugins/fr.ac6.mcu.externaltools.arm-none.win32_1.17.0.201812190825/tools/compiler/bin/../lib/gcc/arm-none-eabi/7.3.1/thumb/v7-m\libgcc.a
LOAD c:/ac6/systemworkbench/plugins/fr.ac6.mcu.externaltools.arm-none.win32_1.17.0.201812190825/tools/compiler/bin/../lib/gcc/arm-none-eabi/7.3.1/../../../../arm-none-eabi/lib/thumb/v7-m\libc_nano.a
LOAD c:/ac6/systemworkbench/plugins/fr.ac6.mcu.externaltools.arm-none.win32_1.17.0.201812190825/tools/compiler/bin/../lib/gcc/arm-none-eabi/7.3.1/../../../../arm-none-eabi/lib/thumb/v7-m\libnosys.a
END GROUP
LOAD c:/ac6/systemworkbench/plugins/fr.ac6.mcu.externaltools.arm-none.win32_1.17.0.201812190825/tools/compiler/bin/../lib/gcc/arm-none-eabi/7.3.1/thumb/v7-m/crtend.o
LOAD c:/ac6/systemworkbench/plugins/fr.ac6.mcu.externaltools.arm-none.win32_1.17.0.201812190825/tools/compiler/bin/../lib/gcc/arm-none-eabi/7.3.1/thumb/v7-m/crtn.o
                0x20005000                _estack = 0x20005000
                0x00000200                _Min_Heap_Size = 0x200
                0x00000400                _Min_Stack_Size = 0x400

.isr_vector     0x08000000      0x10c
                0x08000000                . = ALIGN (0x4)
 *(.isr_vector)
 .isr_vector    0x08000000      0x10c startup/startup_stm32f103xb.o
                0x08000000                g_pfnVectors
                0x0800010c                . = ALIGN (0x4)

.text           0x08000110     0x74f0
                0x08000110                . = ALIGN (0x4)
 *(.text)
 .text          0x08000110       0x40 c:/ac6/systemworkbench/plugins/fr.ac6.mcu.externaltools.arm-none.win32_1.17.0.201812190825/tools/compiler/bin/../lib/gcc/arm-none-eabi/7.3.1/thumb/v7-m/crtbegin.o
 .text          0x08000150      0x378 c:/ac6/systemworkbench/plugins/fr.ac6.mcu.externaltools.arm-none.win32_1.17.0.201812190825/tools/compiler/bin/../lib/gcc/arm-none-eabi/7.3.1/thumb/v7-m\libgcc.a(_arm_addsubdf3.o)
                0x08000150                __aeabi_drsub
                0x08000158                __aeabi_dsub
                0x08000158                __subdf3
                0x0800015c                __aeabi_dadd
                0x0800015c                __adddf3
                0x080003d4                __floatunsidf
                0x080003d4                __aeabi_ui2d
                0x080003f4                __floatsidf
                0x080003f4                __aeabi_i2d
                0x08000418                __aeabi_f2d
                0x08000418                __extendsfdf2
                0x0800045c                __floatundidf
                0x0800045c                __aeabi_ul2d
                0x0800046c                __floatdidf
                0x0800046c                __aeabi_l2d
 .text          0x080004c8      0x424 c:/ac6/systemworkbench/plugins/fr.ac6.mcu.externaltools.arm-none.win32_1.17.0.201812190825/tools/compiler/bin/../lib/gcc/arm-none-eabi/7.3.1/thumb/v7-m\libgcc.a(_arm_muldivdf3.o)
                0x080004c8                __aeabi_dmul
                0x080004c8                __muldf3
                0x0800071c                __divdf3
                0x0800071c                __aeabi_ddiv
 .text          0x080008ec      0x110 c:/ac6/systemworkbench/plugins/fr.ac6.mcu.externaltools.arm-none.win32_1.17.0.201812190825/tools/compiler/bin/../lib/gcc/arm-none-eabi/7.3.1/thumb/v7-m\libgcc.a(_arm_cmpdf2.o)
                0x080008ec                __gtdf2
                0x080008ec                __gedf2
                0x080008f4                __ltdf2
                0x080008f4                __ledf2
                0x080008fc                __nedf2
                0x080008fc                __eqdf2
                0x080008fc                __cmpdf2
                0x08000978                __aeabi_cdrcmple
                0x08000988                __aeabi_cdcmpeq
                0x08000988                __aeabi_cdcmple
                0x08000998                __aeabi_dcmpeq
                0x080009ac                __aeabi_dcmplt
                0x080009c0                __aeabi_dcmple
                0x080009d4                __aeabi_dcmpge
                0x080009e8                __aeabi_dcmpgt
 .text          0x080009fc       0x2c c:/ac6/systemworkbench/plugins/fr.ac6.mcu.externaltools.arm-none.win32_1.17.0.201812190825/tools/compiler/bin/../lib/gcc/arm-none-eabi/7.3.1/thumb/v7-m\libgcc.a(_arm_unorddf2.o)
                0x080009fc                __unorddf2
                0x080009fc                __aeabi_dcmpun
 .text          0x08000a28       0x40 c:/ac6/systemworkbench/plugins/fr.ac6.mcu.externaltools.arm-none.win32_1.17.0.201812190825/tools/compiler/bin/../lib/gcc/arm-none-eabi/7.3.1/thumb/v7-m\libgcc.a(_arm_fixunsdfsi.o)
                0x08000a28                __aeabi_d2uiz
                0x08000a28                __fixunsdfsi
 .text          0x08000a68      0x21c c:/ac6/systemworkbench/plugins/fr.ac6.mcu.externaltools.arm-none.win32_1.17.0.201812190825/tools/compiler/bin/../lib/gcc/arm-none-eabi/7.3.1/thumb/v7-m\libgcc.a(_arm_addsubsf3.o)
                0x08000a68                __aeabi_frsub
                0x08000a70                __subsf3
                0x08000a70                __aeabi_fsub
                0x08000a74                __aeabi_fadd
                0x08000a74                __addsf3
                0x08000bd4                __aeabi_ui2f
                0x08000bd4                __floatunsisf
                0x08000bdc                __aeabi_i2f
                0x08000bdc                __floatsisf
                0x08000bf8                __aeabi_ul2f
                0x08000bf8                __floatundisf
                0x08000c08                __aeabi_l2f
                0x08000c08                __floatdisf
 .text          0x08000c84      0x2a0 c:/ac6/systemworkbench/plugins/fr.ac6.mcu.externaltools.arm-none.win32_1.17.0.201812190825/tools/compiler/bin/../lib/gcc/arm-none-eabi/7.3.1/thumb/v7-m\libgcc.a(_arm_muldivsf3.o)
                0x08000c84                __mulsf3
                0x08000c84                __aeabi_fmul
                0x08000dec                __aeabi_fdiv
                0x08000dec                __divsf3
 .text          0x08000f24       0xec c:/ac6/systemworkbench/plugins/fr.ac6.mcu.externaltools.arm-none.win32_1.17.0.201812190825/tools/compiler/bin/../lib/gcc/arm-none-eabi/7.3.1/thumb/v7-m\libgcc.a(_arm_cmpsf2.o)
                0x08000f24                __gesf2
                0x08000f24                __gtsf2
                0x08000f2c                __lesf2
                0x08000f2c                __ltsf2
                0x08000f34                __nesf2
                0x08000f34                __eqsf2
                0x08000f34                __cmpsf2
                0x08000f94                __aeabi_cfrcmple
                0x08000f9c                __aeabi_cfcmpeq
                0x08000f9c                __aeabi_cfcmple
                0x08000fac                __aeabi_fcmpeq
                0x08000fc0                __aeabi_fcmplt
                0x08000fd4                __aeabi_fcmple
                0x08000fe8                __aeabi_fcmpge
                0x08000ffc                __aeabi_fcmpgt
 .text          0x08001010       0x4c c:/ac6/systemworkbench/plugins/fr.ac6.mcu.externaltools.arm-none.win32_1.17.0.201812190825/tools/compiler/bin/../lib/gcc/arm-none-eabi/7.3.1/thumb/v7-m\libgcc.a(_arm_fixsfsi.o)
                0x08001010                __aeabi_f2iz
                0x08001010                __fixsfsi
 .text          0x0800105c       0x40 c:/ac6/systemworkbench/plugins/fr.ac6.mcu.externaltools.arm-none.win32_1.17.0.201812190825/tools/compiler/bin/../lib/gcc/arm-none-eabi/7.3.1/thumb/v7-m\libgcc.a(_arm_fixunssfsi.o)
                0x0800105c                __fixunssfsi
                0x0800105c                __aeabi_f2uiz
 .text          0x0800109c       0x10 c:/ac6/systemworkbench/plugins/fr.ac6.mcu.externaltools.arm-none.win32_1.17.0.201812190825/tools/compiler/bin/../lib/gcc/arm-none-eabi/7.3.1/../../../../arm-none-eabi/lib/thumb/v7-m\libc_nano.a(lib_a-strlen.o)
                0x0800109c                strlen
 *(.text*)
 .text.HAL_InitTick
                0x080010ac       0x48 Drivers/STM32F1xx_HAL_Driver/Src/stm32f1xx_hal.o
                0x080010ac                HAL_InitTick
 .text.HAL_Init
                0x080010f4       0x24 Drivers/STM32F1xx_HAL_Driver/Src/stm32f1xx_hal.o
                0x080010f4                HAL_Init
 .text.HAL_IncTick
                0x08001118       0x18 Drivers/STM32F1xx_HAL_Driver/Src/stm32f1xx_hal.o
                0x08001118                HAL_IncTick
 .text.HAL_GetTick
                0x08001130        0xc Drivers/STM32F1xx_HAL_Driver/Src/stm32f1xx_hal.o
                0x08001130                HAL_GetTick
 .text.ADC_DMAConvCplt
                0x0800113c       0x52 Drivers/STM32F1xx_HAL_Driver/Src/stm32f1xx_hal_adc.o
                0x0800113c                ADC_DMAConvCplt
 .text.HAL_ADC_ConvHalfCpltCallback
                0x0800118e        0x2 Drivers/STM32F1xx_HAL_Driver/Src/stm32f1xx_hal_adc.o
                0x0800118e                HAL_ADC_ConvHalfCpltCallback
 .text.ADC_DMAHalfConvCplt
                0x08001190        0xa Drivers/STM32F1xx_HAL_Driver/Src/stm32f1xx_hal_adc.o
                0x08001190                ADC_DMAHalfConvCplt
 .text.HAL_ADC_LevelOutOfWindowCallback
                0x0800119a        0x2 Drivers/STM32F1xx_HAL_Driver/Src/stm32f1xx_hal_adc.o
                0x0800119a                HAL_ADC_LevelOutOfWindowCallback
 .text.HAL_ADC_IRQHandler
                0x0800119c      0x10c Drivers/STM32F1xx_HAL_Driver/Src/stm32f1xx_hal_adc.o
                0x0800119c                HAL_ADC_IRQHandler
 .text.HAL_ADC_ErrorCallback
                0x080012a8        0x2 Drivers/STM32F1xx_HAL_Driver/Src/stm32f1xx_hal_adc.o
                0x080012a8                HAL_ADC_ErrorCallback
 .text.ADC_DMAError
                0x080012aa       0x1a Drivers/STM32F1xx_HAL_Driver/Src/stm32f1xx_hal_adc.o
                0x080012aa                ADC_DMAError
 .text.HAL_ADC_ConfigChannel
                0x080012c4      0x138 Drivers/STM32F1xx_HAL_Driver/Src/stm32f1xx_hal_adc.o
                0x080012c4                HAL_ADC_ConfigChannel
 .text.ADC_Enable
                0x080013fc       0x80 Drivers/STM32F1xx_HAL_Driver/Src/stm32f1xx_hal_adc.o
                0x080013fc                ADC_Enable
 .text.HAL_ADC_Start_DMA
                0x0800147c      0x130 Drivers/STM32F1xx_HAL_Driver/Src/stm32f1xx_hal_adc.o
                0x0800147c                HAL_ADC_Start_DMA
 .text.ADC_ConversionStop_Disable
                0x080015ac       0x4c Drivers/STM32F1xx_HAL_Driver/Src/stm32f1xx_hal_adc.o
                0x080015ac                ADC_ConversionStop_Disable
 .text.HAL_ADC_Init
                0x080015f8      0x110 Drivers/STM32F1xx_HAL_Driver/Src/stm32f1xx_hal_adc.o
                0x080015f8                HAL_ADC_Init
 .text.HAL_ADCEx_InjectedConvCpltCallback
                0x08001708        0x2 Drivers/STM32F1xx_HAL_Driver/Src/stm32f1xx_hal_adc_ex.o
                0x08001708                HAL_ADCEx_InjectedConvCpltCallback
 .text.HAL_CAN_ConfigFilter
                0x0800170a      0x106 Drivers/STM32F1xx_HAL_Driver/Src/stm32f1xx_hal_can.o
                0x0800170a                HAL_CAN_ConfigFilter
 .text.HAL_CAN_Init
                0x08001810      0x136 Drivers/STM32F1xx_HAL_Driver/Src/stm32f1xx_hal_can.o
                0x08001810                HAL_CAN_Init
 .text.HAL_CAN_Transmit_IT
                0x08001946      0x15e Drivers/STM32F1xx_HAL_Driver/Src/stm32f1xx_hal_can.o
                0x08001946                HAL_CAN_Transmit_IT
 .text.HAL_CAN_Receive_IT
                0x08001aa4      0x128 Drivers/STM32F1xx_HAL_Driver/Src/stm32f1xx_hal_can.o
                0x08001aa4                HAL_CAN_Receive_IT
 .text.HAL_CAN_TxCpltCallback
                0x08001bcc        0x2 Drivers/STM32F1xx_HAL_Driver/Src/stm32f1xx_hal_can.o
                0x08001bcc                HAL_CAN_TxCpltCallback
 .text.CAN_Transmit_IT
                0x08001bce       0x5a Drivers/STM32F1xx_HAL_Driver/Src/stm32f1xx_hal_can.o
 .text.HAL_CAN_RxCpltCallback
                0x08001c28        0x2 Drivers/STM32F1xx_HAL_Driver/Src/stm32f1xx_hal_can.o
                0x08001c28                HAL_CAN_RxCpltCallback
 .text.CAN_Receive_IT
                0x08001c2a      0x170 Drivers/STM32F1xx_HAL_Driver/Src/stm32f1xx_hal_can.o
 *fill*         0x08001d9a        0x2 
 .text.HAL_CAN_IRQHandler
                0x08001d9c      0x1fc Drivers/STM32F1xx_HAL_Driver/Src/stm32f1xx_hal_can.o
                0x08001d9c                HAL_CAN_IRQHandler
 .text.HAL_NVIC_SetPriorityGrouping
                0x08001f98       0x24 Drivers/STM32F1xx_HAL_Driver/Src/stm32f1xx_hal_cortex.o
                0x08001f98                HAL_NVIC_SetPriorityGrouping
 .text.HAL_NVIC_SetPriority
                0x08001fbc       0x68 Drivers/STM32F1xx_HAL_Driver/Src/stm32f1xx_hal_cortex.o
                0x08001fbc                HAL_NVIC_SetPriority
 .text.HAL_NVIC_EnableIRQ
                0x08002024       0x18 Drivers/STM32F1xx_HAL_Driver/Src/stm32f1xx_hal_cortex.o
                0x08002024                HAL_NVIC_EnableIRQ
 .text.HAL_SYSTICK_Config
                0x0800203c       0x2c Drivers/STM32F1xx_HAL_Driver/Src/stm32f1xx_hal_cortex.o
                0x0800203c                HAL_SYSTICK_Config
 .text.HAL_SYSTICK_CLKSourceConfig
                0x08002068       0x20 Drivers/STM32F1xx_HAL_Driver/Src/stm32f1xx_hal_cortex.o
                0x08002068                HAL_SYSTICK_CLKSourceConfig
 .text.HAL_SYSTICK_Callback
                0x08002088        0x2 Drivers/STM32F1xx_HAL_Driver/Src/stm32f1xx_hal_cortex.o
                0x08002088                HAL_SYSTICK_Callback
 .text.HAL_SYSTICK_IRQHandler
                0x0800208a        0x8 Drivers/STM32F1xx_HAL_Driver/Src/stm32f1xx_hal_cortex.o
                0x0800208a                HAL_SYSTICK_IRQHandler
 .text.DMA_SetConfig
                0x08002092       0x2c Drivers/STM32F1xx_HAL_Driver/Src/stm32f1xx_hal_dma.o
 *fill*         0x080020be        0x2 
 .text.HAL_DMA_Init
                0x080020c0       0x78 Drivers/STM32F1xx_HAL_Driver/Src/stm32f1xx_hal_dma.o
                0x080020c0                HAL_DMA_Init
 .text.HAL_DMA_Start_IT
                0x08002138       0x74 Drivers/STM32F1xx_HAL_Driver/Src/stm32f1xx_hal_dma.o
                0x08002138                HAL_DMA_Start_IT
 .text.HAL_DMA_IRQHandler
                0x080021ac      0x144 Drivers/STM32F1xx_HAL_Driver/Src/stm32f1xx_hal_dma.o
                0x080021ac                HAL_DMA_IRQHandler
 .text.FLASH_SetErrorCode
                0x080022f0       0x74 Drivers/STM32F1xx_HAL_Driver/Src/stm32f1xx_hal_flash.o
 .text.HAL_FLASH_Unlock
                0x08002364       0x34 Drivers/STM32F1xx_HAL_Driver/Src/stm32f1xx_hal_flash.o
                0x08002364                HAL_FLASH_Unlock
 .text.FLASH_WaitForLastOperation
                0x08002398       0x6c Drivers/STM32F1xx_HAL_Driver/Src/stm32f1xx_hal_flash.o
                0x08002398                FLASH_WaitForLastOperation
 .text.HAL_GPIO_Init
                0x08002404      0x1d4 Drivers/STM32F1xx_HAL_Driver/Src/stm32f1xx_hal_gpio.o
                0x08002404                HAL_GPIO_Init
 .text.HAL_GPIO_ReadPin
                0x080025d8        0xe Drivers/STM32F1xx_HAL_Driver/Src/stm32f1xx_hal_gpio.o
                0x080025d8                HAL_GPIO_ReadPin
 .text.HAL_GPIO_WritePin
                0x080025e6        0xc Drivers/STM32F1xx_HAL_Driver/Src/stm32f1xx_hal_gpio.o
                0x080025e6                HAL_GPIO_WritePin
 .text.HAL_GPIO_EXTI_Callback
                0x080025f2        0x2 Drivers/STM32F1xx_HAL_Driver/Src/stm32f1xx_hal_gpio.o
                0x080025f2                HAL_GPIO_EXTI_Callback
 .text.HAL_GPIO_EXTI_IRQHandler
                0x080025f4       0x1c Drivers/STM32F1xx_HAL_Driver/Src/stm32f1xx_hal_gpio.o
                0x080025f4                HAL_GPIO_EXTI_IRQHandler
 .text.RCC_Delay
                0x08002610       0x2c Drivers/STM32F1xx_HAL_Driver/Src/stm32f1xx_hal_rcc.o
 .text.HAL_RCC_OscConfig
                0x0800263c      0x3dc Drivers/STM32F1xx_HAL_Driver/Src/stm32f1xx_hal_rcc.o
                0x0800263c                HAL_RCC_OscConfig
 .text.HAL_RCC_GetSysClockFreq
                0x08002a18       0x70 Drivers/STM32F1xx_HAL_Driver/Src/stm32f1xx_hal_rcc.o
                0x08002a18                HAL_RCC_GetSysClockFreq
 .text.HAL_RCC_ClockConfig
                0x08002a88      0x178 Drivers/STM32F1xx_HAL_Driver/Src/stm32f1xx_hal_rcc.o
                0x08002a88                HAL_RCC_ClockConfig
 .text.HAL_RCC_GetHCLKFreq
                0x08002c00        0xc Drivers/STM32F1xx_HAL_Driver/Src/stm32f1xx_hal_rcc.o
                0x08002c00                HAL_RCC_GetHCLKFreq
 .text.HAL_RCC_GetPCLK1Freq
                0x08002c0c       0x20 Drivers/STM32F1xx_HAL_Driver/Src/stm32f1xx_hal_rcc.o
                0x08002c0c                HAL_RCC_GetPCLK1Freq
 .text.HAL_RCC_GetPCLK2Freq
                0x08002c2c       0x20 Drivers/STM32F1xx_HAL_Driver/Src/stm32f1xx_hal_rcc.o
                0x08002c2c                HAL_RCC_GetPCLK2Freq
 .text.HAL_RCCEx_PeriphCLKConfig
                0x08002c4c      0x114 Drivers/STM32F1xx_HAL_Driver/Src/stm32f1xx_hal_rcc_ex.o
                0x08002c4c                HAL_RCCEx_PeriphCLKConfig
 .text.SPI_WaitFlagStateUntilTimeout
                0x08002d60       0x96 Drivers/STM32F1xx_HAL_Driver/Src/stm32f1xx_hal_spi.o
 .text.SPI_CheckFlag_BSY
                0x08002df6       0x28 Drivers/STM32F1xx_HAL_Driver/Src/stm32f1xx_hal_spi.o
 .text.HAL_SPI_TransmitReceive
                0x08002e1e      0x238 Drivers/STM32F1xx_HAL_Driver/Src/stm32f1xx_hal_spi.o
                0x08002e1e                HAL_SPI_TransmitReceive
 .text.HAL_SPI_Init
                0x08003056       0x82 Drivers/STM32F1xx_HAL_Driver/Src/stm32f1xx_hal_spi_ex.o
                0x08003056                HAL_SPI_Init
 .text.TIM_TI1_ConfigInputStage
                0x080030d8       0x24 Drivers/STM32F1xx_HAL_Driver/Src/stm32f1xx_hal_tim.o
 .text.TIM_TI2_ConfigInputStage
                0x080030fc       0x26 Drivers/STM32F1xx_HAL_Driver/Src/stm32f1xx_hal_tim.o
 .text.TIM_ITRx_SetConfig
                0x08003122       0x10 Drivers/STM32F1xx_HAL_Driver/Src/stm32f1xx_hal_tim.o
 .text.TIM_ETR_SetConfig
                0x08003132       0x16 Drivers/STM32F1xx_HAL_Driver/Src/stm32f1xx_hal_tim.o
 .text.HAL_TIM_Base_Start_IT
                0x08003148       0x18 Drivers/STM32F1xx_HAL_Driver/Src/stm32f1xx_hal_tim.o
                0x08003148                HAL_TIM_Base_Start_IT
 .text.HAL_TIM_ConfigClockSource
                0x08003160      0x108 Drivers/STM32F1xx_HAL_Driver/Src/stm32f1xx_hal_tim.o
                0x08003160                HAL_TIM_ConfigClockSource
 .text.HAL_TIM_PeriodElapsedCallback
                0x08003268        0x2 Drivers/STM32F1xx_HAL_Driver/Src/stm32f1xx_hal_tim.o
                0x08003268                HAL_TIM_PeriodElapsedCallback
 .text.HAL_TIM_OC_DelayElapsedCallback
                0x0800326a        0x2 Drivers/STM32F1xx_HAL_Driver/Src/stm32f1xx_hal_tim.o
                0x0800326a                HAL_TIM_OC_DelayElapsedCallback
 .text.HAL_TIM_IC_CaptureCallback
                0x0800326c        0x2 Drivers/STM32F1xx_HAL_Driver/Src/stm32f1xx_hal_tim.o
                0x0800326c                HAL_TIM_IC_CaptureCallback
 .text.HAL_TIM_PWM_PulseFinishedCallback
                0x0800326e        0x2 Drivers/STM32F1xx_HAL_Driver/Src/stm32f1xx_hal_tim.o
                0x0800326e                HAL_TIM_PWM_PulseFinishedCallback
 .text.HAL_TIM_TriggerCallback
                0x08003270        0x2 Drivers/STM32F1xx_HAL_Driver/Src/stm32f1xx_hal_tim.o
                0x08003270                HAL_TIM_TriggerCallback
 .text.HAL_TIM_IRQHandler
                0x08003272      0x17a Drivers/STM32F1xx_HAL_Driver/Src/stm32f1xx_hal_tim.o
                0x08003272                HAL_TIM_IRQHandler
 .text.TIM_Base_SetConfig
                0x080033ec       0x74 Drivers/STM32F1xx_HAL_Driver/Src/stm32f1xx_hal_tim.o
                0x080033ec                TIM_Base_SetConfig
 .text.HAL_TIM_Base_Init
                0x08003460       0x32 Drivers/STM32F1xx_HAL_Driver/Src/stm32f1xx_hal_tim.o
                0x08003460                HAL_TIM_Base_Init
 .text.HAL_TIMEx_MasterConfigSynchronization
                0x08003492       0x52 Drivers/STM32F1xx_HAL_Driver/Src/stm32f1xx_hal_tim_ex.o
                0x08003492                HAL_TIMEx_MasterConfigSynchronization
 .text.HAL_TIMEx_CommutationCallback
                0x080034e4        0x2 Drivers/STM32F1xx_HAL_Driver/Src/stm32f1xx_hal_tim_ex.o
                0x080034e4                HAL_TIMEx_CommutationCallback
 .text.HAL_TIMEx_BreakCallback
                0x080034e6        0x2 Drivers/STM32F1xx_HAL_Driver/Src/stm32f1xx_hal_tim_ex.o
                0x080034e6                HAL_TIMEx_BreakCallback
 .text.UART_EndTxTransfer
                0x080034e8       0x12 Drivers/STM32F1xx_HAL_Driver/Src/stm32f1xx_hal_uart.o
 .text.UART_EndRxTransfer
                0x080034fa       0x1c Drivers/STM32F1xx_HAL_Driver/Src/stm32f1xx_hal_uart.o
 *fill*         0x08003516        0x2 
 .text.UART_SetConfig
                0x08003518      0x1ac Drivers/STM32F1xx_HAL_Driver/Src/stm32f1xx_hal_uart.o
 .text.UART_WaitOnFlagUntilTimeout
                0x080036c4       0x62 Drivers/STM32F1xx_HAL_Driver/Src/stm32f1xx_hal_uart.o
 .text.HAL_UART_Init
                0x08003726       0x5e Drivers/STM32F1xx_HAL_Driver/Src/stm32f1xx_hal_uart.o
                0x08003726                HAL_UART_Init
 .text.HAL_HalfDuplex_Init
                0x08003784       0x6a Drivers/STM32F1xx_HAL_Driver/Src/stm32f1xx_hal_uart.o
                0x08003784                HAL_HalfDuplex_Init
 .text.HAL_UART_Transmit
                0x080037ee       0xe0 Drivers/STM32F1xx_HAL_Driver/Src/stm32f1xx_hal_uart.o
                0x080037ee                HAL_UART_Transmit
 .text.HAL_UART_Receive
                0x080038ce       0xe4 Drivers/STM32F1xx_HAL_Driver/Src/stm32f1xx_hal_uart.o
                0x080038ce                HAL_UART_Receive
 *fill*         0x080039b2        0x2 
 .text.HAL_UART_Receive_DMA
                0x080039b4       0xa8 Drivers/STM32F1xx_HAL_Driver/Src/stm32f1xx_hal_uart.o
                0x080039b4                HAL_UART_Receive_DMA
 .text.HAL_UART_DMAPause
                0x08003a5c       0x70 Drivers/STM32F1xx_HAL_Driver/Src/stm32f1xx_hal_uart.o
                0x08003a5c                HAL_UART_DMAPause
 .text.HAL_UART_DMAResume
                0x08003acc       0x76 Drivers/STM32F1xx_HAL_Driver/Src/stm32f1xx_hal_uart.o
                0x08003acc                HAL_UART_DMAResume
 .text.HAL_UART_RxCpltCallback
                0x08003b42        0x2 Drivers/STM32F1xx_HAL_Driver/Src/stm32f1xx_hal_uart.o
                0x08003b42                HAL_UART_RxCpltCallback
 .text.UART_DMAReceiveCplt
                0x08003b44       0x3e Drivers/STM32F1xx_HAL_Driver/Src/stm32f1xx_hal_uart.o
 .text.HAL_UART_RxHalfCpltCallback
                0x08003b82        0x2 Drivers/STM32F1xx_HAL_Driver/Src/stm32f1xx_hal_uart.o
                0x08003b82                HAL_UART_RxHalfCpltCallback
 .text.UART_DMARxHalfCplt
                0x08003b84        0xa Drivers/STM32F1xx_HAL_Driver/Src/stm32f1xx_hal_uart.o
 .text.HAL_UART_ErrorCallback
                0x08003b8e        0x2 Drivers/STM32F1xx_HAL_Driver/Src/stm32f1xx_hal_uart.o
                0x08003b8e                HAL_UART_ErrorCallback
 .text.UART_DMAError
                0x08003b90       0x58 Drivers/STM32F1xx_HAL_Driver/Src/stm32f1xx_hal_uart.o
 .text.BMS_init
                0x08003be8       0xd0 Src/BMS.o
                0x08003be8                BMS_init
 .text.BMS_convert
                0x08003cb8      0x154 Src/BMS.o
                0x08003cb8                BMS_convert
 .text.BMS_monitoring
                0x08003e0c       0xcc Src/BMS.o
                0x08003e0c                BMS_monitoring
 .text.BMS_error
                0x08003ed8      0x1a4 Src/BMS.o
                0x08003ed8                BMS_error
 .text.can_buf  0x0800407c       0x22 Src/BMS.o
                0x0800407c                can_buf
 *fill*         0x0800409e        0x2 
 .text.BMS_can  0x080040a0      0x198 Src/BMS.o
                0x080040a0                BMS_can
 .text.USART_DMA_Init
                0x08004238       0x30 Src/DMA_USART.o
                0x08004238                USART_DMA_Init
 .text.DMA_IrqHandler
                0x08004268       0xac Src/DMA_USART.o
                0x08004268                DMA_IrqHandler
 .text.USART_IrqHandler
                0x08004314       0x32 Src/DMA_USART.o
                0x08004314                USART_IrqHandler
 *fill*         0x08004346        0x2 
 .text.LTC_T_convert
                0x08004348       0xb0 Src/LTC6804.o
 .text.LTC_pec  0x080043f8       0x44 Src/LTC6804.o
                0x080043f8                LTC_pec
 .text.LTC_pec2
                0x0800443c       0x70 Src/LTC6804.o
                0x0800443c                LTC_pec2
 .text.LTC_CS   0x080044ac       0x3c Src/LTC6804.o
                0x080044ac                LTC_CS
 .text.LTC6804_spi
                0x080044e8       0x34 Src/LTC6804.o
                0x080044e8                LTC6804_spi
 .text.LTC_transmit_recieve
                0x0800451c       0xc2 Src/LTC6804.o
                0x0800451c                LTC_transmit_recieve
 .text.LTC_make_command
                0x080045de       0xa0 Src/LTC6804.o
                0x080045de                LTC_make_command
 *fill*         0x0800467e        0x2 
 .text.LTC_send_command
                0x08004680      0x254 Src/LTC6804.o
                0x08004680                LTC_send_command
 .text.LTC_init
                0x080048d4       0x4a Src/LTC6804.o
                0x080048d4                LTC_init
 .text.LTC_wait
                0x0800491e       0x24 Src/LTC6804.o
                0x0800491e                LTC_wait
 *fill*         0x08004942        0x6 
 .text.LTC_set_balance_flag
                0x08004948       0x70 Src/LTC6804.o
                0x08004948                LTC_set_balance_flag
 .text.LTC_reset_balance_flag
                0x080049b8       0x16 Src/LTC6804.o
                0x080049b8                LTC_reset_balance_flag
 .text.LTC_balance
                0x080049ce       0x14 Src/LTC6804.o
                0x080049ce                LTC_balance
 *fill*         0x080049e2        0x2 
 .text.LTC_SOC  0x080049e4      0x154 Src/LTC6804.o
                0x080049e4                LTC_SOC
 .text.LTC_read
                0x08004b38      0x146 Src/LTC6804.o
                0x08004b38                LTC_read
 *fill*         0x08004c7e        0x2 
 .text.MX_ADC1_Init
                0x08004c80       0xdc Src/adc.o
                0x08004c80                MX_ADC1_Init
 .text.HAL_ADC_MspInit
                0x08004d5c       0xac Src/adc.o
                0x08004d5c                HAL_ADC_MspInit
 .text.initRxMes
                0x08004e08       0x22 Src/can.o
 *fill*         0x08004e2a        0x2 
 .text.MX_CAN_Init
                0x08004e2c       0x48 Src/can.o
                0x08004e2c                MX_CAN_Init
 .text.HAL_CAN_MspInit
                0x08004e74       0x7c Src/can.o
                0x08004e74                HAL_CAN_MspInit
 .text.CAN_Config_Filter
                0x08004ef0       0x48 Src/can.o
                0x08004ef0                CAN_Config_Filter
 .text.CAN_Config_Frames
                0x08004f38       0x34 Src/can.o
                0x08004f38                CAN_Config_Frames
 .text.CAN_Receive_IT
                0x08004f6c       0x20 Src/can.o
                0x08004f6c                CAN_Receive_IT
 .text.CAN_Transmit
                0x08004f8c       0x58 Src/can.o
                0x08004f8c                CAN_Transmit
 .text.HAL_CAN_ErrorCallback
                0x08004fe4       0x30 Src/can.o
                0x08004fe4                HAL_CAN_ErrorCallback
 .text.MX_DMA_Init
                0x08005014       0x44 Src/dma.o
                0x08005014                MX_DMA_Init
 .text.DWT_Delay_Init
                0x08005058       0x44 Src/dwt_stm32_delay.o
                0x08005058                DWT_Delay_Init
 .text.EE_FindValidPage
                0x0800509c       0x50 Src/eeprom.o
 .text.EE_VerifyPageFullWriteVariable
                0x080050ec       0x54 Src/eeprom.o
 .text.EE_Format
                0x08005140       0x34 Src/eeprom.o
 .text.EE_ReadVariable
                0x08005174       0x44 Src/eeprom.o
                0x08005174                EE_ReadVariable
 .text.EE_Init  0x080051b8      0x184 Src/eeprom.o
                0x080051b8                EE_Init
 .text.EE_PageTransfer
                0x0800533c       0xac Src/eeprom.o
 .text.EE_WriteVariable
                0x080053e8       0x1a Src/eeprom.o
                0x080053e8                EE_WriteVariable
 *fill*         0x08005402        0x2 
 .text.FLASH_ErasePage
                0x08005404       0x4c Src/flash.o
                0x08005404                FLASH_ErasePage
 .text.FLASH_ProgramHalfWord
                0x08005450       0x40 Src/flash.o
                0x08005450                FLASH_ProgramHalfWord
 .text.MX_GPIO_Init
                0x08005490      0x130 Src/gpio.o
                0x08005490                MX_GPIO_Init
 .text.filter   0x080055c0       0x20 Src/main.o
                0x080055c0                filter
 .text.HAL_ADC_ConvCpltCallback
                0x080055e0       0x9c Src/main.o
                0x080055e0                HAL_ADC_ConvCpltCallback
 .text._Error_Handler
                0x0800567c        0x2 Src/main.o
                0x0800567c                _Error_Handler
 *fill*         0x0800567e        0x2 
 .text.SystemClock_Config
                0x08005680       0xa0 Src/main.o
                0x08005680                SystemClock_Config
 .text.main     0x08005720       0xd4 Src/main.o
                0x08005720                main
 .text.sendCommand
                0x080057f4       0x40 Src/nextion.o
                0x080057f4                sendCommand
 .text.recvRetCommandFinished
                0x08005834       0x54 Src/nextion.o
                0x08005834                recvRetCommandFinished
 .text.NexPageShow
                0x08005888       0x2c Src/nextion.o
                0x08005888                NexPageShow
 .text.NexScrollingTextSetText
                0x080058b4       0x50 Src/nextion.o
                0x080058b4                NexScrollingTextSetText
 .text.NexScrollingTextSetPic
                0x08005904       0x30 Src/nextion.o
                0x08005904                NexScrollingTextSetPic
 .text.NexPictureSetPic
                0x08005934       0x30 Src/nextion.o
                0x08005934                NexPictureSetPic
 .text.NexNumberSetValue
                0x08005964       0x30 Src/nextion.o
                0x08005964                NexNumberSetValue
 .text.NexXfloatSetCollor
                0x08005994       0x30 Src/nextion.o
                0x08005994                NexXfloatSetCollor
 .text.NexXfloatSetValue
                0x080059c4       0x30 Src/nextion.o
                0x080059c4                NexXfloatSetValue
 .text.NexWaveformAdd
                0x080059f4       0x38 Src/nextion.o
                0x080059f4                NexWaveformAdd
 .text.NexProgressBarSetValue
                0x08005a2c       0x30 Src/nextion.o
                0x08005a2c                NexProgressBarSetValue
 .text.NexVariableSetValue
                0x08005a5c       0x30 Src/nextion.o
                0x08005a5c                NexVariableSetValue
 .text.cmpfunc  0x08005a8c        0x8 Src/nextion_functions.o
                0x08005a8c                cmpfunc
 .text.uart3MessageReceived
                0x08005a94      0x100 Src/nextion_functions.o
                0x08005a94                uart3MessageReceived
 .text.nexLoop  0x08005b94      0x438 Src/nextion_functions.o
                0x08005b94                nexLoop
 .text.MX_SPI1_Init
                0x08005fcc       0x50 Src/spi.o
                0x08005fcc                MX_SPI1_Init
 .text.HAL_SPI_MspInit
                0x0800601c       0x58 Src/spi.o
                0x0800601c                HAL_SPI_MspInit
 .text.HAL_MspInit
                0x08006074       0xa0 Src/stm32f1xx_hal_msp.o
                0x08006074                HAL_MspInit
 .text.NMI_Handler
                0x08006114        0x2 Src/stm32f1xx_it.o
                0x08006114                NMI_Handler
 *fill*         0x08006116        0x2 
 .text.HardFault_Handler
                0x08006118       0x24 Src/stm32f1xx_it.o
                0x08006118                HardFault_Handler
 .text.MemManage_Handler
                0x0800613c        0x2 Src/stm32f1xx_it.o
                0x0800613c                MemManage_Handler
 .text.BusFault_Handler
                0x0800613e        0x2 Src/stm32f1xx_it.o
                0x0800613e                BusFault_Handler
 .text.UsageFault_Handler
                0x08006140        0x2 Src/stm32f1xx_it.o
                0x08006140                UsageFault_Handler
 .text.SVC_Handler
                0x08006142        0x2 Src/stm32f1xx_it.o
                0x08006142                SVC_Handler
 .text.DebugMon_Handler
                0x08006144        0x2 Src/stm32f1xx_it.o
                0x08006144                DebugMon_Handler
 .text.PendSV_Handler
                0x08006146        0x2 Src/stm32f1xx_it.o
                0x08006146                PendSV_Handler
 .text.SysTick_Handler
                0x08006148        0xc Src/stm32f1xx_it.o
                0x08006148                SysTick_Handler
 .text.DMA1_Channel1_IRQHandler
                0x08006154       0x10 Src/stm32f1xx_it.o
                0x08006154                DMA1_Channel1_IRQHandler
 .text.DMA1_Channel3_IRQHandler
                0x08006164       0x14 Src/stm32f1xx_it.o
                0x08006164                DMA1_Channel3_IRQHandler
 .text.ADC1_2_IRQHandler
                0x08006178       0x10 Src/stm32f1xx_it.o
                0x08006178                ADC1_2_IRQHandler
 .text.USB_HP_CAN1_TX_IRQHandler
                0x08006188       0x10 Src/stm32f1xx_it.o
                0x08006188                USB_HP_CAN1_TX_IRQHandler
 .text.USB_LP_CAN1_RX0_IRQHandler
                0x08006198       0x10 Src/stm32f1xx_it.o
                0x08006198                USB_LP_CAN1_RX0_IRQHandler
 .text.EXTI9_5_IRQHandler
                0x080061a8        0xc Src/stm32f1xx_it.o
                0x080061a8                EXTI9_5_IRQHandler
 .text.TIM3_IRQHandler
                0x080061b4       0x10 Src/stm32f1xx_it.o
                0x080061b4                TIM3_IRQHandler
 .text.TIM4_IRQHandler
                0x080061c4       0x70 Src/stm32f1xx_it.o
                0x080061c4                TIM4_IRQHandler
 .text.USART3_IRQHandler
                0x08006234       0x20 Src/stm32f1xx_it.o
                0x08006234                USART3_IRQHandler
 .text.EXTI15_10_IRQHandler
                0x08006254        0xc Src/stm32f1xx_it.o
                0x08006254                EXTI15_10_IRQHandler
 .text.SystemInit
                0x08006260       0x4c Src/system_stm32f1xx.o
                0x08006260                SystemInit
 .text.MX_TIM3_Init
                0x080062ac       0x78 Src/tim.o
                0x080062ac                MX_TIM3_Init
 .text.MX_TIM4_Init
                0x08006324       0x74 Src/tim.o
                0x08006324                MX_TIM4_Init
 .text.HAL_TIM_Base_MspInit
                0x08006398       0x70 Src/tim.o
                0x08006398                HAL_TIM_Base_MspInit
 .text.MX_USART1_UART_Init
                0x08006408       0x3c Src/usart.o
                0x08006408                MX_USART1_UART_Init
 .text.MX_USART3_UART_Init
                0x08006444       0x3c Src/usart.o
                0x08006444                MX_USART3_UART_Init
 .text.HAL_UART_MspInit
                0x08006480       0xe4 Src/usart.o
                0x08006480                HAL_UART_MspInit
 .text.Reset_Handler
                0x08006564       0x48 startup/startup_stm32f103xb.o
                0x08006564                Reset_Handler
 .text.Default_Handler
                0x080065ac        0x2 startup/startup_stm32f103xb.o
                0x080065ac                RTC_Alarm_IRQHandler
                0x080065ac                EXTI2_IRQHandler
                0x080065ac                TIM1_CC_IRQHandler
                0x080065ac                PVD_IRQHandler
                0x080065ac                EXTI3_IRQHandler
                0x080065ac                EXTI0_IRQHandler
                0x080065ac                I2C2_EV_IRQHandler
                0x080065ac                SPI1_IRQHandler
                0x080065ac                TAMPER_IRQHandler
                0x080065ac                DMA1_Channel4_IRQHandler
                0x080065ac                RTC_IRQHandler
                0x080065ac                DMA1_Channel7_IRQHandler
                0x080065ac                CAN1_RX1_IRQHandler
                0x080065ac                I2C1_EV_IRQHandler
                0x080065ac                DMA1_Channel6_IRQHandler
                0x080065ac                RCC_IRQHandler
                0x080065ac                TIM1_TRG_COM_IRQHandler
                0x080065ac                Default_Handler
                0x080065ac                SPI2_IRQHandler
                0x080065ac                DMA1_Channel5_IRQHandler
                0x080065ac                EXTI4_IRQHandler
                0x080065ac                TIM1_UP_IRQHandler
                0x080065ac                WWDG_IRQHandler
                0x080065ac                TIM2_IRQHandler
                0x080065ac                TIM1_BRK_IRQHandler
                0x080065ac                EXTI1_IRQHandler
                0x080065ac                USART2_IRQHandler
                0x080065ac                I2C2_ER_IRQHandler
                0x080065ac                DMA1_Channel2_IRQHandler
                0x080065ac                CAN1_SCE_IRQHandler
                0x080065ac                FLASH_IRQHandler
                0x080065ac                USART1_IRQHandler
                0x080065ac                I2C1_ER_IRQHandler
                0x080065ac                USBWakeUp_IRQHandler
 *fill*         0x080065ae        0x2 
 .text.log      0x080065b0       0xfc c:/ac6/systemworkbench/plugins/fr.ac6.mcu.externaltools.arm-none.win32_1.17.0.201812190825/tools/compiler/bin/../lib/gcc/arm-none-eabi/7.3.1/../../../../arm-none-eabi/lib/thumb/v7-m\libm.a(lib_a-w_log.o)
                0x080065b0                log
 *fill*         0x080066ac        0x4 
 .text.__ieee754_log
                0x080066b0      0x394 c:/ac6/systemworkbench/plugins/fr.ac6.mcu.externaltools.arm-none.win32_1.17.0.201812190825/tools/compiler/bin/../lib/gcc/arm-none-eabi/7.3.1/../../../../arm-none-eabi/lib/thumb/v7-m\libm.a(lib_a-e_log.o)
                0x080066b0                __ieee754_log
 .text.matherr  0x08006a44        0x4 c:/ac6/systemworkbench/plugins/fr.ac6.mcu.externaltools.arm-none.win32_1.17.0.201812190825/tools/compiler/bin/../lib/gcc/arm-none-eabi/7.3.1/../../../../arm-none-eabi/lib/thumb/v7-m\libm.a(lib_a-s_matherr.o)
                0x08006a44                matherr
 .text.nan      0x08006a48        0xc c:/ac6/systemworkbench/plugins/fr.ac6.mcu.externaltools.arm-none.win32_1.17.0.201812190825/tools/compiler/bin/../lib/gcc/arm-none-eabi/7.3.1/../../../../arm-none-eabi/lib/thumb/v7-m\libm.a(lib_a-s_nan.o)
                0x08006a48                nan
 .text.calloc   0x08006a54       0x10 c:/ac6/systemworkbench/plugins/fr.ac6.mcu.externaltools.arm-none.win32_1.17.0.201812190825/tools/compiler/bin/../lib/gcc/arm-none-eabi/7.3.1/../../../../arm-none-eabi/lib/thumb/v7-m\libc_nano.a(lib_a-calloc.o)
                0x08006a54                calloc
 .text.__errno  0x08006a64        0xc c:/ac6/systemworkbench/plugins/fr.ac6.mcu.externaltools.arm-none.win32_1.17.0.201812190825/tools/compiler/bin/../lib/gcc/arm-none-eabi/7.3.1/../../../../arm-none-eabi/lib/thumb/v7-m\libc_nano.a(lib_a-errno.o)
                0x08006a64                __errno
 .text.__libc_init_array
                0x08006a70       0x48 c:/ac6/systemworkbench/plugins/fr.ac6.mcu.externaltools.arm-none.win32_1.17.0.201812190825/tools/compiler/bin/../lib/gcc/arm-none-eabi/7.3.1/../../../../arm-none-eabi/lib/thumb/v7-m\libc_nano.a(lib_a-init.o)
                0x08006a70                __libc_init_array
 .text.memcpy   0x08006ab8       0x16 c:/ac6/systemworkbench/plugins/fr.ac6.mcu.externaltools.arm-none.win32_1.17.0.201812190825/tools/compiler/bin/../lib/gcc/arm-none-eabi/7.3.1/../../../../arm-none-eabi/lib/thumb/v7-m\libc_nano.a(lib_a-memcpy-stub.o)
                0x08006ab8                memcpy
 .text.memset   0x08006ace       0x10 c:/ac6/systemworkbench/plugins/fr.ac6.mcu.externaltools.arm-none.win32_1.17.0.201812190825/tools/compiler/bin/../lib/gcc/arm-none-eabi/7.3.1/../../../../arm-none-eabi/lib/thumb/v7-m\libc_nano.a(lib_a-memset.o)
                0x08006ace                memset
 .text._calloc_r
                0x08006ade       0x1c c:/ac6/systemworkbench/plugins/fr.ac6.mcu.externaltools.arm-none.win32_1.17.0.201812190825/tools/compiler/bin/../lib/gcc/arm-none-eabi/7.3.1/../../../../arm-none-eabi/lib/thumb/v7-m\libc_nano.a(lib_a-nano-callocr.o)
                0x08006ade                _calloc_r
 *fill*         0x08006afa        0x2 
 .text._malloc_r
                0x08006afc       0xb4 c:/ac6/systemworkbench/plugins/fr.ac6.mcu.externaltools.arm-none.win32_1.17.0.201812190825/tools/compiler/bin/../lib/gcc/arm-none-eabi/7.3.1/../../../../arm-none-eabi/lib/thumb/v7-m\libc_nano.a(lib_a-nano-mallocr.o)
                0x08006afc                _malloc_r
 .text.swapfunc
                0x08006bb0       0x32 c:/ac6/systemworkbench/plugins/fr.ac6.mcu.externaltools.arm-none.win32_1.17.0.201812190825/tools/compiler/bin/../lib/gcc/arm-none-eabi/7.3.1/../../../../arm-none-eabi/lib/thumb/v7-m\libc_nano.a(lib_a-qsort.o)
 .text.med3.isra.1
                0x08006be2       0x3e c:/ac6/systemworkbench/plugins/fr.ac6.mcu.externaltools.arm-none.win32_1.17.0.201812190825/tools/compiler/bin/../lib/gcc/arm-none-eabi/7.3.1/../../../../arm-none-eabi/lib/thumb/v7-m\libc_nano.a(lib_a-qsort.o)
 .text.qsort    0x08006c20      0x24e c:/ac6/systemworkbench/plugins/fr.ac6.mcu.externaltools.arm-none.win32_1.17.0.201812190825/tools/compiler/bin/../lib/gcc/arm-none-eabi/7.3.1/../../../../arm-none-eabi/lib/thumb/v7-m\libc_nano.a(lib_a-qsort.o)
                0x08006c20                qsort
 *fill*         0x08006e6e        0x2 
 .text._sbrk_r  0x08006e70       0x20 c:/ac6/systemworkbench/plugins/fr.ac6.mcu.externaltools.arm-none.win32_1.17.0.201812190825/tools/compiler/bin/../lib/gcc/arm-none-eabi/7.3.1/../../../../arm-none-eabi/lib/thumb/v7-m\libc_nano.a(lib_a-sbrkr.o)
                0x08006e70                _sbrk_r
 .text.sprintf  0x08006e90       0x40 c:/ac6/systemworkbench/plugins/fr.ac6.mcu.externaltools.arm-none.win32_1.17.0.201812190825/tools/compiler/bin/../lib/gcc/arm-none-eabi/7.3.1/../../../../arm-none-eabi/lib/thumb/v7-m\libc_nano.a(lib_a-sprintf.o)
                0x08006e90                siprintf
                0x08006e90                sprintf
 .text.__malloc_lock
                0x08006ed0        0x2 c:/ac6/systemworkbench/plugins/fr.ac6.mcu.externaltools.arm-none.win32_1.17.0.201812190825/tools/compiler/bin/../lib/gcc/arm-none-eabi/7.3.1/../../../../arm-none-eabi/lib/thumb/v7-m\libc_nano.a(lib_a-mlock.o)
                0x08006ed0                __malloc_lock
 .text.__malloc_unlock
                0x08006ed2        0x2 c:/ac6/systemworkbench/plugins/fr.ac6.mcu.externaltools.arm-none.win32_1.17.0.201812190825/tools/compiler/bin/../lib/gcc/arm-none-eabi/7.3.1/../../../../arm-none-eabi/lib/thumb/v7-m\libc_nano.a(lib_a-mlock.o)
                0x08006ed2                __malloc_unlock
 .text.__ssputs_r
                0x08006ed4       0xb4 c:/ac6/systemworkbench/plugins/fr.ac6.mcu.externaltools.arm-none.win32_1.17.0.201812190825/tools/compiler/bin/../lib/gcc/arm-none-eabi/7.3.1/../../../../arm-none-eabi/lib/thumb/v7-m\libc_nano.a(lib_a-nano-svfprintf.o)
                0x08006ed4                __ssputs_r
 .text._svfprintf_r
                0x08006f88      0x1f0 c:/ac6/systemworkbench/plugins/fr.ac6.mcu.externaltools.arm-none.win32_1.17.0.201812190825/tools/compiler/bin/../lib/gcc/arm-none-eabi/7.3.1/../../../../arm-none-eabi/lib/thumb/v7-m\libc_nano.a(lib_a-nano-svfprintf.o)
                0x08006f88                _svfiprintf_r
                0x08006f88                _svfprintf_r
 .text._printf_common
                0x08007178       0xec c:/ac6/systemworkbench/plugins/fr.ac6.mcu.externaltools.arm-none.win32_1.17.0.201812190825/tools/compiler/bin/../lib/gcc/arm-none-eabi/7.3.1/../../../../arm-none-eabi/lib/thumb/v7-m\libc_nano.a(lib_a-nano-vfprintf_i.o)
                0x08007178                _printf_common
 .text._printf_i
                0x08007264      0x224 c:/ac6/systemworkbench/plugins/fr.ac6.mcu.externaltools.arm-none.win32_1.17.0.201812190825/tools/compiler/bin/../lib/gcc/arm-none-eabi/7.3.1/../../../../arm-none-eabi/lib/thumb/v7-m\libc_nano.a(lib_a-nano-vfprintf_i.o)
                0x08007264                _printf_i
 .text.memchr   0x08007488       0x1c c:/ac6/systemworkbench/plugins/fr.ac6.mcu.externaltools.arm-none.win32_1.17.0.201812190825/tools/compiler/bin/../lib/gcc/arm-none-eabi/7.3.1/../../../../arm-none-eabi/lib/thumb/v7-m\libc_nano.a(lib_a-memchr-stub.o)
                0x08007488                memchr
 .text.memmove  0x080074a4       0x32 c:/ac6/systemworkbench/plugins/fr.ac6.mcu.externaltools.arm-none.win32_1.17.0.201812190825/tools/compiler/bin/../lib/gcc/arm-none-eabi/7.3.1/../../../../arm-none-eabi/lib/thumb/v7-m\libc_nano.a(lib_a-memmove.o)
                0x080074a4                memmove
 *fill*         0x080074d6        0x2 
 .text._free_r  0x080074d8       0x98 c:/ac6/systemworkbench/plugins/fr.ac6.mcu.externaltools.arm-none.win32_1.17.0.201812190825/tools/compiler/bin/../lib/gcc/arm-none-eabi/7.3.1/../../../../arm-none-eabi/lib/thumb/v7-m\libc_nano.a(lib_a-nano-freer.o)
                0x080074d8                _free_r
 .text._realloc_r
                0x08007570       0x4c c:/ac6/systemworkbench/plugins/fr.ac6.mcu.externaltools.arm-none.win32_1.17.0.201812190825/tools/compiler/bin/../lib/gcc/arm-none-eabi/7.3.1/../../../../arm-none-eabi/lib/thumb/v7-m\libc_nano.a(lib_a-nano-reallocr.o)
                0x08007570                _realloc_r
 .text._malloc_usable_size_r
                0x080075bc       0x10 c:/ac6/systemworkbench/plugins/fr.ac6.mcu.externaltools.arm-none.win32_1.17.0.201812190825/tools/compiler/bin/../lib/gcc/arm-none-eabi/7.3.1/../../../../arm-none-eabi/lib/thumb/v7-m\libc_nano.a(lib_a-nano-msizer.o)
                0x080075bc                _malloc_usable_size_r
 .text._sbrk    0x080075cc       0x1c c:/ac6/systemworkbench/plugins/fr.ac6.mcu.externaltools.arm-none.win32_1.17.0.201812190825/tools/compiler/bin/../lib/gcc/arm-none-eabi/7.3.1/../../../../arm-none-eabi/lib/thumb/v7-m\libnosys.a(sbrk.o)
                0x080075cc                _sbrk
 *(.glue_7)
 .glue_7        0x080075e8        0x0 linker stubs
 *(.glue_7t)
 .glue_7t       0x080075e8        0x0 linker stubs
 *(.eh_frame)
 .eh_frame      0x080075e8        0x0 c:/ac6/systemworkbench/plugins/fr.ac6.mcu.externaltools.arm-none.win32_1.17.0.201812190825/tools/compiler/bin/../lib/gcc/arm-none-eabi/7.3.1/thumb/v7-m/crtbegin.o
 *(.init)
 .init          0x080075e8        0x4 c:/ac6/systemworkbench/plugins/fr.ac6.mcu.externaltools.arm-none.win32_1.17.0.201812190825/tools/compiler/bin/../lib/gcc/arm-none-eabi/7.3.1/thumb/v7-m/crti.o
                0x080075e8                _init
 .init          0x080075ec        0x8 c:/ac6/systemworkbench/plugins/fr.ac6.mcu.externaltools.arm-none.win32_1.17.0.201812190825/tools/compiler/bin/../lib/gcc/arm-none-eabi/7.3.1/thumb/v7-m/crtn.o
 *(.fini)
 .fini          0x080075f4        0x4 c:/ac6/systemworkbench/plugins/fr.ac6.mcu.externaltools.arm-none.win32_1.17.0.201812190825/tools/compiler/bin/../lib/gcc/arm-none-eabi/7.3.1/thumb/v7-m/crti.o
                0x080075f4                _fini
 .fini          0x080075f8        0x8 c:/ac6/systemworkbench/plugins/fr.ac6.mcu.externaltools.arm-none.win32_1.17.0.201812190825/tools/compiler/bin/../lib/gcc/arm-none-eabi/7.3.1/thumb/v7-m/crtn.o
                0x08007600                . = ALIGN (0x4)
                0x08007600                _etext = .

.vfp11_veneer   0x08007600        0x0
 .vfp11_veneer  0x08007600        0x0 linker stubs

.v4_bx          0x08007600        0x0
 .v4_bx         0x08007600        0x0 linker stubs

.iplt           0x08007600        0x0
 .iplt          0x08007600        0x0 c:/ac6/systemworkbench/plugins/fr.ac6.mcu.externaltools.arm-none.win32_1.17.0.201812190825/tools/compiler/bin/../lib/gcc/arm-none-eabi/7.3.1/thumb/v7-m/crtbegin.o

.rodata         0x08007600      0x3b0
                0x08007600                . = ALIGN (0x4)
 *(.rodata)
 .rodata        0x08007600       0x12 Drivers/STM32F1xx_HAL_Driver/Src/stm32f1xx_hal_rcc.o
 *fill*         0x08007612        0x2 
 .rodata        0x08007614       0x50 Src/BMS.o
 .rodata        0x08007664       0x20 Src/main.o
 .rodata        0x08007684       0x18 Src/system_stm32f1xx.o
                0x08007684                AHBPrescTable
                0x08007694                APBPrescTable
 *(.rodata*)
 .rodata.str1.4
                0x0800769c        0xd Src/adc.o
 *fill*         0x080076a9        0x3 
 .rodata.str1.4
                0x080076ac        0xd Src/can.o
 *fill*         0x080076b9        0x3 
 .rodata.str1.4
                0x080076bc        0xe Src/main.o
 *fill*         0x080076ca        0x2 
 .rodata.str1.4
                0x080076cc      0x1b6 Src/nextion.o
                                0x1ba (size before relaxing)
 *fill*         0x08007882        0x2 
 .rodata.str1.4
                0x08007884       0x58 Src/nextion_functions.o
 .rodata.str1.4
                0x080078dc        0xd Src/spi.o
 *fill*         0x080078e9        0x3 
 .rodata.str1.4
                0x080078ec        0xd Src/tim.o
 *fill*         0x080078f9        0x3 
 .rodata.str1.4
                0x080078fc       0x7a Src/usart.o
 *fill*         0x08007976        0x2 
 .rodata.log.str1.4
                0x08007978        0x4 c:/ac6/systemworkbench/plugins/fr.ac6.mcu.externaltools.arm-none.win32_1.17.0.201812190825/tools/compiler/bin/../lib/gcc/arm-none-eabi/7.3.1/../../../../arm-none-eabi/lib/thumb/v7-m\libm.a(lib_a-w_log.o)
                                  0x5 (size before relaxing)
 .rodata._svfprintf_r.str1.1
                0x0800797c       0x11 c:/ac6/systemworkbench/plugins/fr.ac6.mcu.externaltools.arm-none.win32_1.17.0.201812190825/tools/compiler/bin/../lib/gcc/arm-none-eabi/7.3.1/../../../../arm-none-eabi/lib/thumb/v7-m\libc_nano.a(lib_a-nano-svfprintf.o)
 .rodata._printf_i.str1.1
                0x0800798d       0x22 c:/ac6/systemworkbench/plugins/fr.ac6.mcu.externaltools.arm-none.win32_1.17.0.201812190825/tools/compiler/bin/../lib/gcc/arm-none-eabi/7.3.1/../../../../arm-none-eabi/lib/thumb/v7-m\libc_nano.a(lib_a-nano-vfprintf_i.o)
                0x080079b0                . = ALIGN (0x4)
 *fill*         0x080079af        0x1 

.rel.dyn        0x080079b0        0x0
 .rel.iplt      0x080079b0        0x0 c:/ac6/systemworkbench/plugins/fr.ac6.mcu.externaltools.arm-none.win32_1.17.0.201812190825/tools/compiler/bin/../lib/gcc/arm-none-eabi/7.3.1/thumb/v7-m/crtbegin.o

.ARM.extab
 *(.ARM.extab* .gnu.linkonce.armextab.*)

.ARM            0x080079b0        0x0
                0x080079b0                __exidx_start = .
 *(.ARM.exidx*)
                0x080079b0                __exidx_end = .

.preinit_array  0x080079b0        0x0
                0x080079b0                PROVIDE (__preinit_array_start = .)
 *(.preinit_array*)
                0x080079b0                PROVIDE (__preinit_array_end = .)

.init_array     0x080079b0        0x4
                0x080079b0                PROVIDE (__init_array_start = .)
 *(SORT_BY_NAME(.init_array.*))
 *(.init_array*)
 .init_array    0x080079b0        0x4 c:/ac6/systemworkbench/plugins/fr.ac6.mcu.externaltools.arm-none.win32_1.17.0.201812190825/tools/compiler/bin/../lib/gcc/arm-none-eabi/7.3.1/thumb/v7-m/crtbegin.o
                0x080079b4                PROVIDE (__init_array_end = .)

.fini_array     0x080079b4        0x4
                [!provide]                PROVIDE (__fini_array_start = .)
 *(SORT_BY_NAME(.fini_array.*))
 *(.fini_array*)
 .fini_array    0x080079b4        0x4 c:/ac6/systemworkbench/plugins/fr.ac6.mcu.externaltools.arm-none.win32_1.17.0.201812190825/tools/compiler/bin/../lib/gcc/arm-none-eabi/7.3.1/thumb/v7-m/crtbegin.o
                [!provide]                PROVIDE (__fini_array_end = .)
                0x080079b8                _sidata = LOADADDR (.data)

.data           0x20000000      0x298 load address 0x080079b8
                0x20000000                . = ALIGN (0x4)
                0x20000000                _sdata = .
 *(.data)
 .data          0x20000000        0x8 Drivers/STM32F1xx_HAL_Driver/Src/stm32f1xx_hal.o
                0x20000000                uwTickFreq
                0x20000004                uwTickPrio
 .data          0x20000008      0x218 Src/LTC6804.o
                0x20000008                PEC_TABLE
                0x20000208                SOC_LOOKUP
                0x2000021e                CRC15_POLY
 .data          0x20000220        0x6 Src/main.o
                0x20000220                VirtAddVarTab
 *fill*         0x20000226        0x2 
 .data          0x20000228        0x3 Src/nextion.o
                0x20000228                ENDTERMS
 *fill*         0x2000022b        0x1 
 .data          0x2000022c        0x4 Src/system_stm32f1xx.o
                0x2000022c                SystemCoreClock
 *(.data*)
 .data.__fdlib_version
                0x20000230        0x1 c:/ac6/systemworkbench/plugins/fr.ac6.mcu.externaltools.arm-none.win32_1.17.0.201812190825/tools/compiler/bin/../lib/gcc/arm-none-eabi/7.3.1/../../../../arm-none-eabi/lib/thumb/v7-m\libm.a(lib_a-s_lib_ver.o)
                0x20000230                __fdlib_version
 *fill*         0x20000231        0x3 
 .data._impure_ptr
                0x20000234        0x4 c:/ac6/systemworkbench/plugins/fr.ac6.mcu.externaltools.arm-none.win32_1.17.0.201812190825/tools/compiler/bin/../lib/gcc/arm-none-eabi/7.3.1/../../../../arm-none-eabi/lib/thumb/v7-m\libc_nano.a(lib_a-impure.o)
                0x20000234                _impure_ptr
 .data.impure_data
                0x20000238       0x60 c:/ac6/systemworkbench/plugins/fr.ac6.mcu.externaltools.arm-none.win32_1.17.0.201812190825/tools/compiler/bin/../lib/gcc/arm-none-eabi/7.3.1/../../../../arm-none-eabi/lib/thumb/v7-m\libc_nano.a(lib_a-impure.o)
                0x20000298                . = ALIGN (0x4)
                0x20000298                _edata = .

.igot.plt       0x20000298        0x0 load address 0x08007c50
 .igot.plt      0x20000298        0x0 c:/ac6/systemworkbench/plugins/fr.ac6.mcu.externaltools.arm-none.win32_1.17.0.201812190825/tools/compiler/bin/../lib/gcc/arm-none-eabi/7.3.1/thumb/v7-m/crtbegin.o
                0x20000298                . = ALIGN (0x4)

.bss            0x20000298      0x640 load address 0x08007c50
                0x20000298                _sbss = .
                0x20000298                __bss_start__ = _sbss
 *(.bss)
 .bss           0x20000298       0x1c c:/ac6/systemworkbench/plugins/fr.ac6.mcu.externaltools.arm-none.win32_1.17.0.201812190825/tools/compiler/bin/../lib/gcc/arm-none-eabi/7.3.1/thumb/v7-m/crtbegin.o
 .bss           0x200002b4        0x5 Src/BMS.o
                0x200002b4                flag
 *fill*         0x200002b9        0x3 
 .bss           0x200002bc       0x40 Src/can.o
 .bss           0x200002fc        0x2 Src/eeprom.o
                0x200002fc                DataVar
 *fill*         0x200002fe        0x2 
 .bss           0x20000300        0x6 Src/stm32f1xx_it.o
                0x20000300                tim
                0x20000304                len
 *(.bss*)
 *fill*         0x20000306        0x2 
 .bss.__malloc_free_list
                0x20000308        0x4 c:/ac6/systemworkbench/plugins/fr.ac6.mcu.externaltools.arm-none.win32_1.17.0.201812190825/tools/compiler/bin/../lib/gcc/arm-none-eabi/7.3.1/../../../../arm-none-eabi/lib/thumb/v7-m\libc_nano.a(lib_a-nano-mallocr.o)
                0x20000308                __malloc_free_list
 .bss.__malloc_sbrk_start
                0x2000030c        0x4 c:/ac6/systemworkbench/plugins/fr.ac6.mcu.externaltools.arm-none.win32_1.17.0.201812190825/tools/compiler/bin/../lib/gcc/arm-none-eabi/7.3.1/../../../../arm-none-eabi/lib/thumb/v7-m\libc_nano.a(lib_a-nano-mallocr.o)
                0x2000030c                __malloc_sbrk_start
 .bss.heap_end.4102
                0x20000310        0x4 c:/ac6/systemworkbench/plugins/fr.ac6.mcu.externaltools.arm-none.win32_1.17.0.201812190825/tools/compiler/bin/../lib/gcc/arm-none-eabi/7.3.1/../../../../arm-none-eabi/lib/thumb/v7-m\libnosys.a(sbrk.o)
 *(COMMON)
 COMMON         0x20000314        0x4 Drivers/STM32F1xx_HAL_Driver/Src/stm32f1xx_hal.o
                0x20000314                uwTick
 COMMON         0x20000318       0x20 Drivers/STM32F1xx_HAL_Driver/Src/stm32f1xx_hal_flash.o
                0x20000318                pFlash
 COMMON         0x20000338        0x5 Src/BMS.o
                0x20000338                NextError
 *fill*         0x2000033d        0x3 
 COMMON         0x20000340      0x200 Src/DMA_USART.o
                0x20000340                uart_user_message
                0x20000440                DMA_RX_Buffer
 COMMON         0x20000540       0x74 Src/adc.o
                0x20000540                hadc1
                0x20000570                hdma_adc1
 COMMON         0x200005b4       0x54 Src/can.o
                0x200005b4                vetTx
                0x200005bc                hcan
                0x20000600                idRx
                0x20000604                vetRx
 COMMON         0x20000608       0x2c Src/main.o
                0x20000608                debounce_flag
                0x2000060c                BMS
                0x20000610                HSEStartUpStatus
                0x20000614                adc_time
                0x20000618                actual_page
                0x20000619                accept_flag
                0x2000061a                FlashStatus
                0x2000061b                mode
                0x2000061c                accept_time
                0x2000061d                debounce_time
                0x20000620                ADC_BUF
 COMMON         0x20000634       0x58 Src/spi.o
                0x20000634                hspi1
 COMMON         0x2000068c      0x104 Src/stm32f1xx_it.o
                0x2000068c                uart_message
                0x2000078c                balance_timer
                0x2000078e                coulomb_counter_timer
 COMMON         0x20000790       0x80 Src/tim.o
                0x20000790                htim4
                0x200007d0                htim3
 COMMON         0x20000810       0xc4 Src/usart.o
                0x20000810                hdma_usart3_rx
                0x20000854                huart3
                0x20000894                huart1
 COMMON         0x200008d4        0x4 c:/ac6/systemworkbench/plugins/fr.ac6.mcu.externaltools.arm-none.win32_1.17.0.201812190825/tools/compiler/bin/../lib/gcc/arm-none-eabi/7.3.1/../../../../arm-none-eabi/lib/thumb/v7-m\libc_nano.a(lib_a-reent.o)
                0x200008d4                errno
                0x200008d8                . = ALIGN (0x4)
                0x200008d8                _ebss = .
                0x200008d8                __bss_end__ = _ebss

._user_heap_stack
                0x200008d8      0x600 load address 0x08007c50
                0x200008d8                . = ALIGN (0x8)
                0x200008d8                PROVIDE (end = .)
                [!provide]                PROVIDE (_end = .)
                0x20000ad8                . = (. + _Min_Heap_Size)
 *fill*         0x200008d8      0x200 
                0x20000ed8                . = (. + _Min_Stack_Size)
 *fill*         0x20000ad8      0x400 
                0x20000ed8                . = ALIGN (0x8)

/DISCARD/
 libc.a(*)
 libm.a(*)
 libgcc.a(*)

.ARM.attributes
                0x00000000       0x29
 *(.ARM.attributes)
 .ARM.attributes
                0x00000000       0x1d c:/ac6/systemworkbench/plugins/fr.ac6.mcu.externaltools.arm-none.win32_1.17.0.201812190825/tools/compiler/bin/../lib/gcc/arm-none-eabi/7.3.1/thumb/v7-m/crti.o
 .ARM.attributes
                0x0000001d       0x2d c:/ac6/systemworkbench/plugins/fr.ac6.mcu.externaltools.arm-none.win32_1.17.0.201812190825/tools/compiler/bin/../lib/gcc/arm-none-eabi/7.3.1/thumb/v7-m/crtbegin.o
 .ARM.attributes
                0x0000004a       0x33 Drivers/STM32F1xx_HAL_Driver/Src/stm32f1xx_hal.o
 .ARM.attributes
                0x0000007d       0x33 Drivers/STM32F1xx_HAL_Driver/Src/stm32f1xx_hal_adc.o
 .ARM.attributes
                0x000000b0       0x33 Drivers/STM32F1xx_HAL_Driver/Src/stm32f1xx_hal_adc_ex.o
 .ARM.attributes
                0x000000e3       0x33 Drivers/STM32F1xx_HAL_Driver/Src/stm32f1xx_hal_can.o
 .ARM.attributes
                0x00000116       0x33 Drivers/STM32F1xx_HAL_Driver/Src/stm32f1xx_hal_cortex.o
 .ARM.attributes
                0x00000149       0x33 Drivers/STM32F1xx_HAL_Driver/Src/stm32f1xx_hal_dma.o
 .ARM.attributes
                0x0000017c       0x33 Drivers/STM32F1xx_HAL_Driver/Src/stm32f1xx_hal_flash.o
 .ARM.attributes
                0x000001af       0x33 Drivers/STM32F1xx_HAL_Driver/Src/stm32f1xx_hal_gpio.o
 .ARM.attributes
                0x000001e2       0x33 Drivers/STM32F1xx_HAL_Driver/Src/stm32f1xx_hal_rcc.o
 .ARM.attributes
                0x00000215       0x33 Drivers/STM32F1xx_HAL_Driver/Src/stm32f1xx_hal_rcc_ex.o
 .ARM.attributes
                0x00000248       0x33 Drivers/STM32F1xx_HAL_Driver/Src/stm32f1xx_hal_spi.o
 .ARM.attributes
                0x0000027b       0x33 Drivers/STM32F1xx_HAL_Driver/Src/stm32f1xx_hal_spi_ex.o
 .ARM.attributes
                0x000002ae       0x33 Drivers/STM32F1xx_HAL_Driver/Src/stm32f1xx_hal_tim.o
 .ARM.attributes
                0x000002e1       0x33 Drivers/STM32F1xx_HAL_Driver/Src/stm32f1xx_hal_tim_ex.o
 .ARM.attributes
                0x00000314       0x33 Drivers/STM32F1xx_HAL_Driver/Src/stm32f1xx_hal_uart.o
 .ARM.attributes
                0x00000347       0x33 Src/BMS.o
 .ARM.attributes
                0x0000037a       0x33 Src/DMA_USART.o
 .ARM.attributes
                0x000003ad       0x33 Src/LTC6804.o
 .ARM.attributes
                0x000003e0       0x33 Src/adc.o
 .ARM.attributes
                0x00000413       0x33 Src/can.o
 .ARM.attributes
                0x00000446       0x33 Src/dma.o
 .ARM.attributes
                0x00000479       0x33 Src/dwt_stm32_delay.o
 .ARM.attributes
                0x000004ac       0x33 Src/eeprom.o
 .ARM.attributes
                0x000004df       0x33 Src/flash.o
 .ARM.attributes
                0x00000512       0x33 Src/gpio.o
 .ARM.attributes
                0x00000545       0x33 Src/main.o
 .ARM.attributes
                0x00000578       0x33 Src/nextion.o
 .ARM.attributes
                0x000005ab       0x33 Src/nextion_functions.o
 .ARM.attributes
                0x000005de       0x33 Src/spi.o
 .ARM.attributes
                0x00000611       0x33 Src/stm32f1xx_hal_msp.o
 .ARM.attributes
                0x00000644       0x33 Src/stm32f1xx_it.o
 .ARM.attributes
                0x00000677       0x33 Src/system_stm32f1xx.o
 .ARM.attributes
                0x000006aa       0x33 Src/tim.o
 .ARM.attributes
                0x000006dd       0x33 Src/usart.o
 .ARM.attributes
                0x00000710       0x21 startup/startup_stm32f103xb.o
 .ARM.attributes
                0x00000731       0x2d c:/ac6/systemworkbench/plugins/fr.ac6.mcu.externaltools.arm-none.win32_1.17.0.201812190825/tools/compiler/bin/../lib/gcc/arm-none-eabi/7.3.1/../../../../arm-none-eabi/lib/thumb/v7-m\libm.a(lib_a-w_log.o)
 .ARM.attributes
                0x0000075e       0x2d c:/ac6/systemworkbench/plugins/fr.ac6.mcu.externaltools.arm-none.win32_1.17.0.201812190825/tools/compiler/bin/../lib/gcc/arm-none-eabi/7.3.1/../../../../arm-none-eabi/lib/thumb/v7-m\libm.a(lib_a-e_log.o)
 .ARM.attributes
                0x0000078b       0x2d c:/ac6/systemworkbench/plugins/fr.ac6.mcu.externaltools.arm-none.win32_1.17.0.201812190825/tools/compiler/bin/../lib/gcc/arm-none-eabi/7.3.1/../../../../arm-none-eabi/lib/thumb/v7-m\libm.a(lib_a-s_lib_ver.o)
 .ARM.attributes
                0x000007b8       0x2d c:/ac6/systemworkbench/plugins/fr.ac6.mcu.externaltools.arm-none.win32_1.17.0.201812190825/tools/compiler/bin/../lib/gcc/arm-none-eabi/7.3.1/../../../../arm-none-eabi/lib/thumb/v7-m\libm.a(lib_a-s_matherr.o)
 .ARM.attributes
                0x000007e5       0x2d c:/ac6/systemworkbench/plugins/fr.ac6.mcu.externaltools.arm-none.win32_1.17.0.201812190825/tools/compiler/bin/../lib/gcc/arm-none-eabi/7.3.1/../../../../arm-none-eabi/lib/thumb/v7-m\libm.a(lib_a-s_nan.o)
 .ARM.attributes
                0x00000812       0x1d c:/ac6/systemworkbench/plugins/fr.ac6.mcu.externaltools.arm-none.win32_1.17.0.201812190825/tools/compiler/bin/../lib/gcc/arm-none-eabi/7.3.1/thumb/v7-m\libgcc.a(_arm_addsubdf3.o)
 .ARM.attributes
                0x0000082f       0x1d c:/ac6/systemworkbench/plugins/fr.ac6.mcu.externaltools.arm-none.win32_1.17.0.201812190825/tools/compiler/bin/../lib/gcc/arm-none-eabi/7.3.1/thumb/v7-m\libgcc.a(_arm_muldivdf3.o)
 .ARM.attributes
                0x0000084c       0x1d c:/ac6/systemworkbench/plugins/fr.ac6.mcu.externaltools.arm-none.win32_1.17.0.201812190825/tools/compiler/bin/../lib/gcc/arm-none-eabi/7.3.1/thumb/v7-m\libgcc.a(_arm_cmpdf2.o)
 .ARM.attributes
                0x00000869       0x1d c:/ac6/systemworkbench/plugins/fr.ac6.mcu.externaltools.arm-none.win32_1.17.0.201812190825/tools/compiler/bin/../lib/gcc/arm-none-eabi/7.3.1/thumb/v7-m\libgcc.a(_arm_unorddf2.o)
 .ARM.attributes
                0x00000886       0x1d c:/ac6/systemworkbench/plugins/fr.ac6.mcu.externaltools.arm-none.win32_1.17.0.201812190825/tools/compiler/bin/../lib/gcc/arm-none-eabi/7.3.1/thumb/v7-m\libgcc.a(_arm_fixunsdfsi.o)
 .ARM.attributes
                0x000008a3       0x1d c:/ac6/systemworkbench/plugins/fr.ac6.mcu.externaltools.arm-none.win32_1.17.0.201812190825/tools/compiler/bin/../lib/gcc/arm-none-eabi/7.3.1/thumb/v7-m\libgcc.a(_arm_addsubsf3.o)
 .ARM.attributes
                0x000008c0       0x1d c:/ac6/systemworkbench/plugins/fr.ac6.mcu.externaltools.arm-none.win32_1.17.0.201812190825/tools/compiler/bin/../lib/gcc/arm-none-eabi/7.3.1/thumb/v7-m\libgcc.a(_arm_muldivsf3.o)
 .ARM.attributes
                0x000008dd       0x1d c:/ac6/systemworkbench/plugins/fr.ac6.mcu.externaltools.arm-none.win32_1.17.0.201812190825/tools/compiler/bin/../lib/gcc/arm-none-eabi/7.3.1/thumb/v7-m\libgcc.a(_arm_cmpsf2.o)
 .ARM.attributes
                0x000008fa       0x1d c:/ac6/systemworkbench/plugins/fr.ac6.mcu.externaltools.arm-none.win32_1.17.0.201812190825/tools/compiler/bin/../lib/gcc/arm-none-eabi/7.3.1/thumb/v7-m\libgcc.a(_arm_fixsfsi.o)
 .ARM.attributes
                0x00000917       0x1d c:/ac6/systemworkbench/plugins/fr.ac6.mcu.externaltools.arm-none.win32_1.17.0.201812190825/tools/compiler/bin/../lib/gcc/arm-none-eabi/7.3.1/thumb/v7-m\libgcc.a(_arm_fixunssfsi.o)
 .ARM.attributes
                0x00000934       0x2d c:/ac6/systemworkbench/plugins/fr.ac6.mcu.externaltools.arm-none.win32_1.17.0.201812190825/tools/compiler/bin/../lib/gcc/arm-none-eabi/7.3.1/../../../../arm-none-eabi/lib/thumb/v7-m\libc_nano.a(lib_a-calloc.o)
 .ARM.attributes
                0x00000961       0x2d c:/ac6/systemworkbench/plugins/fr.ac6.mcu.externaltools.arm-none.win32_1.17.0.201812190825/tools/compiler/bin/../lib/gcc/arm-none-eabi/7.3.1/../../../../arm-none-eabi/lib/thumb/v7-m\libc_nano.a(lib_a-errno.o)
 .ARM.attributes
                0x0000098e       0x2d c:/ac6/systemworkbench/plugins/fr.ac6.mcu.externaltools.arm-none.win32_1.17.0.201812190825/tools/compiler/bin/../lib/gcc/arm-none-eabi/7.3.1/../../../../arm-none-eabi/lib/thumb/v7-m\libc_nano.a(lib_a-impure.o)
 .ARM.attributes
                0x000009bb       0x2d c:/ac6/systemworkbench/plugins/fr.ac6.mcu.externaltools.arm-none.win32_1.17.0.201812190825/tools/compiler/bin/../lib/gcc/arm-none-eabi/7.3.1/../../../../arm-none-eabi/lib/thumb/v7-m\libc_nano.a(lib_a-init.o)
 .ARM.attributes
                0x000009e8       0x2d c:/ac6/systemworkbench/plugins/fr.ac6.mcu.externaltools.arm-none.win32_1.17.0.201812190825/tools/compiler/bin/../lib/gcc/arm-none-eabi/7.3.1/../../../../arm-none-eabi/lib/thumb/v7-m\libc_nano.a(lib_a-memcpy-stub.o)
 .ARM.attributes
                0x00000a15       0x2d c:/ac6/systemworkbench/plugins/fr.ac6.mcu.externaltools.arm-none.win32_1.17.0.201812190825/tools/compiler/bin/../lib/gcc/arm-none-eabi/7.3.1/../../../../arm-none-eabi/lib/thumb/v7-m\libc_nano.a(lib_a-memset.o)
 .ARM.attributes
                0x00000a42       0x2d c:/ac6/systemworkbench/plugins/fr.ac6.mcu.externaltools.arm-none.win32_1.17.0.201812190825/tools/compiler/bin/../lib/gcc/arm-none-eabi/7.3.1/../../../../arm-none-eabi/lib/thumb/v7-m\libc_nano.a(lib_a-nano-callocr.o)
 .ARM.attributes
                0x00000a6f       0x2d c:/ac6/systemworkbench/plugins/fr.ac6.mcu.externaltools.arm-none.win32_1.17.0.201812190825/tools/compiler/bin/../lib/gcc/arm-none-eabi/7.3.1/../../../../arm-none-eabi/lib/thumb/v7-m\libc_nano.a(lib_a-nano-mallocr.o)
 .ARM.attributes
                0x00000a9c       0x2d c:/ac6/systemworkbench/plugins/fr.ac6.mcu.externaltools.arm-none.win32_1.17.0.201812190825/tools/compiler/bin/../lib/gcc/arm-none-eabi/7.3.1/../../../../arm-none-eabi/lib/thumb/v7-m\libc_nano.a(lib_a-qsort.o)
 .ARM.attributes
                0x00000ac9       0x2d c:/ac6/systemworkbench/plugins/fr.ac6.mcu.externaltools.arm-none.win32_1.17.0.201812190825/tools/compiler/bin/../lib/gcc/arm-none-eabi/7.3.1/../../../../arm-none-eabi/lib/thumb/v7-m\libc_nano.a(lib_a-sbrkr.o)
 .ARM.attributes
                0x00000af6       0x2d c:/ac6/systemworkbench/plugins/fr.ac6.mcu.externaltools.arm-none.win32_1.17.0.201812190825/tools/compiler/bin/../lib/gcc/arm-none-eabi/7.3.1/../../../../arm-none-eabi/lib/thumb/v7-m\libc_nano.a(lib_a-sprintf.o)
 .ARM.attributes
                0x00000b23       0x17 c:/ac6/systemworkbench/plugins/fr.ac6.mcu.externaltools.arm-none.win32_1.17.0.201812190825/tools/compiler/bin/../lib/gcc/arm-none-eabi/7.3.1/../../../../arm-none-eabi/lib/thumb/v7-m\libc_nano.a(lib_a-strlen.o)
 .ARM.attributes
                0x00000b3a       0x2d c:/ac6/systemworkbench/plugins/fr.ac6.mcu.externaltools.arm-none.win32_1.17.0.201812190825/tools/compiler/bin/../lib/gcc/arm-none-eabi/7.3.1/../../../../arm-none-eabi/lib/thumb/v7-m\libc_nano.a(lib_a-mlock.o)
 .ARM.attributes
                0x00000b67       0x2d c:/ac6/systemworkbench/plugins/fr.ac6.mcu.externaltools.arm-none.win32_1.17.0.201812190825/tools/compiler/bin/../lib/gcc/arm-none-eabi/7.3.1/../../../../arm-none-eabi/lib/thumb/v7-m\libc_nano.a(lib_a-nano-svfprintf.o)
 .ARM.attributes
                0x00000b94       0x2d c:/ac6/systemworkbench/plugins/fr.ac6.mcu.externaltools.arm-none.win32_1.17.0.201812190825/tools/compiler/bin/../lib/gcc/arm-none-eabi/7.3.1/../../../../arm-none-eabi/lib/thumb/v7-m\libc_nano.a(lib_a-nano-vfprintf_i.o)
 .ARM.attributes
                0x00000bc1       0x2d c:/ac6/systemworkbench/plugins/fr.ac6.mcu.externaltools.arm-none.win32_1.17.0.201812190825/tools/compiler/bin/../lib/gcc/arm-none-eabi/7.3.1/../../../../arm-none-eabi/lib/thumb/v7-m\libc_nano.a(lib_a-reent.o)
 .ARM.attributes
                0x00000bee       0x2d c:/ac6/systemworkbench/plugins/fr.ac6.mcu.externaltools.arm-none.win32_1.17.0.201812190825/tools/compiler/bin/../lib/gcc/arm-none-eabi/7.3.1/../../../../arm-none-eabi/lib/thumb/v7-m\libc_nano.a(lib_a-memchr-stub.o)
 .ARM.attributes
                0x00000c1b       0x2d c:/ac6/systemworkbench/plugins/fr.ac6.mcu.externaltools.arm-none.win32_1.17.0.201812190825/tools/compiler/bin/../lib/gcc/arm-none-eabi/7.3.1/../../../../arm-none-eabi/lib/thumb/v7-m\libc_nano.a(lib_a-memmove.o)
 .ARM.attributes
                0x00000c48       0x2d c:/ac6/systemworkbench/plugins/fr.ac6.mcu.externaltools.arm-none.win32_1.17.0.201812190825/tools/compiler/bin/../lib/gcc/arm-none-eabi/7.3.1/../../../../arm-none-eabi/lib/thumb/v7-m\libc_nano.a(lib_a-nano-freer.o)
 .ARM.attributes
                0x00000c75       0x2d c:/ac6/systemworkbench/plugins/fr.ac6.mcu.externaltools.arm-none.win32_1.17.0.201812190825/tools/compiler/bin/../lib/gcc/arm-none-eabi/7.3.1/../../../../arm-none-eabi/lib/thumb/v7-m\libc_nano.a(lib_a-nano-reallocr.o)
 .ARM.attributes
                0x00000ca2       0x2d c:/ac6/systemworkbench/plugins/fr.ac6.mcu.externaltools.arm-none.win32_1.17.0.201812190825/tools/compiler/bin/../lib/gcc/arm-none-eabi/7.3.1/../../../../arm-none-eabi/lib/thumb/v7-m\libc_nano.a(lib_a-nano-msizer.o)
 .ARM.attributes
                0x00000ccf       0x2d c:/ac6/systemworkbench/plugins/fr.ac6.mcu.externaltools.arm-none.win32_1.17.0.201812190825/tools/compiler/bin/../lib/gcc/arm-none-eabi/7.3.1/../../../../arm-none-eabi/lib/thumb/v7-m\libnosys.a(sbrk.o)
 .ARM.attributes
                0x00000cfc       0x1d c:/ac6/systemworkbench/plugins/fr.ac6.mcu.externaltools.arm-none.win32_1.17.0.201812190825/tools/compiler/bin/../lib/gcc/arm-none-eabi/7.3.1/thumb/v7-m/crtn.o
OUTPUT(BMS_2019.elf elf32-littlearm)

.debug_info     0x00000000    0x2d84b
 .debug_info    0x00000000      0xfa6 Drivers/STM32F1xx_HAL_Driver/Src/stm32f1xx_hal.o
 .debug_info    0x00000fa6     0x162a Drivers/STM32F1xx_HAL_Driver/Src/stm32f1xx_hal_adc.o
 .debug_info    0x000025d0     0x1354 Drivers/STM32F1xx_HAL_Driver/Src/stm32f1xx_hal_adc_ex.o
 .debug_info    0x00003924     0x149a Drivers/STM32F1xx_HAL_Driver/Src/stm32f1xx_hal_can.o
 .debug_info    0x00004dbe     0x1475 Drivers/STM32F1xx_HAL_Driver/Src/stm32f1xx_hal_cortex.o
 .debug_info    0x00006233     0x1014 Drivers/STM32F1xx_HAL_Driver/Src/stm32f1xx_hal_dma.o
 .debug_info    0x00007247      0xeb5 Drivers/STM32F1xx_HAL_Driver/Src/stm32f1xx_hal_flash.o
 .debug_info    0x000080fc      0xe87 Drivers/STM32F1xx_HAL_Driver/Src/stm32f1xx_hal_gpio.o
 .debug_info    0x00008f83     0x11ef Drivers/STM32F1xx_HAL_Driver/Src/stm32f1xx_hal_rcc.o
 .debug_info    0x0000a172      0xc67 Drivers/STM32F1xx_HAL_Driver/Src/stm32f1xx_hal_rcc_ex.o
 .debug_info    0x0000add9     0x214d Drivers/STM32F1xx_HAL_Driver/Src/stm32f1xx_hal_spi.o
 .debug_info    0x0000cf26      0xe25 Drivers/STM32F1xx_HAL_Driver/Src/stm32f1xx_hal_spi_ex.o
 .debug_info    0x0000dd4b     0x3660 Drivers/STM32F1xx_HAL_Driver/Src/stm32f1xx_hal_tim.o
 .debug_info    0x000113ab     0x1aa8 Drivers/STM32F1xx_HAL_Driver/Src/stm32f1xx_hal_tim_ex.o
 .debug_info    0x00012e53     0x1e7b Drivers/STM32F1xx_HAL_Driver/Src/stm32f1xx_hal_uart.o
 .debug_info    0x00014cce     0x1d67 Src/BMS.o
 .debug_info    0x00016a35      0xf53 Src/DMA_USART.o
 .debug_info    0x00017988     0x1c8c Src/LTC6804.o
 .debug_info    0x00019614     0x13ae Src/adc.o
 .debug_info    0x0001a9c2     0x1790 Src/can.o
 .debug_info    0x0001c152      0xbc4 Src/dma.o
 .debug_info    0x0001cd16      0xaf6 Src/dwt_stm32_delay.o
 .debug_info    0x0001d80c      0xf7a Src/eeprom.o
 .debug_info    0x0001e786      0xae3 Src/flash.o
 .debug_info    0x0001f269      0xe20 Src/gpio.o
 .debug_info    0x00020089     0x271f Src/main.o
 .debug_info    0x000227a8     0x237d Src/nextion.o
 .debug_info    0x00024b25     0x18d0 Src/nextion_functions.o
 .debug_info    0x000263f5     0x1070 Src/spi.o
 .debug_info    0x00027465      0xcec Src/stm32f1xx_hal_msp.o
 .debug_info    0x00028151     0x1f7b Src/stm32f1xx_it.o
 .debug_info    0x0002a0cc      0xc15 Src/system_stm32f1xx.o
 .debug_info    0x0002ace1     0x1364 Src/tim.o
 .debug_info    0x0002c045     0x1806 Src/usart.o

.debug_abbrev   0x00000000     0x60ec
 .debug_abbrev  0x00000000      0x2f4 Drivers/STM32F1xx_HAL_Driver/Src/stm32f1xx_hal.o
 .debug_abbrev  0x000002f4      0x288 Drivers/STM32F1xx_HAL_Driver/Src/stm32f1xx_hal_adc.o
 .debug_abbrev  0x0000057c      0x2d3 Drivers/STM32F1xx_HAL_Driver/Src/stm32f1xx_hal_adc_ex.o
 .debug_abbrev  0x0000084f      0x2de Drivers/STM32F1xx_HAL_Driver/Src/stm32f1xx_hal_can.o
 .debug_abbrev  0x00000b2d      0x3cd Drivers/STM32F1xx_HAL_Driver/Src/stm32f1xx_hal_cortex.o
 .debug_abbrev  0x00000efa      0x2e5 Drivers/STM32F1xx_HAL_Driver/Src/stm32f1xx_hal_dma.o
 .debug_abbrev  0x000011df      0x31a Drivers/STM32F1xx_HAL_Driver/Src/stm32f1xx_hal_flash.o
 .debug_abbrev  0x000014f9      0x2a7 Drivers/STM32F1xx_HAL_Driver/Src/stm32f1xx_hal_gpio.o
 .debug_abbrev  0x000017a0      0x335 Drivers/STM32F1xx_HAL_Driver/Src/stm32f1xx_hal_rcc.o
 .debug_abbrev  0x00001ad5      0x2b4 Drivers/STM32F1xx_HAL_Driver/Src/stm32f1xx_hal_rcc_ex.o
 .debug_abbrev  0x00001d89      0x2e1 Drivers/STM32F1xx_HAL_Driver/Src/stm32f1xx_hal_spi.o
 .debug_abbrev  0x0000206a      0x209 Drivers/STM32F1xx_HAL_Driver/Src/stm32f1xx_hal_spi_ex.o
 .debug_abbrev  0x00002273      0x2ef Drivers/STM32F1xx_HAL_Driver/Src/stm32f1xx_hal_tim.o
 .debug_abbrev  0x00002562      0x2e0 Drivers/STM32F1xx_HAL_Driver/Src/stm32f1xx_hal_tim_ex.o
 .debug_abbrev  0x00002842      0x308 Drivers/STM32F1xx_HAL_Driver/Src/stm32f1xx_hal_uart.o
 .debug_abbrev  0x00002b4a      0x3a1 Src/BMS.o
 .debug_abbrev  0x00002eeb      0x283 Src/DMA_USART.o
 .debug_abbrev  0x0000316e      0x487 Src/LTC6804.o
 .debug_abbrev  0x000035f5      0x27d Src/adc.o
 .debug_abbrev  0x00003872      0x353 Src/can.o
 .debug_abbrev  0x00003bc5      0x234 Src/dma.o
 .debug_abbrev  0x00003df9      0x1b3 Src/dwt_stm32_delay.o
 .debug_abbrev  0x00003fac      0x2a1 Src/eeprom.o
 .debug_abbrev  0x0000424d      0x231 Src/flash.o
 .debug_abbrev  0x0000447e      0x245 Src/gpio.o
 .debug_abbrev  0x000046c3      0x3db Src/main.o
 .debug_abbrev  0x00004a9e      0x353 Src/nextion.o
 .debug_abbrev  0x00004df1      0x320 Src/nextion_functions.o
 .debug_abbrev  0x00005111      0x258 Src/spi.o
 .debug_abbrev  0x00005369      0x234 Src/stm32f1xx_hal_msp.o
 .debug_abbrev  0x0000559d      0x350 Src/stm32f1xx_it.o
 .debug_abbrev  0x000058ed      0x228 Src/system_stm32f1xx.o
 .debug_abbrev  0x00005b15      0x272 Src/tim.o
 .debug_abbrev  0x00005d87      0x365 Src/usart.o

.debug_loc      0x00000000     0xda6b
 .debug_loc     0x00000000       0xfd Drivers/STM32F1xx_HAL_Driver/Src/stm32f1xx_hal.o
 .debug_loc     0x000000fd      0x9fa Drivers/STM32F1xx_HAL_Driver/Src/stm32f1xx_hal_adc.o
 .debug_loc     0x00000af7      0x798 Drivers/STM32F1xx_HAL_Driver/Src/stm32f1xx_hal_adc_ex.o
 .debug_loc     0x0000128f      0xdce Drivers/STM32F1xx_HAL_Driver/Src/stm32f1xx_hal_can.o
 .debug_loc     0x0000205d      0x5ad Drivers/STM32F1xx_HAL_Driver/Src/stm32f1xx_hal_cortex.o
 .debug_loc     0x0000260a      0x7aa Drivers/STM32F1xx_HAL_Driver/Src/stm32f1xx_hal_dma.o
 .debug_loc     0x00002db4      0x337 Drivers/STM32F1xx_HAL_Driver/Src/stm32f1xx_hal_flash.o
 .debug_loc     0x000030eb      0x44e Drivers/STM32F1xx_HAL_Driver/Src/stm32f1xx_hal_gpio.o
 .debug_loc     0x00003539      0x4f6 Drivers/STM32F1xx_HAL_Driver/Src/stm32f1xx_hal_rcc.o
 .debug_loc     0x00003a2f      0x2d0 Drivers/STM32F1xx_HAL_Driver/Src/stm32f1xx_hal_rcc_ex.o
 .debug_loc     0x00003cff     0x1958 Drivers/STM32F1xx_HAL_Driver/Src/stm32f1xx_hal_spi.o
 .debug_loc     0x00005657       0x4d Drivers/STM32F1xx_HAL_Driver/Src/stm32f1xx_hal_spi_ex.o
 .debug_loc     0x000056a4     0x367a Drivers/STM32F1xx_HAL_Driver/Src/stm32f1xx_hal_tim.o
 .debug_loc     0x00008d1e      0xf9e Drivers/STM32F1xx_HAL_Driver/Src/stm32f1xx_hal_tim_ex.o
 .debug_loc     0x00009cbc     0x1529 Drivers/STM32F1xx_HAL_Driver/Src/stm32f1xx_hal_uart.o
 .debug_loc     0x0000b1e5      0x30f Src/BMS.o
 .debug_loc     0x0000b4f4      0x154 Src/DMA_USART.o
 .debug_loc     0x0000b648      0x82e Src/LTC6804.o
 .debug_loc     0x0000be76       0x4a Src/adc.o
 .debug_loc     0x0000bec0      0x122 Src/can.o
 .debug_loc     0x0000bfe2      0x821 Src/eeprom.o
 .debug_loc     0x0000c803       0xdd Src/flash.o
 .debug_loc     0x0000c8e0       0x9c Src/main.o
 .debug_loc     0x0000c97c      0xc70 Src/nextion.o
 .debug_loc     0x0000d5ec      0x128 Src/nextion_functions.o
 .debug_loc     0x0000d714       0x5b Src/spi.o
 .debug_loc     0x0000d76f       0xdf Src/system_stm32f1xx.o
 .debug_loc     0x0000d84e       0xa6 Src/tim.o
 .debug_loc     0x0000d8f4      0x177 Src/usart.o

.debug_aranges  0x00000000     0x13e0
 .debug_aranges
                0x00000000       0xd0 Drivers/STM32F1xx_HAL_Driver/Src/stm32f1xx_hal.o
 .debug_aranges
                0x000000d0       0xf0 Drivers/STM32F1xx_HAL_Driver/Src/stm32f1xx_hal_adc.o
 .debug_aranges
                0x000001c0       0x80 Drivers/STM32F1xx_HAL_Driver/Src/stm32f1xx_hal_adc_ex.o
 .debug_aranges
                0x00000240       0xb0 Drivers/STM32F1xx_HAL_Driver/Src/stm32f1xx_hal_can.o
 .debug_aranges
                0x000002f0       0x90 Drivers/STM32F1xx_HAL_Driver/Src/stm32f1xx_hal_cortex.o
 .debug_aranges
                0x00000380       0x80 Drivers/STM32F1xx_HAL_Driver/Src/stm32f1xx_hal_dma.o
 .debug_aranges
                0x00000400       0x88 Drivers/STM32F1xx_HAL_Driver/Src/stm32f1xx_hal_flash.o
 .debug_aranges
                0x00000488       0x58 Drivers/STM32F1xx_HAL_Driver/Src/stm32f1xx_hal_gpio.o
 .debug_aranges
                0x000004e0       0x90 Drivers/STM32F1xx_HAL_Driver/Src/stm32f1xx_hal_rcc.o
 .debug_aranges
                0x00000570       0x30 Drivers/STM32F1xx_HAL_Driver/Src/stm32f1xx_hal_rcc_ex.o
 .debug_aranges
                0x000005a0      0x1d0 Drivers/STM32F1xx_HAL_Driver/Src/stm32f1xx_hal_spi.o
 .debug_aranges
                0x00000770       0x20 Drivers/STM32F1xx_HAL_Driver/Src/stm32f1xx_hal_spi_ex.o
 .debug_aranges
                0x00000790      0x368 Drivers/STM32F1xx_HAL_Driver/Src/stm32f1xx_hal_tim.o
 .debug_aranges
                0x00000af8      0x138 Drivers/STM32F1xx_HAL_Driver/Src/stm32f1xx_hal_tim_ex.o
 .debug_aranges
                0x00000c30      0x1d0 Drivers/STM32F1xx_HAL_Driver/Src/stm32f1xx_hal_uart.o
 .debug_aranges
                0x00000e00       0x48 Src/BMS.o
 .debug_aranges
                0x00000e48       0x30 Src/DMA_USART.o
 .debug_aranges
                0x00000e78       0xa0 Src/LTC6804.o
 .debug_aranges
                0x00000f18       0x30 Src/adc.o
 .debug_aranges
                0x00000f48       0x60 Src/can.o
 .debug_aranges
                0x00000fa8       0x20 Src/dma.o
 .debug_aranges
                0x00000fc8       0x20 Src/dwt_stm32_delay.o
 .debug_aranges
                0x00000fe8       0x50 Src/eeprom.o
 .debug_aranges
                0x00001038       0x28 Src/flash.o
 .debug_aranges
                0x00001060       0x20 Src/gpio.o
 .debug_aranges
                0x00001080       0x40 Src/main.o
 .debug_aranges
                0x000010c0      0x138 Src/nextion.o
 .debug_aranges
                0x000011f8       0x30 Src/nextion_functions.o
 .debug_aranges
                0x00001228       0x30 Src/spi.o
 .debug_aranges
                0x00001258       0x20 Src/stm32f1xx_hal_msp.o
 .debug_aranges
                0x00001278       0xb0 Src/stm32f1xx_it.o
 .debug_aranges
                0x00001328       0x28 Src/system_stm32f1xx.o
 .debug_aranges
                0x00001350       0x38 Src/tim.o
 .debug_aranges
                0x00001388       0x58 Src/usart.o

.debug_ranges   0x00000000     0x1348
 .debug_ranges  0x00000000       0xc0 Drivers/STM32F1xx_HAL_Driver/Src/stm32f1xx_hal.o
 .debug_ranges  0x000000c0       0xe0 Drivers/STM32F1xx_HAL_Driver/Src/stm32f1xx_hal_adc.o
 .debug_ranges  0x000001a0       0x70 Drivers/STM32F1xx_HAL_Driver/Src/stm32f1xx_hal_adc_ex.o
 .debug_ranges  0x00000210       0xa0 Drivers/STM32F1xx_HAL_Driver/Src/stm32f1xx_hal_can.o
 .debug_ranges  0x000002b0       0xe0 Drivers/STM32F1xx_HAL_Driver/Src/stm32f1xx_hal_cortex.o
 .debug_ranges  0x00000390       0x70 Drivers/STM32F1xx_HAL_Driver/Src/stm32f1xx_hal_dma.o
 .debug_ranges  0x00000400       0x78 Drivers/STM32F1xx_HAL_Driver/Src/stm32f1xx_hal_flash.o
 .debug_ranges  0x00000478       0x48 Drivers/STM32F1xx_HAL_Driver/Src/stm32f1xx_hal_gpio.o
 .debug_ranges  0x000004c0       0xa0 Drivers/STM32F1xx_HAL_Driver/Src/stm32f1xx_hal_rcc.o
 .debug_ranges  0x00000560       0x38 Drivers/STM32F1xx_HAL_Driver/Src/stm32f1xx_hal_rcc_ex.o
 .debug_ranges  0x00000598      0x1c0 Drivers/STM32F1xx_HAL_Driver/Src/stm32f1xx_hal_spi.o
 .debug_ranges  0x00000758       0x10 Drivers/STM32F1xx_HAL_Driver/Src/stm32f1xx_hal_spi_ex.o
 .debug_ranges  0x00000768      0x358 Drivers/STM32F1xx_HAL_Driver/Src/stm32f1xx_hal_tim.o
 .debug_ranges  0x00000ac0      0x128 Drivers/STM32F1xx_HAL_Driver/Src/stm32f1xx_hal_tim_ex.o
 .debug_ranges  0x00000be8      0x1c0 Drivers/STM32F1xx_HAL_Driver/Src/stm32f1xx_hal_uart.o
 .debug_ranges  0x00000da8       0x80 Src/BMS.o
 .debug_ranges  0x00000e28       0x20 Src/DMA_USART.o
 .debug_ranges  0x00000e48      0x120 Src/LTC6804.o
 .debug_ranges  0x00000f68       0x20 Src/adc.o
 .debug_ranges  0x00000f88       0x50 Src/can.o
 .debug_ranges  0x00000fd8       0x10 Src/dma.o
 .debug_ranges  0x00000fe8       0x10 Src/dwt_stm32_delay.o
 .debug_ranges  0x00000ff8       0x40 Src/eeprom.o
 .debug_ranges  0x00001038       0x18 Src/flash.o
 .debug_ranges  0x00001050       0x10 Src/gpio.o
 .debug_ranges  0x00001060       0x30 Src/main.o
 .debug_ranges  0x00001090      0x128 Src/nextion.o
 .debug_ranges  0x000011b8       0x38 Src/nextion_functions.o
 .debug_ranges  0x000011f0       0x20 Src/spi.o
 .debug_ranges  0x00001210       0x10 Src/stm32f1xx_hal_msp.o
 .debug_ranges  0x00001220       0xa0 Src/stm32f1xx_it.o
 .debug_ranges  0x000012c0       0x18 Src/system_stm32f1xx.o
 .debug_ranges  0x000012d8       0x28 Src/tim.o
 .debug_ranges  0x00001300       0x48 Src/usart.o

.debug_macro    0x00000000    0x1b6e5
 .debug_macro   0x00000000      0x34e Drivers/STM32F1xx_HAL_Driver/Src/stm32f1xx_hal.o
 .debug_macro   0x0000034e      0xa60 Drivers/STM32F1xx_HAL_Driver/Src/stm32f1xx_hal.o
 .debug_macro   0x00000dae      0x106 Drivers/STM32F1xx_HAL_Driver/Src/stm32f1xx_hal.o
 .debug_macro   0x00000eb4      0x181 Drivers/STM32F1xx_HAL_Driver/Src/stm32f1xx_hal.o
 .debug_macro   0x00001035       0x2e Drivers/STM32F1xx_HAL_Driver/Src/stm32f1xx_hal.o
 .debug_macro   0x00001063       0x22 Drivers/STM32F1xx_HAL_Driver/Src/stm32f1xx_hal.o
 .debug_macro   0x00001085       0x22 Drivers/STM32F1xx_HAL_Driver/Src/stm32f1xx_hal.o
 .debug_macro   0x000010a7       0x8e Drivers/STM32F1xx_HAL_Driver/Src/stm32f1xx_hal.o
 .debug_macro   0x00001135       0x51 Drivers/STM32F1xx_HAL_Driver/Src/stm32f1xx_hal.o
 .debug_macro   0x00001186       0xef Drivers/STM32F1xx_HAL_Driver/Src/stm32f1xx_hal.o
 .debug_macro   0x00001275       0x6a Drivers/STM32F1xx_HAL_Driver/Src/stm32f1xx_hal.o
 .debug_macro   0x000012df      0x1df Drivers/STM32F1xx_HAL_Driver/Src/stm32f1xx_hal.o
 .debug_macro   0x000014be       0x34 Drivers/STM32F1xx_HAL_Driver/Src/stm32f1xx_hal.o
 .debug_macro   0x000014f2       0x34 Drivers/STM32F1xx_HAL_Driver/Src/stm32f1xx_hal.o
 .debug_macro   0x00001526      0xb8e Drivers/STM32F1xx_HAL_Driver/Src/stm32f1xx_hal.o
 .debug_macro   0x000020b4     0xe90a Drivers/STM32F1xx_HAL_Driver/Src/stm32f1xx_hal.o
 .debug_macro   0x000109be       0x43 Drivers/STM32F1xx_HAL_Driver/Src/stm32f1xx_hal.o
 .debug_macro   0x00010a01       0x5e Drivers/STM32F1xx_HAL_Driver/Src/stm32f1xx_hal.o
 .debug_macro   0x00010a5f       0x18 Drivers/STM32F1xx_HAL_Driver/Src/stm32f1xx_hal.o
 .debug_macro   0x00010a77       0x35 Drivers/STM32F1xx_HAL_Driver/Src/stm32f1xx_hal.o
 .debug_macro   0x00010aac       0x34 Drivers/STM32F1xx_HAL_Driver/Src/stm32f1xx_hal.o
 .debug_macro   0x00010ae0       0x16 Drivers/STM32F1xx_HAL_Driver/Src/stm32f1xx_hal.o
 .debug_macro   0x00010af6       0x97 Drivers/STM32F1xx_HAL_Driver/Src/stm32f1xx_hal.o
 .debug_macro   0x00010b8d      0x330 Drivers/STM32F1xx_HAL_Driver/Src/stm32f1xx_hal.o
 .debug_macro   0x00010ebd       0xfd Drivers/STM32F1xx_HAL_Driver/Src/stm32f1xx_hal.o
 .debug_macro   0x00010fba       0x10 Drivers/STM32F1xx_HAL_Driver/Src/stm32f1xx_hal.o
 .debug_macro   0x00010fca       0x58 Drivers/STM32F1xx_HAL_Driver/Src/stm32f1xx_hal.o
 .debug_macro   0x00011022       0x1f Drivers/STM32F1xx_HAL_Driver/Src/stm32f1xx_hal.o
 .debug_macro   0x00011041       0x43 Drivers/STM32F1xx_HAL_Driver/Src/stm32f1xx_hal.o
 .debug_macro   0x00011084       0x20 Drivers/STM32F1xx_HAL_Driver/Src/stm32f1xx_hal.o
 .debug_macro   0x000110a4      0x18e Drivers/STM32F1xx_HAL_Driver/Src/stm32f1xx_hal.o
 .debug_macro   0x00011232       0x10 Drivers/STM32F1xx_HAL_Driver/Src/stm32f1xx_hal.o
 .debug_macro   0x00011242       0x1c Drivers/STM32F1xx_HAL_Driver/Src/stm32f1xx_hal.o
 .debug_macro   0x0001125e       0x52 Drivers/STM32F1xx_HAL_Driver/Src/stm32f1xx_hal.o
 .debug_macro   0x000112b0       0x40 Drivers/STM32F1xx_HAL_Driver/Src/stm32f1xx_hal.o
 .debug_macro   0x000112f0       0x10 Drivers/STM32F1xx_HAL_Driver/Src/stm32f1xx_hal.o
 .debug_macro   0x00011300       0x40 Drivers/STM32F1xx_HAL_Driver/Src/stm32f1xx_hal.o
 .debug_macro   0x00011340       0xd7 Drivers/STM32F1xx_HAL_Driver/Src/stm32f1xx_hal.o
 .debug_macro   0x00011417       0x1c Drivers/STM32F1xx_HAL_Driver/Src/stm32f1xx_hal.o
 .debug_macro   0x00011433       0x3d Drivers/STM32F1xx_HAL_Driver/Src/stm32f1xx_hal.o
 .debug_macro   0x00011470       0x16 Drivers/STM32F1xx_HAL_Driver/Src/stm32f1xx_hal.o
 .debug_macro   0x00011486      0x16f Drivers/STM32F1xx_HAL_Driver/Src/stm32f1xx_hal.o
 .debug_macro   0x000115f5       0x50 Drivers/STM32F1xx_HAL_Driver/Src/stm32f1xx_hal.o
 .debug_macro   0x00011645      0x5c2 Drivers/STM32F1xx_HAL_Driver/Src/stm32f1xx_hal.o
 .debug_macro   0x00011c07      0x28a Drivers/STM32F1xx_HAL_Driver/Src/stm32f1xx_hal.o
 .debug_macro   0x00011e91      0x1cb Drivers/STM32F1xx_HAL_Driver/Src/stm32f1xx_hal.o
 .debug_macro   0x0001205c      0x11e Drivers/STM32F1xx_HAL_Driver/Src/stm32f1xx_hal.o
 .debug_macro   0x0001217a      0x1b3 Drivers/STM32F1xx_HAL_Driver/Src/stm32f1xx_hal.o
 .debug_macro   0x0001232d       0x27 Drivers/STM32F1xx_HAL_Driver/Src/stm32f1xx_hal.o
 .debug_macro   0x00012354      0x1bc Drivers/STM32F1xx_HAL_Driver/Src/stm32f1xx_hal.o
 .debug_macro   0x00012510       0x34 Drivers/STM32F1xx_HAL_Driver/Src/stm32f1xx_hal.o
 .debug_macro   0x00012544       0x3c Drivers/STM32F1xx_HAL_Driver/Src/stm32f1xx_hal.o
 .debug_macro   0x00012580      0x3a6 Drivers/STM32F1xx_HAL_Driver/Src/stm32f1xx_hal.o
 .debug_macro   0x00012926       0x10 Drivers/STM32F1xx_HAL_Driver/Src/stm32f1xx_hal.o
 .debug_macro   0x00012936       0x74 Drivers/STM32F1xx_HAL_Driver/Src/stm32f1xx_hal.o
 .debug_macro   0x000129aa       0x57 Drivers/STM32F1xx_HAL_Driver/Src/stm32f1xx_hal.o